Archive member included to satisfy reference by file (symbol)

/usr/local/gcc-arm-none-eabi/bin/../lib/gcc/arm-none-eabi/6.3.1/../../../../arm-none-eabi/lib/thumb/v7e-m/fpv4-sp/hard/libc_nano.a(lib_a-exit.o)
                              /usr/local/gcc-arm-none-eabi/bin/../lib/gcc/arm-none-eabi/6.3.1/../../../../arm-none-eabi/lib/thumb/v7e-m/fpv4-sp/hard/crt0.o (exit)
/usr/local/gcc-arm-none-eabi/bin/../lib/gcc/arm-none-eabi/6.3.1/../../../../arm-none-eabi/lib/thumb/v7e-m/fpv4-sp/hard/libc_nano.a(lib_a-impure.o)
                              /usr/local/gcc-arm-none-eabi/bin/../lib/gcc/arm-none-eabi/6.3.1/../../../../arm-none-eabi/lib/thumb/v7e-m/fpv4-sp/hard/libc_nano.a(lib_a-exit.o) (_global_impure_ptr)
/usr/local/gcc-arm-none-eabi/bin/../lib/gcc/arm-none-eabi/6.3.1/../../../../arm-none-eabi/lib/thumb/v7e-m/fpv4-sp/hard/libc_nano.a(lib_a-init.o)
                              /usr/local/gcc-arm-none-eabi/bin/../lib/gcc/arm-none-eabi/6.3.1/../../../../arm-none-eabi/lib/thumb/v7e-m/fpv4-sp/hard/crt0.o (__libc_init_array)
/usr/local/gcc-arm-none-eabi/bin/../lib/gcc/arm-none-eabi/6.3.1/../../../../arm-none-eabi/lib/thumb/v7e-m/fpv4-sp/hard/libc_nano.a(lib_a-memset.o)
                              /usr/local/gcc-arm-none-eabi/bin/../lib/gcc/arm-none-eabi/6.3.1/../../../../arm-none-eabi/lib/thumb/v7e-m/fpv4-sp/hard/crt0.o (memset)
/usr/local/gcc-arm-none-eabi/bin/../lib/gcc/arm-none-eabi/6.3.1/../../../../arm-none-eabi/lib/thumb/v7e-m/fpv4-sp/hard/libnosys.a(_exit.o)
                              /usr/local/gcc-arm-none-eabi/bin/../lib/gcc/arm-none-eabi/6.3.1/../../../../arm-none-eabi/lib/thumb/v7e-m/fpv4-sp/hard/libc_nano.a(lib_a-exit.o) (_exit)
/usr/local/gcc-arm-none-eabi/bin/../lib/gcc/arm-none-eabi/6.3.1/thumb/v7e-m/fpv4-sp/hard/libgcc.a(_arm_addsubdf3.o)
                              _build/nrf52832_xxaa_main.c.o (__aeabi_i2d)
/usr/local/gcc-arm-none-eabi/bin/../lib/gcc/arm-none-eabi/6.3.1/thumb/v7e-m/fpv4-sp/hard/libgcc.a(_arm_fixunsdfsi.o)
                              _build/nrf52832_xxaa_main.c.o (__aeabi_d2uiz)
/usr/local/gcc-arm-none-eabi/bin/../lib/gcc/arm-none-eabi/6.3.1/../../../../arm-none-eabi/lib/thumb/v7e-m/fpv4-sp/hard/libc_nano.a(lib_a-locale.o)
                              _build/nrf52832_xxaa_nrf_log_backend_serial.c.o (__locale_ctype_ptr)
/usr/local/gcc-arm-none-eabi/bin/../lib/gcc/arm-none-eabi/6.3.1/../../../../arm-none-eabi/lib/thumb/v7e-m/fpv4-sp/hard/libc_nano.a(lib_a-malloc.o)
                              _build/nrf52832_xxaa_main.c.o (malloc)
/usr/local/gcc-arm-none-eabi/bin/../lib/gcc/arm-none-eabi/6.3.1/../../../../arm-none-eabi/lib/thumb/v7e-m/fpv4-sp/hard/libc_nano.a(lib_a-mbtowc_r.o)
                              /usr/local/gcc-arm-none-eabi/bin/../lib/gcc/arm-none-eabi/6.3.1/../../../../arm-none-eabi/lib/thumb/v7e-m/fpv4-sp/hard/libc_nano.a(lib_a-locale.o) (__ascii_mbtowc)
/usr/local/gcc-arm-none-eabi/bin/../lib/gcc/arm-none-eabi/6.3.1/../../../../arm-none-eabi/lib/thumb/v7e-m/fpv4-sp/hard/libc_nano.a(lib_a-memcpy-stub.o)
                              _build/nrf52832_xxaa_nrf_log_backend_serial.c.o (memcpy)
/usr/local/gcc-arm-none-eabi/bin/../lib/gcc/arm-none-eabi/6.3.1/../../../../arm-none-eabi/lib/thumb/v7e-m/fpv4-sp/hard/libc_nano.a(lib_a-nano-freer.o)
                              /usr/local/gcc-arm-none-eabi/bin/../lib/gcc/arm-none-eabi/6.3.1/../../../../arm-none-eabi/lib/thumb/v7e-m/fpv4-sp/hard/libc_nano.a(lib_a-malloc.o) (_free_r)
/usr/local/gcc-arm-none-eabi/bin/../lib/gcc/arm-none-eabi/6.3.1/../../../../arm-none-eabi/lib/thumb/v7e-m/fpv4-sp/hard/libc_nano.a(lib_a-nano-mallocr.o)
                              /usr/local/gcc-arm-none-eabi/bin/../lib/gcc/arm-none-eabi/6.3.1/../../../../arm-none-eabi/lib/thumb/v7e-m/fpv4-sp/hard/libc_nano.a(lib_a-malloc.o) (_malloc_r)
/usr/local/gcc-arm-none-eabi/bin/../lib/gcc/arm-none-eabi/6.3.1/../../../../arm-none-eabi/lib/thumb/v7e-m/fpv4-sp/hard/libc_nano.a(lib_a-sbrkr.o)
                              /usr/local/gcc-arm-none-eabi/bin/../lib/gcc/arm-none-eabi/6.3.1/../../../../arm-none-eabi/lib/thumb/v7e-m/fpv4-sp/hard/libc_nano.a(lib_a-nano-mallocr.o) (_sbrk_r)
/usr/local/gcc-arm-none-eabi/bin/../lib/gcc/arm-none-eabi/6.3.1/../../../../arm-none-eabi/lib/thumb/v7e-m/fpv4-sp/hard/libc_nano.a(lib_a-snprintf.o)
                              _build/nrf52832_xxaa_nrf_log_backend_serial.c.o (snprintf)
/usr/local/gcc-arm-none-eabi/bin/../lib/gcc/arm-none-eabi/6.3.1/../../../../arm-none-eabi/lib/thumb/v7e-m/fpv4-sp/hard/libc_nano.a(lib_a-strcmp.o)
                              /usr/local/gcc-arm-none-eabi/bin/../lib/gcc/arm-none-eabi/6.3.1/../../../../arm-none-eabi/lib/thumb/v7e-m/fpv4-sp/hard/libc_nano.a(lib_a-locale.o) (strcmp)
/usr/local/gcc-arm-none-eabi/bin/../lib/gcc/arm-none-eabi/6.3.1/../../../../arm-none-eabi/lib/thumb/v7e-m/fpv4-sp/hard/libc_nano.a(lib_a-strcpy.o)
                              _build/nrf52832_xxaa_SEGGER_RTT.c.o (strcpy)
[...]
Memory Configuration

Name             Origin             Length             Attributes
FLASH            0x0000000000000000 0x0000000000080000 xr
RAM              0x0000000020000000 0x0000000000010000 xrw
*default*        0x0000000000000000 0xffffffffffffffff

Linker script and memory map


.text           0x0000000000000000     0x8150
 *(.isr_vector)
 .isr_vector    0x0000000000000000      0x200 _build/nrf52832_xxaa_gcc_startup_nrf52.S.o
                0x0000000000000000                __isr_vector
 *(.text*)
 .text          0x0000000000000200       0x6c /usr/local/gcc-arm-none-eabi/bin/../lib/gcc/arm-none-eabi/6.3.1/thumb/v7e-m/fpv4-sp/hard/crtbegin.o
 .text          0x000000000000026c       0x74 /usr/local/gcc-arm-none-eabi/bin/../lib/gcc/arm-none-eabi/6.3.1/../../../../arm-none-eabi/lib/thumb/v7e-m/fpv4-sp/hard/crt0.o
                0x000000000000026c                _mainCRTStartup
                0x000000000000026c                _start
 .text.exit     0x00000000000002e0       0x28 /usr/local/gcc-arm-none-eabi/bin/../lib/gcc/arm-none-eabi/6.3.1/../../../../arm-none-eabi/lib/thumb/v7e-m/fpv4-sp/hard/libc_nano.a(lib_a-exit.o)
                0x00000000000002e0                exit
 .text.__libc_init_array
                0x0000000000000308       0x48 /usr/local/gcc-arm-none-eabi/bin/../lib/gcc/arm-none-eabi/6.3.1/../../../../arm-none-eabi/lib/thumb/v7e-m/fpv4-sp/hard/libc_nano.a(lib_a-init.o)
                0x0000000000000308                __libc_init_array
 .text.memset   0x0000000000000350       0x10 /usr/local/gcc-arm-none-eabi/bin/../lib/gcc/arm-none-eabi/6.3.1/../../../../arm-none-eabi/lib/thumb/v7e-m/fpv4-sp/hard/libc_nano.a(lib_a-memset.o)
                0x0000000000000350                memset
 .text._exit    0x0000000000000360        0x4 /usr/local/gcc-arm-none-eabi/bin/../lib/gcc/arm-none-eabi/6.3.1/../../../../arm-none-eabi/lib/thumb/v7e-m/fpv4-sp/hard/libnosys.a(_exit.o)
                0x0000000000000360                _exit
 .text.uart_event_handler
                0x0000000000000364       0x28 _build/nrf52832_xxaa_nrf_log_backend_serial.c.o
 .text.nrf_log_backend_init
                0x000000000000038c       0xa4 _build/nrf52832_xxaa_nrf_log_backend_serial.c.o
                0x000000000000038c                nrf_log_backend_init
 .text.serial_is_busy
                0x0000000000000430       0x24 _build/nrf52832_xxaa_nrf_log_backend_serial.c.o
 .text.serial_tx
                0x0000000000000454       0x44 _build/nrf52832_xxaa_nrf_log_backend_serial.c.o
 .text.buf_len_update
                0x0000000000000498       0x34 _build/nrf52832_xxaa_nrf_log_backend_serial.c.o
 .text.timestamp_process
                0x00000000000004cc       0x54 _build/nrf52832_xxaa_nrf_log_backend_serial.c.o
 .text.nrf_log_backend_serial_std_handler
                0x0000000000000520      0x318 _build/nrf52832_xxaa_nrf_log_backend_serial.c.o
 .text.byte2hex
                0x0000000000000838       0x5a _build/nrf52832_xxaa_nrf_log_backend_serial.c.o
 .text.nrf_log_backend_serial_hexdump_handler
                0x0000000000000892      0x2c6 _build/nrf52832_xxaa_nrf_log_backend_serial.c.o
 .text.nrf_log_backend_std_handler_get
                0x0000000000000b58       0x14 _build/nrf52832_xxaa_nrf_log_backend_serial.c.o
                0x0000000000000b58                nrf_log_backend_std_handler_get
 .text.nrf_log_backend_hexdump_handler_get
                0x0000000000000b6c       0x14 _build/nrf52832_xxaa_nrf_log_backend_serial.c.o
                0x0000000000000b6c                nrf_log_backend_hexdump_handler_get
 .text.nrf_log_init
                0x0000000000000b80       0x36 _build/nrf52832_xxaa_nrf_log_frontend.c.o
                0x0000000000000b80                nrf_log_init
 .text.nrf_log_blocking_backend_set
                0x0000000000000bb6       0x10 _build/nrf52832_xxaa_nrf_log_frontend.c.o
                0x0000000000000bb6                nrf_log_blocking_backend_set
 *fill*         0x0000000000000bc6        0x2 
 .text.nrf_log_frontend_init
                0x0000000000000bc8       0x34 _build/nrf52832_xxaa_nrf_log_frontend.c.o
                0x0000000000000bc8                nrf_log_frontend_init
 .text.nrf_log_handlers_set
                0x0000000000000bfc       0x2c _build/nrf52832_xxaa_nrf_log_frontend.c.o
                0x0000000000000bfc                nrf_log_handlers_set
 .text.buf_prealloc
                0x0000000000000c28       0xcc _build/nrf52832_xxaa_nrf_log_frontend.c.o
 .text.nrf_log_frontend_std_0
                0x0000000000000cf4       0x8c _build/nrf52832_xxaa_nrf_log_frontend.c.o
                0x0000000000000cf4                nrf_log_frontend_std_0
 .text.nrf_log_frontend_std_1
                0x0000000000000d80       0xa0 _build/nrf52832_xxaa_nrf_log_frontend.c.o
                0x0000000000000d80                nrf_log_frontend_std_1
 .text.nrf_log_frontend_std_2
                0x0000000000000e20       0xb8 _build/nrf52832_xxaa_nrf_log_frontend.c.o
                0x0000000000000e20                nrf_log_frontend_std_2
 .text.buffer_is_empty
                0x0000000000000ed8       0x24 _build/nrf52832_xxaa_nrf_log_frontend.c.o
                0x0000000000000ed8                buffer_is_empty
 .text.nrf_log_frontend_dequeue
                0x0000000000000efc      0x280 _build/nrf52832_xxaa_nrf_log_frontend.c.o
                0x0000000000000efc                nrf_log_frontend_dequeue
 .text.app_error_handler_bare
                0x000000000000117c       0x2c _build/nrf52832_xxaa_app_error.c.o
                0x000000000000117c                app_error_handler_bare
 .text.NVIC_SystemReset
                0x00000000000011a8       0x28 _build/nrf52832_xxaa_app_error_weak.c.o
 .text.app_error_fault_handler
                0x00000000000011d0       0x40 _build/nrf52832_xxaa_app_error_weak.c.o
                0x00000000000011d0                app_error_fault_handler
 .text.app_util_disable_irq
                0x0000000000001210       0x20 _build/nrf52832_xxaa_app_util_platform.c.o
                0x0000000000001210                app_util_disable_irq
 .text.app_util_enable_irq
                0x0000000000001230       0x28 _build/nrf52832_xxaa_app_util_platform.c.o
                0x0000000000001230                app_util_enable_irq
 .text.app_util_critical_region_enter
                0x0000000000001258       0x14 _build/nrf52832_xxaa_app_util_platform.c.o
                0x0000000000001258                app_util_critical_region_enter
 .text.app_util_critical_region_exit
                0x000000000000126c       0x16 _build/nrf52832_xxaa_app_util_platform.c.o
                0x000000000000126c                app_util_critical_region_exit
 *fill*         0x0000000000001282        0x2 
 .text.nrf_strerror_get
                0x0000000000001284       0x28 _build/nrf52832_xxaa_nrf_strerror.c.o
                0x0000000000001284                nrf_strerror_get
 .text.nrf_strerror_find
                0x00000000000012ac       0x70 _build/nrf52832_xxaa_nrf_strerror.c.o
                0x00000000000012ac                nrf_strerror_find
 .text.NVIC_EnableIRQ
                0x000000000000131c       0x34 _build/nrf52832_xxaa_nrf_drv_common.c.o
 .text.NVIC_ClearPendingIRQ
                0x0000000000001350       0x34 _build/nrf52832_xxaa_nrf_drv_common.c.o
 .text.NVIC_SetPriority
                0x0000000000001384       0x54 _build/nrf52832_xxaa_nrf_drv_common.c.o
 .text.nrf_drv_common_irq_enable
                0x00000000000013d8       0x3a _build/nrf52832_xxaa_nrf_drv_common.c.o
                0x00000000000013d8                nrf_drv_common_irq_enable
 .text.nrf_twim_task_trigger
                0x0000000000001412       0x22 _build/nrf52832_xxaa_nrf_drv_twi.c.o
 .text.nrf_twim_event_clear
                0x0000000000001434       0x2e _build/nrf52832_xxaa_nrf_drv_twi.c.o
 .text.nrf_twim_event_check
                0x0000000000001462       0x2a _build/nrf52832_xxaa_nrf_drv_twi.c.o
 .text.nrf_twim_int_enable
                0x000000000000148c       0x1e _build/nrf52832_xxaa_nrf_drv_twi.c.o
 .text.nrf_twim_int_disable
                0x00000000000014aa       0x1e _build/nrf52832_xxaa_nrf_drv_twi.c.o
 .text.nrf_twim_enable
                0x00000000000014c8       0x1c _build/nrf52832_xxaa_nrf_drv_twi.c.o
 .text.nrf_twim_pins_set
                0x00000000000014e4       0x28 _build/nrf52832_xxaa_nrf_drv_twi.c.o
 .text.nrf_twim_frequency_set
                0x000000000000150c       0x1e _build/nrf52832_xxaa_nrf_drv_twi.c.o
 .text.nrf_twim_errorsrc_get_and_clear
                0x000000000000152a       0x26 _build/nrf52832_xxaa_nrf_drv_twi.c.o
 .text.nrf_twim_address_set
                0x0000000000001550       0x20 _build/nrf52832_xxaa_nrf_drv_twi.c.o
 .text.nrf_twim_tx_buffer_set
                0x0000000000001570       0x2a _build/nrf52832_xxaa_nrf_drv_twi.c.o
 .text.nrf_twim_rx_buffer_set
                0x000000000000159a       0x2a _build/nrf52832_xxaa_nrf_drv_twi.c.o
 .text.nrf_twim_shorts_set
                0x00000000000015c4       0x1e _build/nrf52832_xxaa_nrf_drv_twi.c.o
 .text.nrf_twim_txd_amount_get
                0x00000000000015e2       0x1a _build/nrf52832_xxaa_nrf_drv_twi.c.o
 .text.nrf_twim_rxd_amount_get
                0x00000000000015fc       0x1a _build/nrf52832_xxaa_nrf_drv_twi.c.o
 .text.nrf_twim_tx_list_enable
                0x0000000000001616       0x1c _build/nrf52832_xxaa_nrf_drv_twi.c.o
 .text.nrf_twim_tx_list_disable
                0x0000000000001632       0x1c _build/nrf52832_xxaa_nrf_drv_twi.c.o
 .text.nrf_twim_rx_list_enable
                0x000000000000164e       0x1c _build/nrf52832_xxaa_nrf_drv_twi.c.o
 .text.nrf_twim_rx_list_disable
                0x000000000000166a       0x1c _build/nrf52832_xxaa_nrf_drv_twi.c.o
 .text.nrf_drv_get_IRQn
                0x0000000000001686       0x1e _build/nrf52832_xxaa_nrf_drv_twi.c.o
 .text.nrf_drv_is_in_RAM
                0x00000000000016a4       0x26 _build/nrf52832_xxaa_nrf_drv_twi.c.o
 .text.nrf_gpio_pin_port_decode
                0x00000000000016ca       0x18 _build/nrf52832_xxaa_nrf_drv_twi.c.o
 .text.nrf_gpio_pin_set
                0x00000000000016e2       0x2a _build/nrf52832_xxaa_nrf_drv_twi.c.o
 .text.nrf_gpio_pin_clear
                0x000000000000170c       0x2a _build/nrf52832_xxaa_nrf_drv_twi.c.o
 .text.nrf_gpio_pin_read
                0x0000000000001736       0x2c _build/nrf52832_xxaa_nrf_drv_twi.c.o
 .text.nrf_gpio_port_in_read
                0x0000000000001762       0x1a _build/nrf52832_xxaa_nrf_drv_twi.c.o
 .text.nrf_gpio_port_out_set
                0x000000000000177c       0x1e _build/nrf52832_xxaa_nrf_drv_twi.c.o
 .text.nrf_gpio_port_out_clear
                0x000000000000179a       0x1e _build/nrf52832_xxaa_nrf_drv_twi.c.o
 .text.nrf_delay_us
                0x00000000000017b8       0xa8 _build/nrf52832_xxaa_nrf_drv_twi.c.o
 .text.twi_process_error
                0x0000000000001860       0x4a _build/nrf52832_xxaa_nrf_drv_twi.c.o
 .text.twi_clear_bus
                0x00000000000018aa       0xe0 _build/nrf52832_xxaa_nrf_drv_twi.c.o
 *fill*         0x000000000000198a        0x2 
 .text.nrf_drv_twi_init
                0x000000000000198c       0xf4 _build/nrf52832_xxaa_nrf_drv_twi.c.o
                0x000000000000198c                nrf_drv_twi_init
 .text.nrf_drv_twi_enable
                0x0000000000001a80       0x3c _build/nrf52832_xxaa_nrf_drv_twi.c.o
                0x0000000000001a80                nrf_drv_twi_enable
 .text.twim_list_enable_handle
                0x0000000000001abc       0x42 _build/nrf52832_xxaa_nrf_drv_twi.c.o
 *fill*         0x0000000000001afe        0x2 
 .text.twim_xfer
                0x0000000000001b00      0x32c _build/nrf52832_xxaa_nrf_drv_twi.c.o
 .text.nrf_drv_twi_xfer
                0x0000000000001e2c       0x44 _build/nrf52832_xxaa_nrf_drv_twi.c.o
                0x0000000000001e2c                nrf_drv_twi_xfer
 .text.nrf_drv_twi_tx
                0x0000000000001e70       0x50 _build/nrf52832_xxaa_nrf_drv_twi.c.o
                0x0000000000001e70                nrf_drv_twi_tx
 .text.irq_handler_twim
                0x0000000000001ec0      0x202 _build/nrf52832_xxaa_nrf_drv_twi.c.o
 *fill*         0x00000000000020c2        0x2 
 .text.SPIM0_SPIS0_TWIM0_TWIS0_SPI0_TWI0_IRQHandler
                0x00000000000020c4       0x18 _build/nrf52832_xxaa_nrf_drv_twi.c.o
                0x00000000000020c4                SPIM0_SPIS0_TWIM0_TWIS0_SPI0_TWI0_IRQHandler
 .text.NVIC_DisableIRQ
                0x00000000000020dc       0x34 _build/nrf52832_xxaa_nrf_drv_uart.c.o
 .text.nrf_uart_event_clear
                0x0000000000002110       0x2e _build/nrf52832_xxaa_nrf_drv_uart.c.o
 .text.nrf_uart_event_check
                0x000000000000213e       0x2a _build/nrf52832_xxaa_nrf_drv_uart.c.o
 .text.nrf_uart_int_enable
                0x0000000000002168       0x1e _build/nrf52832_xxaa_nrf_drv_uart.c.o
 .text.nrf_uart_int_enable_check
                0x0000000000002186       0x2a _build/nrf52832_xxaa_nrf_drv_uart.c.o
 .text.nrf_uart_int_disable
                0x00000000000021b0       0x1e _build/nrf52832_xxaa_nrf_drv_uart.c.o
 .text.nrf_uart_errorsrc_get_and_clear
                0x00000000000021ce       0x26 _build/nrf52832_xxaa_nrf_drv_uart.c.o
 .text.nrf_uart_enable
                0x00000000000021f4       0x1c _build/nrf52832_xxaa_nrf_drv_uart.c.o
 .text.nrf_uart_disable
                0x0000000000002210       0x1c _build/nrf52832_xxaa_nrf_drv_uart.c.o
 .text.nrf_uart_txrx_pins_set
                0x000000000000222c       0x28 _build/nrf52832_xxaa_nrf_drv_uart.c.o
 .text.nrf_uart_txrx_pins_disconnect
                0x0000000000002254       0x1e _build/nrf52832_xxaa_nrf_drv_uart.c.o
 .text.nrf_uart_tx_pin_get
                0x0000000000002272       0x1a _build/nrf52832_xxaa_nrf_drv_uart.c.o
 .text.nrf_uart_rx_pin_get
                0x000000000000228c       0x1a _build/nrf52832_xxaa_nrf_drv_uart.c.o
 .text.nrf_uart_rts_pin_get
                0x00000000000022a6       0x1a _build/nrf52832_xxaa_nrf_drv_uart.c.o
 .text.nrf_uart_cts_pin_get
                0x00000000000022c0       0x1a _build/nrf52832_xxaa_nrf_drv_uart.c.o
 .text.nrf_uart_hwfc_pins_set
                0x00000000000022da       0x28 _build/nrf52832_xxaa_nrf_drv_uart.c.o
 .text.nrf_uart_hwfc_pins_disconnect
                0x0000000000002302       0x1e _build/nrf52832_xxaa_nrf_drv_uart.c.o
 .text.nrf_uart_rxd_get
                0x0000000000002320       0x1c _build/nrf52832_xxaa_nrf_drv_uart.c.o
 .text.nrf_uart_txd_set
                0x000000000000233c       0x20 _build/nrf52832_xxaa_nrf_drv_uart.c.o
 .text.nrf_uart_task_trigger
                0x000000000000235c       0x22 _build/nrf52832_xxaa_nrf_drv_uart.c.o
 .text.nrf_uart_configure
                0x000000000000237e       0x2c _build/nrf52832_xxaa_nrf_drv_uart.c.o
 .text.nrf_uart_baudrate_set
                0x00000000000023aa       0x1e _build/nrf52832_xxaa_nrf_drv_uart.c.o
 .text.nrf_uarte_event_clear
                0x00000000000023c8       0x2e _build/nrf52832_xxaa_nrf_drv_uart.c.o
 .text.nrf_uarte_event_check
                0x00000000000023f6       0x2a _build/nrf52832_xxaa_nrf_drv_uart.c.o
 .text.nrf_uarte_shorts_disable
                0x0000000000002420       0x28 _build/nrf52832_xxaa_nrf_drv_uart.c.o
 .text.nrf_uarte_int_enable
                0x0000000000002448       0x1e _build/nrf52832_xxaa_nrf_drv_uart.c.o
 .text.nrf_uarte_int_disable
                0x0000000000002466       0x1e _build/nrf52832_xxaa_nrf_drv_uart.c.o
 .text.nrf_uarte_errorsrc_get_and_clear
                0x0000000000002484       0x26 _build/nrf52832_xxaa_nrf_drv_uart.c.o
 .text.nrf_uarte_enable
                0x00000000000024aa       0x1c _build/nrf52832_xxaa_nrf_drv_uart.c.o
 .text.nrf_uarte_disable
                0x00000000000024c6       0x1c _build/nrf52832_xxaa_nrf_drv_uart.c.o
 .text.nrf_uarte_txrx_pins_set
                0x00000000000024e2       0x28 _build/nrf52832_xxaa_nrf_drv_uart.c.o
 .text.nrf_uarte_txrx_pins_disconnect
                0x000000000000250a       0x1e _build/nrf52832_xxaa_nrf_drv_uart.c.o
 .text.nrf_uarte_tx_pin_get
                0x0000000000002528       0x1a _build/nrf52832_xxaa_nrf_drv_uart.c.o
 .text.nrf_uarte_rx_pin_get
                0x0000000000002542       0x1a _build/nrf52832_xxaa_nrf_drv_uart.c.o
 .text.nrf_uarte_rts_pin_get
                0x000000000000255c       0x1a _build/nrf52832_xxaa_nrf_drv_uart.c.o
 .text.nrf_uarte_cts_pin_get
                0x0000000000002576       0x1a _build/nrf52832_xxaa_nrf_drv_uart.c.o
 .text.nrf_uarte_hwfc_pins_set
                0x0000000000002590       0x28 _build/nrf52832_xxaa_nrf_drv_uart.c.o
 .text.nrf_uarte_hwfc_pins_disconnect
                0x00000000000025b8       0x1e _build/nrf52832_xxaa_nrf_drv_uart.c.o
 .text.nrf_uarte_task_trigger
                0x00000000000025d6       0x22 _build/nrf52832_xxaa_nrf_drv_uart.c.o
 .text.nrf_uarte_configure
                0x00000000000025f8       0x2c _build/nrf52832_xxaa_nrf_drv_uart.c.o
 .text.nrf_uarte_baudrate_set
                0x0000000000002624       0x1e _build/nrf52832_xxaa_nrf_drv_uart.c.o
 .text.nrf_uarte_tx_buffer_set
                0x0000000000002642       0x2a _build/nrf52832_xxaa_nrf_drv_uart.c.o
 .text.nrf_uarte_tx_amount_get
                0x000000000000266c       0x1a _build/nrf52832_xxaa_nrf_drv_uart.c.o
 .text.nrf_uarte_rx_amount_get
                0x0000000000002686       0x1a _build/nrf52832_xxaa_nrf_drv_uart.c.o
 .text.nrf_drv_common_irq_disable
                0x00000000000026a0       0x1c _build/nrf52832_xxaa_nrf_drv_uart.c.o
 .text.nrf_drv_get_IRQn
                0x00000000000026bc       0x1e _build/nrf52832_xxaa_nrf_drv_uart.c.o
 .text.nrf_drv_is_in_RAM
                0x00000000000026da       0x26 _build/nrf52832_xxaa_nrf_drv_uart.c.o
 .text.nrf_gpio_pin_port_decode
                0x0000000000002700       0x18 _build/nrf52832_xxaa_nrf_drv_uart.c.o
 .text.nrf_gpio_cfg
                0x0000000000002718       0x52 _build/nrf52832_xxaa_nrf_drv_uart.c.o
 .text.nrf_gpio_cfg_output
                0x000000000000276a       0x24 _build/nrf52832_xxaa_nrf_drv_uart.c.o
 .text.nrf_gpio_cfg_input
                0x000000000000278e       0x2a _build/nrf52832_xxaa_nrf_drv_uart.c.o
 .text.nrf_gpio_cfg_default
                0x00000000000027b8       0x24 _build/nrf52832_xxaa_nrf_drv_uart.c.o
 .text.nrf_gpio_pin_set
                0x00000000000027dc       0x2a _build/nrf52832_xxaa_nrf_drv_uart.c.o
 .text.nrf_gpio_port_out_set
                0x0000000000002806       0x1e _build/nrf52832_xxaa_nrf_drv_uart.c.o
 .text.apply_config
                0x0000000000002824      0x164 _build/nrf52832_xxaa_nrf_drv_uart.c.o
 .text.interrupts_enable
                0x0000000000002988       0xd0 _build/nrf52832_xxaa_nrf_drv_uart.c.o
 .text.interrupts_disable
                0x0000000000002a58       0x6c _build/nrf52832_xxaa_nrf_drv_uart.c.o
 .text.pins_to_default
                0x0000000000002ac4       0xe8 _build/nrf52832_xxaa_nrf_drv_uart.c.o
 .text.uart_enable
                0x0000000000002bac       0x3c _build/nrf52832_xxaa_nrf_drv_uart.c.o
 .text.uart_disable
                0x0000000000002be8       0x3c _build/nrf52832_xxaa_nrf_drv_uart.c.o
 .text.nrf_drv_uart_init
                0x0000000000002c24       0x90 _build/nrf52832_xxaa_nrf_drv_uart.c.o
                0x0000000000002c24                nrf_drv_uart_init
 .text.nrf_drv_uart_uninit
                0x0000000000002cb4       0x48 _build/nrf52832_xxaa_nrf_drv_uart.c.o
                0x0000000000002cb4                nrf_drv_uart_uninit
 .text.tx_byte  0x0000000000002cfc       0x44 _build/nrf52832_xxaa_nrf_drv_uart.c.o
 .text.nrf_drv_uart_tx_for_uart
                0x0000000000002d40       0xe8 _build/nrf52832_xxaa_nrf_drv_uart.c.o
 .text.nrf_drv_uart_tx_for_uarte
                0x0000000000002e28       0xb4 _build/nrf52832_xxaa_nrf_drv_uart.c.o
 .text.nrf_drv_uart_tx
                0x0000000000002edc       0x9c _build/nrf52832_xxaa_nrf_drv_uart.c.o
                0x0000000000002edc                nrf_drv_uart_tx
 .text.nrf_drv_uart_tx_in_progress
                0x0000000000002f78       0x30 _build/nrf52832_xxaa_nrf_drv_uart.c.o
                0x0000000000002f78                nrf_drv_uart_tx_in_progress
 .text.rx_byte  0x0000000000002fa8       0x58 _build/nrf52832_xxaa_nrf_drv_uart.c.o
 .text.rx_done_event
                0x0000000000003000       0x32 _build/nrf52832_xxaa_nrf_drv_uart.c.o
 .text.tx_done_event
                0x0000000000003032       0x38 _build/nrf52832_xxaa_nrf_drv_uart.c.o
 .text.uart_irq_handler
                0x000000000000306a      0x1d0 _build/nrf52832_xxaa_nrf_drv_uart.c.o
 .text.uarte_irq_handler
                0x000000000000323a      0x158 _build/nrf52832_xxaa_nrf_drv_uart.c.o
 *fill*         0x0000000000003392        0x2 
 .text.UARTE0_UART0_IRQHandler
                0x0000000000003394       0x2c _build/nrf52832_xxaa_nrf_drv_uart.c.o
                0x0000000000003394                UARTE0_UART0_IRQHandler
 .text.nrf_gpiote_event_is_set
                0x00000000000033c0       0x28 _build/nrf52832_xxaa_nrf_drv_gpiote.c.o
 .text.nrf_gpiote_event_clear
                0x00000000000033e8       0x32 _build/nrf52832_xxaa_nrf_drv_gpiote.c.o
 .text.nrf_gpiote_event_addr_get
                0x000000000000341a       0x20 _build/nrf52832_xxaa_nrf_drv_gpiote.c.o
 *fill*         0x000000000000343a        0x2 
 .text.nrf_gpiote_int_enable
                0x000000000000343c       0x20 _build/nrf52832_xxaa_nrf_drv_gpiote.c.o
 .text.nrf_gpiote_int_is_enabled
                0x000000000000345c       0x24 _build/nrf52832_xxaa_nrf_drv_gpiote.c.o
 .text.nrf_gpiote_event_enable
                0x0000000000003480       0x34 _build/nrf52832_xxaa_nrf_drv_gpiote.c.o
 .text.nrf_gpiote_event_configure
                0x00000000000034b4       0x6c _build/nrf52832_xxaa_nrf_drv_gpiote.c.o
 .text.nrf_gpiote_event_pin_get
                0x0000000000003520       0x2c _build/nrf52832_xxaa_nrf_drv_gpiote.c.o
 .text.nrf_gpiote_event_polarity_get
                0x000000000000354c       0x2c _build/nrf52832_xxaa_nrf_drv_gpiote.c.o
 .text.nrf_gpio_pin_port_decode
                0x0000000000003578       0x18 _build/nrf52832_xxaa_nrf_drv_gpiote.c.o
 .text.nrf_gpio_cfg
                0x0000000000003590       0x52 _build/nrf52832_xxaa_nrf_drv_gpiote.c.o
 .text.nrf_gpio_cfg_input
                0x00000000000035e2       0x2a _build/nrf52832_xxaa_nrf_drv_gpiote.c.o
 .text.nrf_gpio_cfg_watcher
                0x000000000000360c       0x3a _build/nrf52832_xxaa_nrf_drv_gpiote.c.o
 .text.nrf_gpio_cfg_sense_set
                0x0000000000003646       0x58 _build/nrf52832_xxaa_nrf_drv_gpiote.c.o
 .text.nrf_gpio_pin_read
                0x000000000000369e       0x2c _build/nrf52832_xxaa_nrf_drv_gpiote.c.o
 .text.nrf_gpio_pin_sense_get
                0x00000000000036ca       0x2e _build/nrf52832_xxaa_nrf_drv_gpiote.c.o
 .text.nrf_gpio_port_in_read
                0x00000000000036f8       0x1a _build/nrf52832_xxaa_nrf_drv_gpiote.c.o
 .text.nrf_gpio_ports_read
                0x0000000000003712       0x52 _build/nrf52832_xxaa_nrf_drv_gpiote.c.o
 .text.nrf_bitmask_bit_is_set
                0x0000000000003764       0x3a _build/nrf52832_xxaa_nrf_drv_gpiote.c.o
 .text.nrf_bitmask_bit_set
                0x000000000000379e       0x4a _build/nrf52832_xxaa_nrf_drv_gpiote.c.o
 .text.pin_in_use_by_te
                0x00000000000037e8       0x44 _build/nrf52832_xxaa_nrf_drv_gpiote.c.o
 .text.pin_in_use_by_port
                0x000000000000382c       0x30 _build/nrf52832_xxaa_nrf_drv_gpiote.c.o
 .text.pin_in_use_by_gpiote
                0x000000000000385c       0x2c _build/nrf52832_xxaa_nrf_drv_gpiote.c.o
 .text.pin_in_use_by_te_set
                0x0000000000003888       0x58 _build/nrf52832_xxaa_nrf_drv_gpiote.c.o
 .text.pin_in_use_clear
                0x00000000000038e0       0x24 _build/nrf52832_xxaa_nrf_drv_gpiote.c.o
 .text.channel_port_get
                0x0000000000003904       0x24 _build/nrf52832_xxaa_nrf_drv_gpiote.c.o
 .text.channel_handler_get
                0x0000000000003928       0x20 _build/nrf52832_xxaa_nrf_drv_gpiote.c.o
 .text.channel_port_alloc
                0x0000000000003948       0x74 _build/nrf52832_xxaa_nrf_drv_gpiote.c.o
 .text.channel_free
                0x00000000000039bc       0x3c _build/nrf52832_xxaa_nrf_drv_gpiote.c.o
 .text.nrf_drv_gpiote_init
                0x00000000000039f8       0xb4 _build/nrf52832_xxaa_nrf_drv_gpiote.c.o
                0x00000000000039f8                nrf_drv_gpiote_init
 .text.nrf_drv_gpiote_in_init
                0x0000000000003aac       0xd0 _build/nrf52832_xxaa_nrf_drv_gpiote.c.o
                0x0000000000003aac                nrf_drv_gpiote_in_init
 .text.nrf_drv_gpiote_in_event_enable
                0x0000000000003b7c       0xd0 _build/nrf52832_xxaa_nrf_drv_gpiote.c.o
                0x0000000000003b7c                nrf_drv_gpiote_in_event_enable
 .text.GPIOTE_IRQHandler
                0x0000000000003c4c      0x2e8 _build/nrf52832_xxaa_nrf_drv_gpiote.c.o
                0x0000000000003c4c                GPIOTE_IRQHandler
 .text.bma2x2_init
                0x0000000000003f34       0x7c _build/nrf52832_xxaa_bma2x2.c.o
                0x0000000000003f34                bma2x2_init
 .text.bma2x2_write_reg
                0x0000000000003fb0       0x60 _build/nrf52832_xxaa_bma2x2.c.o
                0x0000000000003fb0                bma2x2_write_reg
 .text.bma2x2_read_reg
                0x0000000000004010       0x4c _build/nrf52832_xxaa_bma2x2.c.o
                0x0000000000004010                bma2x2_read_reg
 .text.bma2x2_read_accel_x
                0x000000000000405c      0x114 _build/nrf52832_xxaa_bma2x2.c.o
                0x000000000000405c                bma2x2_read_accel_x
 .text.bma2x2_read_accel_y
                0x0000000000004170      0x114 _build/nrf52832_xxaa_bma2x2.c.o
                0x0000000000004170                bma2x2_read_accel_y
 .text.bma2x2_read_accel_z
                0x0000000000004284      0x114 _build/nrf52832_xxaa_bma2x2.c.o
                0x0000000000004284                bma2x2_read_accel_z
 .text.bma2x2_read_accel_xyz
                0x0000000000004398      0x208 _build/nrf52832_xxaa_bma2x2.c.o
                0x0000000000004398                bma2x2_read_accel_xyz
 .text.bma2x2_get_range
                0x00000000000045a0       0x58 _build/nrf52832_xxaa_bma2x2.c.o
                0x00000000000045a0                bma2x2_get_range
 .text.bma2x2_set_range
                0x00000000000045f8      0x114 _build/nrf52832_xxaa_bma2x2.c.o
                0x00000000000045f8                bma2x2_set_range
 .text.bma2x2_get_bw
                0x000000000000470c       0x58 _build/nrf52832_xxaa_bma2x2.c.o
                0x000000000000470c                bma2x2_get_bw
 .text.bma2x2_set_bw
                0x0000000000004764      0x1bc _build/nrf52832_xxaa_bma2x2.c.o
                0x0000000000004764                bma2x2_set_bw
 .text.bma2x2_set_power_mode
                0x0000000000004920      0x1b4 _build/nrf52832_xxaa_bma2x2.c.o
                0x0000000000004920                bma2x2_set_power_mode
 .text.bma2x2_set_mode_value
                0x0000000000004ad4       0xc8 _build/nrf52832_xxaa_bma2x2.c.o
                0x0000000000004ad4                bma2x2_set_mode_value
 .text.bma2x2_get_intr_enable
                0x0000000000004b9c      0x278 _build/nrf52832_xxaa_bma2x2.c.o
                0x0000000000004b9c                bma2x2_get_intr_enable
 .text.bma2x2_set_intr_enable
                0x0000000000004e14      0x26c _build/nrf52832_xxaa_bma2x2.c.o
                0x0000000000004e14                bma2x2_set_intr_enable
 .text.bma2x2_get_intr_slope
                0x0000000000005080       0x9c _build/nrf52832_xxaa_bma2x2.c.o
                0x0000000000005080                bma2x2_get_intr_slope
 .text.bma2x2_set_intr_slope
                0x000000000000511c       0xf0 _build/nrf52832_xxaa_bma2x2.c.o
                0x000000000000511c                bma2x2_set_intr_slope
 .text.bma2x2_get_intr_level
                0x000000000000520c       0x98 _build/nrf52832_xxaa_bma2x2.c.o
                0x000000000000520c                bma2x2_get_intr_level
 .text.bma2x2_set_intr_level
                0x00000000000052a4       0xf0 _build/nrf52832_xxaa_bma2x2.c.o
                0x00000000000052a4                bma2x2_set_intr_level
 .text.bma2x2_get_latch_intr
                0x0000000000005394       0x54 _build/nrf52832_xxaa_bma2x2.c.o
                0x0000000000005394                bma2x2_get_latch_intr
 .text.bma2x2_set_latch_intr
                0x00000000000053e8      0x140 _build/nrf52832_xxaa_bma2x2.c.o
                0x00000000000053e8                bma2x2_set_latch_intr
 .text.bma2x2_get_durn
                0x0000000000005528       0xe8 _build/nrf52832_xxaa_bma2x2.c.o
                0x0000000000005528                bma2x2_get_durn
 .text.bma2x2_set_durn
                0x0000000000005610      0x12c _build/nrf52832_xxaa_bma2x2.c.o
                0x0000000000005610                bma2x2_set_durn
 .text.bma2x2_get_thres
                0x000000000000573c       0xe0 _build/nrf52832_xxaa_bma2x2.c.o
                0x000000000000573c                bma2x2_get_thres
 .text.bma2x2_set_thres
                0x000000000000581c       0xbc _build/nrf52832_xxaa_bma2x2.c.o
                0x000000000000581c                bma2x2_set_thres
 .text.bma2x2_read_accel_xyzt
                0x00000000000058d8      0x224 _build/nrf52832_xxaa_bma2x2.c.o
                0x00000000000058d8                bma2x2_read_accel_xyzt
 .text.nrf_delay_us
                0x0000000000005afc       0xa8 _build/nrf52832_xxaa_main.c.o
 .text.nrf_delay_ms
                0x0000000000005ba4       0x20 _build/nrf52832_xxaa_main.c.o
 .text.bma2x2_data_readout_template
                0x0000000000005bc4      0x2c0 _build/nrf52832_xxaa_main.c.o
                0x0000000000005bc4                bma2x2_data_readout_template
 .text.I2C_routine
                0x0000000000005e84       0x58 _build/nrf52832_xxaa_main.c.o
                0x0000000000005e84                I2C_routine
 .text.my_i2c_tx
                0x0000000000005edc       0x6c _build/nrf52832_xxaa_main.c.o
                0x0000000000005edc                my_i2c_tx
 .text.BMA2x2_I2C_bus_write
                0x0000000000005f48       0x64 _build/nrf52832_xxaa_main.c.o
                0x0000000000005f48                BMA2x2_I2C_bus_write
 .text.BMA2x2_I2C_bus_burST_read
                0x0000000000005fac       0x7c _build/nrf52832_xxaa_main.c.o
                0x0000000000005fac                BMA2x2_I2C_bus_burST_read
 .text.BMA2x2_I2C_bus_read
                0x0000000000006028       0x32 _build/nrf52832_xxaa_main.c.o
                0x0000000000006028                BMA2x2_I2C_bus_read
 .text.BMA2x2_delay_msek
                0x000000000000605a       0x16 _build/nrf52832_xxaa_main.c.o
                0x000000000000605a                BMA2x2_delay_msek
 .text.interrupt_pin_callback
                0x0000000000006070      0x250 _build/nrf52832_xxaa_main.c.o
                0x0000000000006070                interrupt_pin_callback
 .text.bma_handler
                0x00000000000062c0       0x2c _build/nrf52832_xxaa_main.c.o
                0x00000000000062c0                bma_handler
 .text.gpio_init
                0x00000000000062ec       0x7c _build/nrf52832_xxaa_main.c.o
 .text.twi_init
                0x0000000000006368       0x58 _build/nrf52832_xxaa_main.c.o
                0x0000000000006368                twi_init
 .text.main     0x00000000000063c0       0x40 _build/nrf52832_xxaa_main.c.o
                0x00000000000063c0                main
 .text          0x0000000000006400       0x3c _build/nrf52832_xxaa_gcc_startup_nrf52.S.o
                0x0000000000006400                Reset_Handler
                0x0000000000006428                NMI_Handler
                0x000000000000642a                HardFault_Handler
                0x000000000000642c                MemoryManagement_Handler
                0x000000000000642e                BusFault_Handler
                0x0000000000006430                UsageFault_Handler
                0x0000000000006432                SVC_Handler
                0x0000000000006434                DebugMon_Handler
                0x0000000000006436                PendSV_Handler
                0x0000000000006438                SysTick_Handler
                0x000000000000643a                TIMER3_IRQHandler
                0x000000000000643a                FPU_IRQHandler
                0x000000000000643a                TIMER4_IRQHandler
                0x000000000000643a                I2S_IRQHandler
                0x000000000000643a                SWI4_EGU4_IRQHandler
                0x000000000000643a                TIMER0_IRQHandler
                0x000000000000643a                TIMER1_IRQHandler
                0x000000000000643a                PWM2_IRQHandler
                0x000000000000643a                ECB_IRQHandler
                0x000000000000643a                SPIM1_SPIS1_TWIM1_TWIS1_SPI1_TWI1_IRQHandler
                0x000000000000643a                Default_Handler
                0x000000000000643a                SAADC_IRQHandler
                0x000000000000643a                CCM_AAR_IRQHandler
                0x000000000000643a                WDT_IRQHandler
                0x000000000000643a                SWI5_EGU5_IRQHandler
                0x000000000000643a                RNG_IRQHandler
                0x000000000000643a                RTC2_IRQHandler
                0x000000000000643a                PWM0_IRQHandler
                0x000000000000643a                SWI3_EGU3_IRQHandler
                0x000000000000643a                RTC1_IRQHandler
                0x000000000000643a                SWI1_EGU1_IRQHandler
                0x000000000000643a                SPIM2_SPIS2_SPI2_IRQHandler
                0x000000000000643a                NFCT_IRQHandler
                0x000000000000643a                MWU_IRQHandler
                0x000000000000643a                TIMER2_IRQHandler
                0x000000000000643a                COMP_LPCOMP_IRQHandler
                0x000000000000643a                RTC0_IRQHandler
                0x000000000000643a                SWI0_EGU0_IRQHandler
                0x000000000000643a                SWI2_EGU2_IRQHandler
                0x000000000000643a                PWM1_IRQHandler
                0x000000000000643a                POWER_CLOCK_IRQHandler
                0x000000000000643a                RADIO_IRQHandler
                0x000000000000643a                PDM_IRQHandler
                0x000000000000643a                TEMP_IRQHandler
                0x000000000000643a                QDEC_IRQHandler
 .text.NVIC_SystemReset
                0x000000000000643c       0x28 _build/nrf52832_xxaa_system_nrf52.c.o
 .text.SystemCoreClockUpdate
                0x0000000000006464       0x1c _build/nrf52832_xxaa_system_nrf52.c.o
                0x0000000000006464                SystemCoreClockUpdate
 .text.SystemInit
                0x0000000000006480      0x298 _build/nrf52832_xxaa_system_nrf52.c.o
                0x0000000000006480                SystemInit
 .text.errata_12
                0x0000000000006718       0x64 _build/nrf52832_xxaa_system_nrf52.c.o
 .text.errata_16
                0x000000000000677c       0x44 _build/nrf52832_xxaa_system_nrf52.c.o
 .text.errata_31
                0x00000000000067c0       0x64 _build/nrf52832_xxaa_system_nrf52.c.o
 .text.errata_32
                0x0000000000006824       0x44 _build/nrf52832_xxaa_system_nrf52.c.o
 .text.errata_36
                0x0000000000006868       0x64 _build/nrf52832_xxaa_system_nrf52.c.o
 .text.errata_37
                0x00000000000068cc       0x44 _build/nrf52832_xxaa_system_nrf52.c.o
 .text.errata_57
                0x0000000000006910       0x44 _build/nrf52832_xxaa_system_nrf52.c.o
 .text.errata_66
                0x0000000000006954       0x44 _build/nrf52832_xxaa_system_nrf52.c.o
 .text.errata_108
                0x0000000000006998       0x64 _build/nrf52832_xxaa_system_nrf52.c.o
 .text          0x00000000000069fc      0x370 /usr/local/gcc-arm-none-eabi/bin/../lib/gcc/arm-none-eabi/6.3.1/thumb/v7e-m/fpv4-sp/hard/libgcc.a(_arm_addsubdf3.o)
                0x00000000000069fc                __aeabi_drsub
                0x0000000000006a04                __subdf3
                0x0000000000006a04                __aeabi_dsub
                0x0000000000006a08                __aeabi_dadd
                0x0000000000006a08                __adddf3
                0x0000000000006c80                __aeabi_ui2d
                0x0000000000006c80                __floatunsidf
                0x0000000000006ca0                __floatsidf
                0x0000000000006ca0                __aeabi_i2d
                0x0000000000006cc4                __extendsfdf2
                0x0000000000006cc4                __aeabi_f2d
                0x0000000000006d00                __aeabi_ul2d
                0x0000000000006d00                __floatundidf
                0x0000000000006d10                __aeabi_l2d
                0x0000000000006d10                __floatdidf
 .text          0x0000000000006d6c       0x40 /usr/local/gcc-arm-none-eabi/bin/../lib/gcc/arm-none-eabi/6.3.1/thumb/v7e-m/fpv4-sp/hard/libgcc.a(_arm_fixunsdfsi.o)
                0x0000000000006d6c                __fixunsdfsi
                0x0000000000006d6c                __aeabi_d2uiz
 .text.__locale_ctype_ptr
                0x0000000000006dac       0x1c /usr/local/gcc-arm-none-eabi/bin/../lib/gcc/arm-none-eabi/6.3.1/../../../../arm-none-eabi/lib/thumb/v7e-m/fpv4-sp/hard/libc_nano.a(lib_a-locale.o)
                0x0000000000006dac                __locale_ctype_ptr
 .text.malloc   0x0000000000006dc8       0x10 /usr/local/gcc-arm-none-eabi/bin/../lib/gcc/arm-none-eabi/6.3.1/../../../../arm-none-eabi/lib/thumb/v7e-m/fpv4-sp/hard/libc_nano.a(lib_a-malloc.o)
                0x0000000000006dc8                malloc
 .text.free     0x0000000000006dd8       0x10 /usr/local/gcc-arm-none-eabi/bin/../lib/gcc/arm-none-eabi/6.3.1/../../../../arm-none-eabi/lib/thumb/v7e-m/fpv4-sp/hard/libc_nano.a(lib_a-malloc.o)
                0x0000000000006dd8                free
 .text.__ascii_mbtowc
                0x0000000000006de8       0x24 /usr/local/gcc-arm-none-eabi/bin/../lib/gcc/arm-none-eabi/6.3.1/../../../../arm-none-eabi/lib/thumb/v7e-m/fpv4-sp/hard/libc_nano.a(lib_a-mbtowc_r.o)
                0x0000000000006de8                __ascii_mbtowc
 .text.memcpy   0x0000000000006e0c       0x16 /usr/local/gcc-arm-none-eabi/bin/../lib/gcc/arm-none-eabi/6.3.1/../../../../arm-none-eabi/lib/thumb/v7e-m/fpv4-sp/hard/libc_nano.a(lib_a-memcpy-stub.o)
                0x0000000000006e0c                memcpy
 *fill*         0x0000000000006e22        0x2 
 .text._free_r  0x0000000000006e24       0x9c /usr/local/gcc-arm-none-eabi/bin/../lib/gcc/arm-none-eabi/6.3.1/../../../../arm-none-eabi/lib/thumb/v7e-m/fpv4-sp/hard/libc_nano.a(lib_a-nano-freer.o)
                0x0000000000006e24                _free_r
 .text._malloc_r
                0x0000000000006ec0       0xbc /usr/local/gcc-arm-none-eabi/bin/../lib/gcc/arm-none-eabi/6.3.1/../../../../arm-none-eabi/lib/thumb/v7e-m/fpv4-sp/hard/libc_nano.a(lib_a-nano-mallocr.o)
                0x0000000000006ec0                _malloc_r
 .text._sbrk_r  0x0000000000006f7c       0x20 /usr/local/gcc-arm-none-eabi/bin/../lib/gcc/arm-none-eabi/6.3.1/../../../../arm-none-eabi/lib/thumb/v7e-m/fpv4-sp/hard/libc_nano.a(lib_a-sbrkr.o)
                0x0000000000006f7c                _sbrk_r
 .text.snprintf
                0x0000000000006f9c       0x68 /usr/local/gcc-arm-none-eabi/bin/../lib/gcc/arm-none-eabi/6.3.1/../../../../arm-none-eabi/lib/thumb/v7e-m/fpv4-sp/hard/libc_nano.a(lib_a-snprintf.o)
                0x0000000000006f9c                snprintf
                0x0000000000006f9c                sniprintf
 .text          0x0000000000007004       0x10 /usr/local/gcc-arm-none-eabi/bin/../lib/gcc/arm-none-eabi/6.3.1/../../../../arm-none-eabi/lib/thumb/v7e-m/fpv4-sp/hard/libc_nano.a(lib_a-strlen.o)
                0x0000000000007004                strlen
 .text.__ascii_wctomb
                0x0000000000007014       0x1a /usr/local/gcc-arm-none-eabi/bin/../lib/gcc/arm-none-eabi/6.3.1/../../../../arm-none-eabi/lib/thumb/v7e-m/fpv4-sp/hard/libc_nano.a(lib_a-wctomb_r.o)
                0x0000000000007014                __ascii_wctomb
 .text.__malloc_lock
                0x000000000000702e        0x2 /usr/local/gcc-arm-none-eabi/bin/../lib/gcc/arm-none-eabi/6.3.1/../../../../arm-none-eabi/lib/thumb/v7e-m/fpv4-sp/hard/libc_nano.a(lib_a-mlock.o)
                0x000000000000702e                __malloc_lock
 .text.__malloc_unlock
                0x0000000000007030        0x2 /usr/local/gcc-arm-none-eabi/bin/../lib/gcc/arm-none-eabi/6.3.1/../../../../arm-none-eabi/lib/thumb/v7e-m/fpv4-sp/hard/libc_nano.a(lib_a-mlock.o)
                0x0000000000007030                __malloc_unlock
 .text.__ssputs_r
                0x0000000000007032       0xb6 /usr/local/gcc-arm-none-eabi/bin/../lib/gcc/arm-none-eabi/6.3.1/../../../../arm-none-eabi/lib/thumb/v7e-m/fpv4-sp/hard/libc_nano.a(lib_a-nano-svfprintf.o)
                0x0000000000007032                __ssputs_r
 .text._svfprintf_r
                0x00000000000070e8      0x1e8 /usr/local/gcc-arm-none-eabi/bin/../lib/gcc/arm-none-eabi/6.3.1/../../../../arm-none-eabi/lib/thumb/v7e-m/fpv4-sp/hard/libc_nano.a(lib_a-nano-svfprintf.o)
                0x00000000000070e8                _svfprintf_r
                0x00000000000070e8                _svfiprintf_r
 .text._printf_common
                0x00000000000072d0       0xec /usr/local/gcc-arm-none-eabi/bin/../lib/gcc/arm-none-eabi/6.3.1/../../../../arm-none-eabi/lib/thumb/v7e-m/fpv4-sp/hard/libc_nano.a(lib_a-nano-vfprintf_i.o)
                0x00000000000072d0                _printf_common
 .text._printf_i
                0x00000000000073bc      0x240 /usr/local/gcc-arm-none-eabi/bin/../lib/gcc/arm-none-eabi/6.3.1/../../../../arm-none-eabi/lib/thumb/v7e-m/fpv4-sp/hard/libc_nano.a(lib_a-nano-vfprintf_i.o)
                0x00000000000073bc                _printf_i
 *fill*         0x00000000000075fc        0x4 
 .text          0x0000000000007600       0xa0 /usr/local/gcc-arm-none-eabi/bin/../lib/gcc/arm-none-eabi/6.3.1/../../../../arm-none-eabi/lib/thumb/v7e-m/fpv4-sp/hard/libc_nano.a(lib_a-memchr.o)
                0x0000000000007600                memchr
 .text.memmove  0x00000000000076a0       0x34 /usr/local/gcc-arm-none-eabi/bin/../lib/gcc/arm-none-eabi/6.3.1/../../../../arm-none-eabi/lib/thumb/v7e-m/fpv4-sp/hard/libc_nano.a(lib_a-memmove.o)
                0x00000000000076a0                memmove
 .text._realloc_r
                0x00000000000076d4       0x4c /usr/local/gcc-arm-none-eabi/bin/../lib/gcc/arm-none-eabi/6.3.1/../../../../arm-none-eabi/lib/thumb/v7e-m/fpv4-sp/hard/libc_nano.a(lib_a-nano-reallocr.o)
                0x00000000000076d4                _realloc_r
 .text._malloc_usable_size_r
                0x0000000000007720       0x12 /usr/local/gcc-arm-none-eabi/bin/../lib/gcc/arm-none-eabi/6.3.1/../../../../arm-none-eabi/lib/thumb/v7e-m/fpv4-sp/hard/libc_nano.a(lib_a-nano-msizer.o)
                0x0000000000007720                _malloc_usable_size_r
 *fill*         0x0000000000007732        0x2 
 .text._sbrk    0x0000000000007734       0x1c /usr/local/gcc-arm-none-eabi/bin/../lib/gcc/arm-none-eabi/6.3.1/../../../../arm-none-eabi/lib/thumb/v7e-m/fpv4-sp/hard/libnosys.a(sbrk.o)
                0x0000000000007734                _sbrk
 *(.init)
 .init          0x0000000000007750        0x4 /usr/local/gcc-arm-none-eabi/bin/../lib/gcc/arm-none-eabi/6.3.1/thumb/v7e-m/fpv4-sp/hard/crti.o
                0x0000000000007750                _init
 .init          0x0000000000007754        0x8 /usr/local/gcc-arm-none-eabi/bin/../lib/gcc/arm-none-eabi/6.3.1/thumb/v7e-m/fpv4-sp/hard/crtn.o
 *(.fini)
 .fini          0x000000000000775c        0x4 /usr/local/gcc-arm-none-eabi/bin/../lib/gcc/arm-none-eabi/6.3.1/thumb/v7e-m/fpv4-sp/hard/crti.o
                0x000000000000775c                _fini
 .fini          0x0000000000007760        0x8 /usr/local/gcc-arm-none-eabi/bin/../lib/gcc/arm-none-eabi/6.3.1/thumb/v7e-m/fpv4-sp/hard/crtn.o
 *crtbegin.o(.ctors)
 *crtbegin?.o(.ctors)
 *(EXCLUDE_FILE(*crtend.o *crtend?.o) .ctors)
 *(SORT(.ctors.*))
 *(.ctors)
 *crtbegin.o(.dtors)
 *crtbegin?.o(.dtors)
 *(EXCLUDE_FILE(*crtend.o *crtend?.o) .dtors)
 *(SORT(.dtors.*))
 *(.dtors)
 *(.rodata*)
 .rodata._global_impure_ptr
                0x0000000000007768        0x4 /usr/local/gcc-arm-none-eabi/bin/../lib/gcc/arm-none-eabi/6.3.1/../../../../arm-none-eabi/lib/thumb/v7e-m/fpv4-sp/hard/libc_nano.a(lib_a-impure.o)
                0x0000000000007768                _global_impure_ptr
 .rodata        0x000000000000776c       0x27 _build/nrf52832_xxaa_nrf_log_backend_serial.c.o
 *fill*         0x0000000000007793        0x1 
 .rodata        0x0000000000007794        0xb _build/nrf52832_xxaa_nrf_log_frontend.c.o
 *fill*         0x000000000000779f        0x1 
 .rodata        0x00000000000077a0       0x29 _build/nrf52832_xxaa_app_error_weak.c.o
 *fill*         0x00000000000077c9        0x3 
 .rodata.m_unknown_str
                0x00000000000077cc       0x13 _build/nrf52832_xxaa_nrf_strerror.c.o
 *fill*         0x00000000000077df        0x1 
 .rodata        0x00000000000077e0      0x308 _build/nrf52832_xxaa_nrf_strerror.c.o
 .rodata.nrf_strerror_array
                0x0000000000007ae8       0xf0 _build/nrf52832_xxaa_nrf_strerror.c.o
 .rodata        0x0000000000007bd8       0x79 _build/nrf52832_xxaa_nrf_drv_gpiote.c.o
 *fill*         0x0000000000007c51        0x3 
 .rodata.__func__.8798
                0x0000000000007c54       0x14 _build/nrf52832_xxaa_nrf_drv_gpiote.c.o
 .rodata.__func__.8877
                0x0000000000007c68       0x17 _build/nrf52832_xxaa_nrf_drv_gpiote.c.o
 *fill*         0x0000000000007c7f        0x1 
 .rodata.m_twi  0x0000000000007c80        0x8 _build/nrf52832_xxaa_main.c.o
 .rodata        0x0000000000007c88      0x384 _build/nrf52832_xxaa_main.c.o
 .rodata._setlocale_r.str1.1
                0x000000000000800c        0x8 /usr/local/gcc-arm-none-eabi/bin/../lib/gcc/arm-none-eabi/6.3.1/../../../../arm-none-eabi/lib/thumb/v7e-m/fpv4-sp/hard/libc_nano.a(lib_a-locale.o)
                                          0x9 (size before relaxing)
 .rodata.str1.1
                0x0000000000008014        0x2 /usr/local/gcc-arm-none-eabi/bin/../lib/gcc/arm-none-eabi/6.3.1/../../../../arm-none-eabi/lib/thumb/v7e-m/fpv4-sp/hard/libc_nano.a(lib_a-locale.o)
 .rodata._ctype_
                0x0000000000008016      0x101 /usr/local/gcc-arm-none-eabi/bin/../lib/gcc/arm-none-eabi/6.3.1/../../../../arm-none-eabi/lib/thumb/v7e-m/fpv4-sp/hard/libc_nano.a(lib_a-ctype_.o)
                0x0000000000008016                _ctype_
 .rodata._svfprintf_r.str1.1
                0x0000000000008117       0x11 /usr/local/gcc-arm-none-eabi/bin/../lib/gcc/arm-none-eabi/6.3.1/../../../../arm-none-eabi/lib/thumb/v7e-m/fpv4-sp/hard/libc_nano.a(lib_a-nano-svfprintf.o)
 .rodata._printf_i.str1.1
                0x0000000000008128       0x22 /usr/local/gcc-arm-none-eabi/bin/../lib/gcc/arm-none-eabi/6.3.1/../../../../arm-none-eabi/lib/thumb/v7e-m/fpv4-sp/hard/libc_nano.a(lib_a-nano-vfprintf_i.o)
 *(.eh_frame*)
 *fill*         0x000000000000814a        0x2 
 .eh_frame      0x000000000000814c        0x0 /usr/local/gcc-arm-none-eabi/bin/../lib/gcc/arm-none-eabi/6.3.1/thumb/v7e-m/fpv4-sp/hard/crtbegin.o
 .eh_frame      0x000000000000814c        0x4 /usr/local/gcc-arm-none-eabi/bin/../lib/gcc/arm-none-eabi/6.3.1/thumb/v7e-m/fpv4-sp/hard/crtend.o

.glue_7         0x0000000000008150        0x0
 .glue_7        0x0000000000008150        0x0 linker stubs

.glue_7t        0x0000000000008150        0x0
 .glue_7t       0x0000000000008150        0x0 linker stubs

.vfp11_veneer   0x0000000000008150        0x0
 .vfp11_veneer  0x0000000000008150        0x0 linker stubs

.v4_bx          0x0000000000008150        0x0
 .v4_bx         0x0000000000008150        0x0 linker stubs

.iplt           0x0000000000008150        0x0
 .iplt          0x0000000000008150        0x0 /usr/local/gcc-arm-none-eabi/bin/../lib/gcc/arm-none-eabi/6.3.1/thumb/v7e-m/fpv4-sp/hard/crtbegin.o

.pwr_mgmt_data  0x0000000000008150        0x0
                [!provide]                        PROVIDE (__start_pwr_mgmt_data, .)
 *(SORT(.pwr_mgmt_data*))
                [!provide]                        PROVIDE (__stop_pwr_mgmt_data, .)

.ARM.extab
 *(.ARM.extab* .gnu.linkonce.armextab.*)
                0x0000000000008150                __exidx_start = .

.ARM.exidx      0x0000000000008150        0x8
 *(.ARM.exidx* .gnu.linkonce.armexidx.*)
 .ARM.exidx     0x0000000000008150        0x8 /usr/local/gcc-arm-none-eabi/bin/../lib/gcc/arm-none-eabi/6.3.1/../../../../arm-none-eabi/lib/thumb/v7e-m/fpv4-sp/hard/crt0.o
                0x0000000000008158                __exidx_end = .
                0x0000000000008158                __etext = .

.rel.dyn        0x0000000000008158        0x0
 .rel.iplt      0x0000000000008158        0x0 /usr/local/gcc-arm-none-eabi/bin/../lib/gcc/arm-none-eabi/6.3.1/thumb/v7e-m/fpv4-sp/hard/crtbegin.o

.data           0x0000000020000000      0x1f0 load address 0x0000000000008158
                0x0000000020000000                __data_start__ = .
 *(vtable)
 *(.data*)
 .data._impure_ptr
                0x0000000020000000        0x4 /usr/local/gcc-arm-none-eabi/bin/../lib/gcc/arm-none-eabi/6.3.1/../../../../arm-none-eabi/lib/thumb/v7e-m/fpv4-sp/hard/libc_nano.a(lib_a-impure.o)
                0x0000000020000000                _impure_ptr
 .data.impure_data
                0x0000000020000004       0x60 /usr/local/gcc-arm-none-eabi/bin/../lib/gcc/arm-none-eabi/6.3.1/../../../../arm-none-eabi/lib/thumb/v7e-m/fpv4-sp/hard/libc_nano.a(lib_a-impure.o)
 .data.m_uart   0x0000000020000064        0x8 _build/nrf52832_xxaa_nrf_log_backend_serial.c.o
 .data.m_overflow_info
                0x000000002000006c        0x4 _build/nrf52832_xxaa_nrf_log_frontend.c.o
 .data.V_BMA2x2RESOLUTION_U8
                0x0000000020000070        0x1 _build/nrf52832_xxaa_bma2x2.c.o
                0x0000000020000070                V_BMA2x2RESOLUTION_U8
 *fill*         0x0000000020000071        0x3 
 .data.SystemCoreClock
                0x0000000020000074        0x4 _build/nrf52832_xxaa_system_nrf52.c.o
                0x0000000020000074                SystemCoreClock
 .data.__global_locale
                0x0000000020000078      0x16c /usr/local/gcc-arm-none-eabi/bin/../lib/gcc/arm-none-eabi/6.3.1/../../../../arm-none-eabi/lib/thumb/v7e-m/fpv4-sp/hard/libc_nano.a(lib_a-locale.o)
                0x0000000020000078                __global_locale
                0x00000000200001e4                . = ALIGN (0x4)
                0x00000000200001e4                PROVIDE (__preinit_array_start, .)
 *(.preinit_array)
                0x00000000200001e4                PROVIDE (__preinit_array_end, .)
                0x00000000200001e4                . = ALIGN (0x4)
                0x00000000200001e4                PROVIDE (__init_array_start, .)
 *(SORT(.init_array.*))
 *(.init_array)
 .init_array    0x00000000200001e4        0x4 /usr/local/gcc-arm-none-eabi/bin/../lib/gcc/arm-none-eabi/6.3.1/thumb/v7e-m/fpv4-sp/hard/crtbegin.o
                0x00000000200001e8                PROVIDE (__init_array_end, .)
                0x00000000200001e8                . = ALIGN (0x4)
                [!provide]                        PROVIDE (__fini_array_start, .)
 *(SORT(.fini_array.*))
 *(.fini_array)
 .fini_array    0x00000000200001e8        0x4 /usr/local/gcc-arm-none-eabi/bin/../lib/gcc/arm-none-eabi/6.3.1/thumb/v7e-m/fpv4-sp/hard/crtbegin.o
                [!provide]                        PROVIDE (__fini_array_end, .)
 *(.jcr*)
 .jcr           0x00000000200001ec        0x0 /usr/local/gcc-arm-none-eabi/bin/../lib/gcc/arm-none-eabi/6.3.1/thumb/v7e-m/fpv4-sp/hard/crtbegin.o
 .jcr           0x00000000200001ec        0x4 /usr/local/gcc-arm-none-eabi/bin/../lib/gcc/arm-none-eabi/6.3.1/thumb/v7e-m/fpv4-sp/hard/crtend.o
                0x00000000200001f0                . = ALIGN (0x4)
                0x00000000200001f0                __data_end__ = .
LOAD /usr/local/gcc-arm-none-eabi/bin/../lib/gcc/arm-none-eabi/6.3.1/thumb/v7e-m/fpv4-sp/hard/crti.o
LOAD /usr/local/gcc-arm-none-eabi/bin/../lib/gcc/arm-none-eabi/6.3.1/thumb/v7e-m/fpv4-sp/hard/crtbegin.o
LOAD /usr/local/gcc-arm-none-eabi/bin/../lib/gcc/arm-none-eabi/6.3.1/../../../../arm-none-eabi/lib/thumb/v7e-m/fpv4-sp/hard/crt0.o
LOAD /usr/local/gcc-arm-none-eabi/bin/../lib/gcc/arm-none-eabi/6.3.1/../../../../arm-none-eabi/lib/thumb/v7e-m/fpv4-sp/hard/libc_nano.a
LOAD /usr/local/gcc-arm-none-eabi/bin/../lib/gcc/arm-none-eabi/6.3.1/../../../../arm-none-eabi/lib/thumb/v7e-m/fpv4-sp/hard/libnosys.a
LOAD _build/nrf52832_xxaa_nrf_log_backend_serial.c.o
LOAD _build/nrf52832_xxaa_nrf_log_frontend.c.o
LOAD _build/nrf52832_xxaa_boards.c.o
LOAD _build/nrf52832_xxaa_app_error.c.o
LOAD _build/nrf52832_xxaa_app_error_weak.c.o
LOAD _build/nrf52832_xxaa_app_util_platform.c.o
LOAD _build/nrf52832_xxaa_nrf_assert.c.o
LOAD _build/nrf52832_xxaa_nrf_strerror.c.o
LOAD _build/nrf52832_xxaa_nrf_drv_common.c.o
LOAD _build/nrf52832_xxaa_nrf_drv_twi.c.o
LOAD _build/nrf52832_xxaa_nrf_drv_uart.c.o
LOAD _build/nrf52832_xxaa_nrf_drv_gpiote.c.o
LOAD _build/nrf52832_xxaa_bma2x2.c.o
LOAD _build/nrf52832_xxaa_main.c.o
LOAD _build/nrf52832_xxaa_RTT_Syscalls_GCC.c.o
LOAD _build/nrf52832_xxaa_SEGGER_RTT.c.o
LOAD _build/nrf52832_xxaa_SEGGER_RTT_printf.c.o
LOAD _build/nrf52832_xxaa_gcc_startup_nrf52.S.o
LOAD _build/nrf52832_xxaa_system_nrf52.c.o
LOAD /usr/local/gcc-arm-none-eabi/bin/../lib/gcc/arm-none-eabi/6.3.1/../../../../arm-none-eabi/lib/thumb/v7e-m/fpv4-sp/hard/libm.a
START GROUP
LOAD /usr/local/gcc-arm-none-eabi/bin/../lib/gcc/arm-none-eabi/6.3.1/thumb/v7e-m/fpv4-sp/hard/libgcc.a
LOAD /usr/local/gcc-arm-none-eabi/bin/../lib/gcc/arm-none-eabi/6.3.1/../../../../arm-none-eabi/lib/thumb/v7e-m/fpv4-sp/hard/libc_nano.a
END GROUP
START GROUP
LOAD /usr/local/gcc-arm-none-eabi/bin/../lib/gcc/arm-none-eabi/6.3.1/thumb/v7e-m/fpv4-sp/hard/libgcc.a
LOAD /usr/local/gcc-arm-none-eabi/bin/../lib/gcc/arm-none-eabi/6.3.1/../../../../arm-none-eabi/lib/thumb/v7e-m/fpv4-sp/hard/libc_nano.a
END GROUP
LOAD /usr/local/gcc-arm-none-eabi/bin/../lib/gcc/arm-none-eabi/6.3.1/thumb/v7e-m/fpv4-sp/hard/crtend.o
LOAD /usr/local/gcc-arm-none-eabi/bin/../lib/gcc/arm-none-eabi/6.3.1/thumb/v7e-m/fpv4-sp/hard/crtn.o
START GROUP
LOAD /usr/local/gcc-arm-none-eabi/bin/../lib/gcc/arm-none-eabi/6.3.1/thumb/v7e-m/fpv4-sp/hard/libgcc.a
LOAD /usr/local/gcc-arm-none-eabi/bin/../lib/gcc/arm-none-eabi/6.3.1/../../../../arm-none-eabi/lib/thumb/v7e-m/fpv4-sp/hard/libc.a
LOAD /usr/local/gcc-arm-none-eabi/bin/../lib/gcc/arm-none-eabi/6.3.1/../../../../arm-none-eabi/lib/thumb/v7e-m/fpv4-sp/hard/libnosys.a
END GROUP

.igot.plt       0x00000000200001f0        0x0 load address 0x0000000000008348
 .igot.plt      0x00000000200001f0        0x0 /usr/local/gcc-arm-none-eabi/bin/../lib/gcc/arm-none-eabi/6.3.1/thumb/v7e-m/fpv4-sp/hard/crtbegin.o

.fs_data        0x00000000200001f0        0x0
                [!provide]                        PROVIDE (__start_fs_data, .)
 *(.fs_data)
                [!provide]                        PROVIDE (__stop_fs_data, .)

.bss            0x00000000200001f0      0x5fc load address 0x0000000000008348
                0x00000000200001f0                . = ALIGN (0x4)
                0x00000000200001f0                __bss_start__ = .
 *(.bss*)
 .bss           0x00000000200001f0       0x1c /usr/local/gcc-arm-none-eabi/bin/../lib/gcc/arm-none-eabi/6.3.1/thumb/v7e-m/fpv4-sp/hard/crtbegin.o
 .bss.m_uart_buffer
                0x000000002000020c      0x100 _build/nrf52832_xxaa_nrf_log_backend_serial.c.o
 .bss.m_initialized
                0x000000002000030c        0x1 _build/nrf52832_xxaa_nrf_log_backend_serial.c.o
 .bss.m_blocking_mode
                0x000000002000030d        0x1 _build/nrf52832_xxaa_nrf_log_backend_serial.c.o
 .bss.m_rx_done
                0x000000002000030e        0x1 _build/nrf52832_xxaa_nrf_log_backend_serial.c.o
 *fill*         0x000000002000030f        0x1 
 .bss.m_log_data
                0x0000000020000310      0x418 _build/nrf52832_xxaa_nrf_log_frontend.c.o
 .bss.m_in_critical_region
                0x0000000020000728        0x4 _build/nrf52832_xxaa_app_util_platform.c.o
 .bss.m_cb      0x000000002000072c       0x28 _build/nrf52832_xxaa_nrf_drv_twi.c.o
 .bss.m_cb      0x0000000020000754       0x20 _build/nrf52832_xxaa_nrf_drv_uart.c.o
 .bss.m_cb      0x0000000020000774       0x48 _build/nrf52832_xxaa_nrf_drv_gpiote.c.o
 .bss.p_bma2x2  0x00000000200007bc        0x4 _build/nrf52832_xxaa_bma2x2.c.o
 .bss.m_xfer_done
                0x00000000200007c0        0x1 _build/nrf52832_xxaa_main.c.o
 *fill*         0x00000000200007c1        0x3 
 .bss.__malloc_free_list
                0x00000000200007c4        0x4 /usr/local/gcc-arm-none-eabi/bin/../lib/gcc/arm-none-eabi/6.3.1/../../../../arm-none-eabi/lib/thumb/v7e-m/fpv4-sp/hard/libc_nano.a(lib_a-nano-mallocr.o)
                0x00000000200007c4                __malloc_free_list
 .bss.__malloc_sbrk_start
                0x00000000200007c8        0x4 /usr/local/gcc-arm-none-eabi/bin/../lib/gcc/arm-none-eabi/6.3.1/../../../../arm-none-eabi/lib/thumb/v7e-m/fpv4-sp/hard/libc_nano.a(lib_a-nano-mallocr.o)
                0x00000000200007c8                __malloc_sbrk_start
 .bss.heap_end.5239
                0x00000000200007cc        0x4 /usr/local/gcc-arm-none-eabi/bin/../lib/gcc/arm-none-eabi/6.3.1/../../../../arm-none-eabi/lib/thumb/v7e-m/fpv4-sp/hard/libnosys.a(sbrk.o)
 *(COMMON)
 COMMON         0x00000000200007d0       0x18 _build/nrf52832_xxaa_main.c.o
                0x00000000200007d0                bma2x2
 COMMON         0x00000000200007e8        0x4 /usr/local/gcc-arm-none-eabi/bin/../lib/gcc/arm-none-eabi/6.3.1/../../../../arm-none-eabi/lib/thumb/v7e-m/fpv4-sp/hard/libc_nano.a(lib_a-reent.o)
                0x00000000200007e8                errno
                0x00000000200007ec                . = ALIGN (0x4)
                0x00000000200007ec                __bss_end__ = .

.heap           0x00000000200007f0     0x2000
                0x00000000200007f0                __HeapBase = .
                0x00000000200007f0                __end__ = .
                0x00000000200007f0                PROVIDE (end, .)
 *(.heap*)
 .heap          0x00000000200007f0     0x2000 _build/nrf52832_xxaa_gcc_startup_nrf52.S.o
                0x00000000200027f0                __HeapLimit = .

.stack_dummy    0x00000000200007f0     0x2000
 *(.stack*)
 .stack         0x00000000200007f0     0x2000 _build/nrf52832_xxaa_gcc_startup_nrf52.S.o
                0x0000000020010000                __StackTop = (ORIGIN (RAM) + LENGTH (RAM))
                0x000000002000e000                __StackLimit = (__StackTop - SIZEOF (.stack_dummy))
                0x0000000020010000                PROVIDE (__stack, __StackTop)
                0x0000000000000001                ASSERT ((__StackLimit >= __HeapLimit), region RAM overflowed with stack)
OUTPUT(_build/nrf52832_xxaa.out elf32-littlearm)

.ARM.attributes
                0x0000000000000000       0x30
 .ARM.attributes
                0x0000000000000000       0x22 /usr/local/gcc-arm-none-eabi/bin/../lib/gcc/arm-none-eabi/6.3.1/thumb/v7e-m/fpv4-sp/hard/crti.o
 .ARM.attributes
                0x0000000000000022       0x34 /usr/local/gcc-arm-none-eabi/bin/../lib/gcc/arm-none-eabi/6.3.1/thumb/v7e-m/fpv4-sp/hard/crtbegin.o
 .ARM.attributes
                0x0000000000000056       0x20 /usr/local/gcc-arm-none-eabi/bin/../lib/gcc/arm-none-eabi/6.3.1/../../../../arm-none-eabi/lib/thumb/v7e-m/fpv4-sp/hard/crt0.o
 .ARM.attributes
                0x0000000000000076       0x34 /usr/local/gcc-arm-none-eabi/bin/../lib/gcc/arm-none-eabi/6.3.1/../../../../arm-none-eabi/lib/thumb/v7e-m/fpv4-sp/hard/libc_nano.a(lib_a-exit.o)
 .ARM.attributes
                0x00000000000000aa       0x34 /usr/local/gcc-arm-none-eabi/bin/../lib/gcc/arm-none-eabi/6.3.1/../../../../arm-none-eabi/lib/thumb/v7e-m/fpv4-sp/hard/libc_nano.a(lib_a-impure.o)
 .ARM.attributes
                0x00000000000000de       0x34 /usr/local/gcc-arm-none-eabi/bin/../lib/gcc/arm-none-eabi/6.3.1/../../../../arm-none-eabi/lib/thumb/v7e-m/fpv4-sp/hard/libc_nano.a(lib_a-init.o)
 .ARM.attributes
                0x0000000000000112       0x34 /usr/local/gcc-arm-none-eabi/bin/../lib/gcc/arm-none-eabi/6.3.1/../../../../arm-none-eabi/lib/thumb/v7e-m/fpv4-sp/hard/libc_nano.a(lib_a-memset.o)
 .ARM.attributes
                0x0000000000000146       0x34 /usr/local/gcc-arm-none-eabi/bin/../lib/gcc/arm-none-eabi/6.3.1/../../../../arm-none-eabi/lib/thumb/v7e-m/fpv4-sp/hard/libnosys.a(_exit.o)
 .ARM.attributes
                0x000000000000017a       0x39 _build/nrf52832_xxaa_nrf_log_backend_serial.c.o
 .ARM.attributes
                0x00000000000001b3       0x39 _build/nrf52832_xxaa_nrf_log_frontend.c.o
 .ARM.attributes
                0x00000000000001ec       0x39 _build/nrf52832_xxaa_app_error.c.o
 .ARM.attributes
                0x0000000000000225       0x39 _build/nrf52832_xxaa_app_error_weak.c.o
 .ARM.attributes
                0x000000000000025e       0x39 _build/nrf52832_xxaa_app_util_platform.c.o
 .ARM.attributes
                0x0000000000000297       0x39 _build/nrf52832_xxaa_nrf_strerror.c.o
 .ARM.attributes
                0x00000000000002d0       0x39 _build/nrf52832_xxaa_nrf_drv_common.c.o
 .ARM.attributes
                0x0000000000000309       0x39 _build/nrf52832_xxaa_nrf_drv_twi.c.o
 .ARM.attributes
                0x0000000000000342       0x39 _build/nrf52832_xxaa_nrf_drv_uart.c.o
 .ARM.attributes
                0x000000000000037b       0x39 _build/nrf52832_xxaa_nrf_drv_gpiote.c.o
 .ARM.attributes
                0x00000000000003b4       0x39 _build/nrf52832_xxaa_bma2x2.c.o
 .ARM.attributes
                0x00000000000003ed       0x39 _build/nrf52832_xxaa_main.c.o
 .ARM.attributes
                0x0000000000000426       0x1c _build/nrf52832_xxaa_gcc_startup_nrf52.S.o
 .ARM.attributes
                0x0000000000000442       0x39 _build/nrf52832_xxaa_system_nrf52.c.o
 .ARM.attributes
                0x000000000000047b       0x22 /usr/local/gcc-arm-none-eabi/bin/../lib/gcc/arm-none-eabi/6.3.1/thumb/v7e-m/fpv4-sp/hard/libgcc.a(_arm_addsubdf3.o)
 .ARM.attributes
                0x000000000000049d       0x22 /usr/local/gcc-arm-none-eabi/bin/../lib/gcc/arm-none-eabi/6.3.1/thumb/v7e-m/fpv4-sp/hard/libgcc.a(_arm_fixunsdfsi.o)
 .ARM.attributes
                0x00000000000004bf       0x34 /usr/local/gcc-arm-none-eabi/bin/../lib/gcc/arm-none-eabi/6.3.1/../../../../arm-none-eabi/lib/thumb/v7e-m/fpv4-sp/hard/libc_nano.a(lib_a-locale.o)
 .ARM.attributes
                0x00000000000004f3       0x34 /usr/local/gcc-arm-none-eabi/bin/../lib/gcc/arm-none-eabi/6.3.1/../../../../arm-none-eabi/lib/thumb/v7e-m/fpv4-sp/hard/libc_nano.a(lib_a-malloc.o)
 .ARM.attributes
                0x0000000000000527       0x34 /usr/local/gcc-arm-none-eabi/bin/../lib/gcc/arm-none-eabi/6.3.1/../../../../arm-none-eabi/lib/thumb/v7e-m/fpv4-sp/hard/libc_nano.a(lib_a-mbtowc_r.o)
 .ARM.attributes
                0x000000000000055b       0x34 /usr/local/gcc-arm-none-eabi/bin/../lib/gcc/arm-none-eabi/6.3.1/../../../../arm-none-eabi/lib/thumb/v7e-m/fpv4-sp/hard/libc_nano.a(lib_a-memcpy-stub.o)
 .ARM.attributes
                0x000000000000058f       0x34 /usr/local/gcc-arm-none-eabi/bin/../lib/gcc/arm-none-eabi/6.3.1/../../../../arm-none-eabi/lib/thumb/v7e-m/fpv4-sp/hard/libc_nano.a(lib_a-nano-freer.o)
 .ARM.attributes
                0x00000000000005c3       0x34 /usr/local/gcc-arm-none-eabi/bin/../lib/gcc/arm-none-eabi/6.3.1/../../../../arm-none-eabi/lib/thumb/v7e-m/fpv4-sp/hard/libc_nano.a(lib_a-nano-mallocr.o)
 .ARM.attributes
                0x00000000000005f7       0x34 /usr/local/gcc-arm-none-eabi/bin/../lib/gcc/arm-none-eabi/6.3.1/../../../../arm-none-eabi/lib/thumb/v7e-m/fpv4-sp/hard/libc_nano.a(lib_a-sbrkr.o)
 .ARM.attributes
                0x000000000000062b       0x34 /usr/local/gcc-arm-none-eabi/bin/../lib/gcc/arm-none-eabi/6.3.1/../../../../arm-none-eabi/lib/thumb/v7e-m/fpv4-sp/hard/libc_nano.a(lib_a-snprintf.o)
 .ARM.attributes
                0x000000000000065f       0x1b /usr/local/gcc-arm-none-eabi/bin/../lib/gcc/arm-none-eabi/6.3.1/../../../../arm-none-eabi/lib/thumb/v7e-m/fpv4-sp/hard/libc_nano.a(lib_a-strlen.o)
 .ARM.attributes
                0x000000000000067a       0x34 /usr/local/gcc-arm-none-eabi/bin/../lib/gcc/arm-none-eabi/6.3.1/../../../../arm-none-eabi/lib/thumb/v7e-m/fpv4-sp/hard/libc_nano.a(lib_a-wctomb_r.o)
 .ARM.attributes
                0x00000000000006ae       0x34 /usr/local/gcc-arm-none-eabi/bin/../lib/gcc/arm-none-eabi/6.3.1/../../../../arm-none-eabi/lib/thumb/v7e-m/fpv4-sp/hard/libc_nano.a(lib_a-ctype_.o)
 .ARM.attributes
                0x00000000000006e2       0x34 /usr/local/gcc-arm-none-eabi/bin/../lib/gcc/arm-none-eabi/6.3.1/../../../../arm-none-eabi/lib/thumb/v7e-m/fpv4-sp/hard/libc_nano.a(lib_a-mlock.o)
 .ARM.attributes
                0x0000000000000716       0x34 /usr/local/gcc-arm-none-eabi/bin/../lib/gcc/arm-none-eabi/6.3.1/../../../../arm-none-eabi/lib/thumb/v7e-m/fpv4-sp/hard/libc_nano.a(lib_a-nano-svfprintf.o)
 .ARM.attributes
                0x000000000000074a       0x34 /usr/local/gcc-arm-none-eabi/bin/../lib/gcc/arm-none-eabi/6.3.1/../../../../arm-none-eabi/lib/thumb/v7e-m/fpv4-sp/hard/libc_nano.a(lib_a-nano-vfprintf_i.o)
 .ARM.attributes
                0x000000000000077e       0x34 /usr/local/gcc-arm-none-eabi/bin/../lib/gcc/arm-none-eabi/6.3.1/../../../../arm-none-eabi/lib/thumb/v7e-m/fpv4-sp/hard/libc_nano.a(lib_a-reent.o)
 .ARM.attributes
                0x00000000000007b2       0x20 /usr/local/gcc-arm-none-eabi/bin/../lib/gcc/arm-none-eabi/6.3.1/../../../../arm-none-eabi/lib/thumb/v7e-m/fpv4-sp/hard/libc_nano.a(lib_a-memchr.o)
 .ARM.attributes
                0x00000000000007d2       0x34 /usr/local/gcc-arm-none-eabi/bin/../lib/gcc/arm-none-eabi/6.3.1/../../../../arm-none-eabi/lib/thumb/v7e-m/fpv4-sp/hard/libc_nano.a(lib_a-memmove.o)
 .ARM.attributes
                0x0000000000000806       0x34 /usr/local/gcc-arm-none-eabi/bin/../lib/gcc/arm-none-eabi/6.3.1/../../../../arm-none-eabi/lib/thumb/v7e-m/fpv4-sp/hard/libc_nano.a(lib_a-nano-reallocr.o)
 .ARM.attributes
                0x000000000000083a       0x34 /usr/local/gcc-arm-none-eabi/bin/../lib/gcc/arm-none-eabi/6.3.1/../../../../arm-none-eabi/lib/thumb/v7e-m/fpv4-sp/hard/libc_nano.a(lib_a-nano-msizer.o)
 .ARM.attributes
                0x000000000000086e       0x34 /usr/local/gcc-arm-none-eabi/bin/../lib/gcc/arm-none-eabi/6.3.1/thumb/v7e-m/fpv4-sp/hard/crtend.o
 .ARM.attributes
                0x00000000000008a2       0x22 /usr/local/gcc-arm-none-eabi/bin/../lib/gcc/arm-none-eabi/6.3.1/thumb/v7e-m/fpv4-sp/hard/crtn.o
 .ARM.attributes
                0x00000000000008c4       0x34 /usr/local/gcc-arm-none-eabi/bin/../lib/gcc/arm-none-eabi/6.3.1/../../../../arm-none-eabi/lib/thumb/v7e-m/fpv4-sp/hard/libnosys.a(sbrk.o)

.comment        0x0000000000000000       0x7f
 .comment       0x0000000000000000       0x7f _build/nrf52832_xxaa_nrf_log_backend_serial.c.o
                                         0x80 (size before relaxing)
 .comment       0x000000000000007f       0x80 _build/nrf52832_xxaa_nrf_log_frontend.c.o
 .comment       0x000000000000007f       0x80 _build/nrf52832_xxaa_app_error.c.o
 .comment       0x000000000000007f       0x80 _build/nrf52832_xxaa_app_error_weak.c.o
 .comment       0x000000000000007f       0x80 _build/nrf52832_xxaa_app_util_platform.c.o
 .comment       0x000000000000007f       0x80 _build/nrf52832_xxaa_nrf_strerror.c.o
 .comment       0x000000000000007f       0x80 _build/nrf52832_xxaa_nrf_drv_common.c.o
 .comment       0x000000000000007f       0x80 _build/nrf52832_xxaa_nrf_drv_twi.c.o
 .comment       0x000000000000007f       0x80 _build/nrf52832_xxaa_nrf_drv_uart.c.o
 .comment       0x000000000000007f       0x80 _build/nrf52832_xxaa_nrf_drv_gpiote.c.o
 .comment       0x000000000000007f       0x80 _build/nrf52832_xxaa_bma2x2.c.o
 .comment       0x000000000000007f       0x80 _build/nrf52832_xxaa_main.c.o
 .comment       0x000000000000007f       0x80 _build/nrf52832_xxaa_system_nrf52.c.o

.debug_frame    0x0000000000000000     0x4740
 .debug_frame   0x0000000000000000       0x28 /usr/local/gcc-arm-none-eabi/bin/../lib/gcc/arm-none-eabi/6.3.1/../../../../arm-none-eabi/lib/thumb/v7e-m/fpv4-sp/hard/libc_nano.a(lib_a-exit.o)
 .debug_frame   0x0000000000000028       0x2c /usr/local/gcc-arm-none-eabi/bin/../lib/gcc/arm-none-eabi/6.3.1/../../../../arm-none-eabi/lib/thumb/v7e-m/fpv4-sp/hard/libc_nano.a(lib_a-init.o)
 .debug_frame   0x0000000000000054       0x20 /usr/local/gcc-arm-none-eabi/bin/../lib/gcc/arm-none-eabi/6.3.1/../../../../arm-none-eabi/lib/thumb/v7e-m/fpv4-sp/hard/libc_nano.a(lib_a-memset.o)
 .debug_frame   0x0000000000000074       0x20 /usr/local/gcc-arm-none-eabi/bin/../lib/gcc/arm-none-eabi/6.3.1/../../../../arm-none-eabi/lib/thumb/v7e-m/fpv4-sp/hard/libnosys.a(_exit.o)
 .debug_frame   0x0000000000000094      0x1f4 _build/nrf52832_xxaa_nrf_log_backend_serial.c.o
 .debug_frame   0x0000000000000288      0x294 _build/nrf52832_xxaa_nrf_log_frontend.c.o
 .debug_frame   0x000000000000051c       0x80 _build/nrf52832_xxaa_app_error.c.o
 .debug_frame   0x000000000000059c       0x4c _build/nrf52832_xxaa_app_error_weak.c.o
 .debug_frame   0x00000000000005e8      0x10c _build/nrf52832_xxaa_app_util_platform.c.o
 .debug_frame   0x00000000000006f4       0x5c _build/nrf52832_xxaa_nrf_strerror.c.o
 .debug_frame   0x0000000000000750       0xac _build/nrf52832_xxaa_nrf_drv_common.c.o
 .debug_frame   0x00000000000007fc      0x7e4 _build/nrf52832_xxaa_nrf_drv_twi.c.o
 .debug_frame   0x0000000000000fe0      0xcbc _build/nrf52832_xxaa_nrf_drv_uart.c.o
 .debug_frame   0x0000000000001c9c      0xac0 _build/nrf52832_xxaa_nrf_drv_gpiote.c.o
 .debug_frame   0x000000000000275c     0x16fc _build/nrf52832_xxaa_bma2x2.c.o
 .debug_frame   0x0000000000003e58      0x224 _build/nrf52832_xxaa_main.c.o
 .debug_frame   0x000000000000407c      0x184 _build/nrf52832_xxaa_system_nrf52.c.o
 .debug_frame   0x0000000000004200       0xac /usr/local/gcc-arm-none-eabi/bin/../lib/gcc/arm-none-eabi/6.3.1/thumb/v7e-m/fpv4-sp/hard/libgcc.a(_arm_addsubdf3.o)
 .debug_frame   0x00000000000042ac       0x24 /usr/local/gcc-arm-none-eabi/bin/../lib/gcc/arm-none-eabi/6.3.1/thumb/v7e-m/fpv4-sp/hard/libgcc.a(_arm_fixunsdfsi.o)
 .debug_frame   0x00000000000042d0       0x68 /usr/local/gcc-arm-none-eabi/bin/../lib/gcc/arm-none-eabi/6.3.1/../../../../arm-none-eabi/lib/thumb/v7e-m/fpv4-sp/hard/libc_nano.a(lib_a-locale.o)
 .debug_frame   0x0000000000004338       0x30 /usr/local/gcc-arm-none-eabi/bin/../lib/gcc/arm-none-eabi/6.3.1/../../../../arm-none-eabi/lib/thumb/v7e-m/fpv4-sp/hard/libc_nano.a(lib_a-malloc.o)
 .debug_frame   0x0000000000004368       0x48 /usr/local/gcc-arm-none-eabi/bin/../lib/gcc/arm-none-eabi/6.3.1/../../../../arm-none-eabi/lib/thumb/v7e-m/fpv4-sp/hard/libc_nano.a(lib_a-mbtowc_r.o)
 .debug_frame   0x00000000000043b0       0x28 /usr/local/gcc-arm-none-eabi/bin/../lib/gcc/arm-none-eabi/6.3.1/../../../../arm-none-eabi/lib/thumb/v7e-m/fpv4-sp/hard/libc_nano.a(lib_a-memcpy-stub.o)
 .debug_frame   0x00000000000043d8       0x38 /usr/local/gcc-arm-none-eabi/bin/../lib/gcc/arm-none-eabi/6.3.1/../../../../arm-none-eabi/lib/thumb/v7e-m/fpv4-sp/hard/libc_nano.a(lib_a-nano-freer.o)
 .debug_frame   0x0000000000004410       0x2c /usr/local/gcc-arm-none-eabi/bin/../lib/gcc/arm-none-eabi/6.3.1/../../../../arm-none-eabi/lib/thumb/v7e-m/fpv4-sp/hard/libc_nano.a(lib_a-nano-mallocr.o)
 .debug_frame   0x000000000000443c       0x2c /usr/local/gcc-arm-none-eabi/bin/../lib/gcc/arm-none-eabi/6.3.1/../../../../arm-none-eabi/lib/thumb/v7e-m/fpv4-sp/hard/libc_nano.a(lib_a-sbrkr.o)
 .debug_frame   0x0000000000004468       0x7c /usr/local/gcc-arm-none-eabi/bin/../lib/gcc/arm-none-eabi/6.3.1/../../../../arm-none-eabi/lib/thumb/v7e-m/fpv4-sp/hard/libc_nano.a(lib_a-snprintf.o)
 .debug_frame   0x00000000000044e4       0x3c /usr/local/gcc-arm-none-eabi/bin/../lib/gcc/arm-none-eabi/6.3.1/../../../../arm-none-eabi/lib/thumb/v7e-m/fpv4-sp/hard/libc_nano.a(lib_a-wctomb_r.o)
 .debug_frame   0x0000000000004520       0x30 /usr/local/gcc-arm-none-eabi/bin/../lib/gcc/arm-none-eabi/6.3.1/../../../../arm-none-eabi/lib/thumb/v7e-m/fpv4-sp/hard/libc_nano.a(lib_a-mlock.o)
 .debug_frame   0x0000000000004550       0x90 /usr/local/gcc-arm-none-eabi/bin/../lib/gcc/arm-none-eabi/6.3.1/../../../../arm-none-eabi/lib/thumb/v7e-m/fpv4-sp/hard/libc_nano.a(lib_a-nano-svfprintf.o)
 .debug_frame   0x00000000000045e0       0x60 /usr/local/gcc-arm-none-eabi/bin/../lib/gcc/arm-none-eabi/6.3.1/../../../../arm-none-eabi/lib/thumb/v7e-m/fpv4-sp/hard/libc_nano.a(lib_a-nano-vfprintf_i.o)
 .debug_frame   0x0000000000004640       0x5c /usr/local/gcc-arm-none-eabi/bin/../lib/gcc/arm-none-eabi/6.3.1/../../../../arm-none-eabi/lib/thumb/v7e-m/fpv4-sp/hard/libc_nano.a(lib_a-reent.o)
 .debug_frame   0x000000000000469c       0x28 /usr/local/gcc-arm-none-eabi/bin/../lib/gcc/arm-none-eabi/6.3.1/../../../../arm-none-eabi/lib/thumb/v7e-m/fpv4-sp/hard/libc_nano.a(lib_a-memmove.o)
 .debug_frame   0x00000000000046c4       0x3c /usr/local/gcc-arm-none-eabi/bin/../lib/gcc/arm-none-eabi/6.3.1/../../../../arm-none-eabi/lib/thumb/v7e-m/fpv4-sp/hard/libc_nano.a(lib_a-nano-reallocr.o)
 .debug_frame   0x0000000000004700       0x20 /usr/local/gcc-arm-none-eabi/bin/../lib/gcc/arm-none-eabi/6.3.1/../../../../arm-none-eabi/lib/thumb/v7e-m/fpv4-sp/hard/libc_nano.a(lib_a-nano-msizer.o)
 .debug_frame   0x0000000000004720       0x20 /usr/local/gcc-arm-none-eabi/bin/../lib/gcc/arm-none-eabi/6.3.1/../../../../arm-none-eabi/lib/thumb/v7e-m/fpv4-sp/hard/libnosys.a(sbrk.o)

.debug_info     0x0000000000000000    0x138da
 .debug_info    0x0000000000000000     0x1819 _build/nrf52832_xxaa_nrf_log_backend_serial.c.o
 .debug_info    0x0000000000001819     0x1577 _build/nrf52832_xxaa_nrf_log_frontend.c.o
 .debug_info    0x0000000000002d90      0xb2d _build/nrf52832_xxaa_app_error.c.o
 .debug_info    0x00000000000038bd      0xb54 _build/nrf52832_xxaa_app_error_weak.c.o
 .debug_info    0x0000000000004411      0xf5e _build/nrf52832_xxaa_app_util_platform.c.o
 .debug_info    0x000000000000536f      0xa1d _build/nrf52832_xxaa_nrf_strerror.c.o
 .debug_info    0x0000000000005d8c      0xdd3 _build/nrf52832_xxaa_nrf_drv_common.c.o
 .debug_info    0x0000000000006b5f     0x2465 _build/nrf52832_xxaa_nrf_drv_twi.c.o
 .debug_info    0x0000000000008fc4     0x2ed6 _build/nrf52832_xxaa_nrf_drv_uart.c.o
 .debug_info    0x000000000000be9a     0x224d _build/nrf52832_xxaa_nrf_drv_gpiote.c.o
 .debug_info    0x000000000000e0e7     0x309e _build/nrf52832_xxaa_bma2x2.c.o
 .debug_info    0x0000000000011185     0x19b4 _build/nrf52832_xxaa_main.c.o
 .debug_info    0x0000000000012b39      0xda1 _build/nrf52832_xxaa_system_nrf52.c.o

.debug_abbrev   0x0000000000000000     0x2358
 .debug_abbrev  0x0000000000000000      0x328 _build/nrf52832_xxaa_nrf_log_backend_serial.c.o
 .debug_abbrev  0x0000000000000328      0x2fa _build/nrf52832_xxaa_nrf_log_frontend.c.o
 .debug_abbrev  0x0000000000000622      0x218 _build/nrf52832_xxaa_app_error.c.o
 .debug_abbrev  0x000000000000083a      0x216 _build/nrf52832_xxaa_app_error_weak.c.o
 .debug_abbrev  0x0000000000000a50      0x30b _build/nrf52832_xxaa_app_util_platform.c.o
 .debug_abbrev  0x0000000000000d5b      0x1f4 _build/nrf52832_xxaa_nrf_strerror.c.o
 .debug_abbrev  0x0000000000000f4f      0x245 _build/nrf52832_xxaa_nrf_drv_common.c.o
 .debug_abbrev  0x0000000000001194      0x3cc _build/nrf52832_xxaa_nrf_drv_twi.c.o
 .debug_abbrev  0x0000000000001560      0x37a _build/nrf52832_xxaa_nrf_drv_uart.c.o
 .debug_abbrev  0x00000000000018da      0x3b8 _build/nrf52832_xxaa_nrf_drv_gpiote.c.o
 .debug_abbrev  0x0000000000001c92      0x1b1 _build/nrf52832_xxaa_bma2x2.c.o
 .debug_abbrev  0x0000000000001e43      0x336 _build/nrf52832_xxaa_main.c.o
 .debug_abbrev  0x0000000000002179      0x1df _build/nrf52832_xxaa_system_nrf52.c.o

.debug_aranges  0x0000000000000000      0xeb8
 .debug_aranges
                0x0000000000000000       0x80 _build/nrf52832_xxaa_nrf_log_backend_serial.c.o
 .debug_aranges
                0x0000000000000080       0xa8 _build/nrf52832_xxaa_nrf_log_frontend.c.o
 .debug_aranges
                0x0000000000000128       0x30 _build/nrf52832_xxaa_app_error.c.o
 .debug_aranges
                0x0000000000000158       0x28 _build/nrf52832_xxaa_app_error_weak.c.o
 .debug_aranges
                0x0000000000000180       0x50 _build/nrf52832_xxaa_app_util_platform.c.o
 .debug_aranges
                0x00000000000001d0       0x28 _build/nrf52832_xxaa_nrf_strerror.c.o
 .debug_aranges
                0x00000000000001f8       0x38 _build/nrf52832_xxaa_nrf_drv_common.c.o
 .debug_aranges
                0x0000000000000230      0x1b8 _build/nrf52832_xxaa_nrf_drv_twi.c.o
 .debug_aranges
                0x00000000000003e8      0x2c0 _build/nrf52832_xxaa_nrf_drv_uart.c.o
 .debug_aranges
                0x00000000000006a8      0x258 _build/nrf52832_xxaa_nrf_drv_gpiote.c.o
 .debug_aranges
                0x0000000000000900      0x4b0 _build/nrf52832_xxaa_bma2x2.c.o
 .debug_aranges
                0x0000000000000db0       0x90 _build/nrf52832_xxaa_main.c.o
 .debug_aranges
                0x0000000000000e40       0x78 _build/nrf52832_xxaa_system_nrf52.c.o

.debug_ranges   0x0000000000000000      0xe00
 .debug_ranges  0x0000000000000000       0x70 _build/nrf52832_xxaa_nrf_log_backend_serial.c.o
 .debug_ranges  0x0000000000000070       0xb0 _build/nrf52832_xxaa_nrf_log_frontend.c.o
 .debug_ranges  0x0000000000000120       0x20 _build/nrf52832_xxaa_app_error.c.o
 .debug_ranges  0x0000000000000140       0x18 _build/nrf52832_xxaa_app_error_weak.c.o
 .debug_ranges  0x0000000000000158       0x40 _build/nrf52832_xxaa_app_util_platform.c.o
 .debug_ranges  0x0000000000000198       0x18 _build/nrf52832_xxaa_nrf_strerror.c.o
 .debug_ranges  0x00000000000001b0       0x28 _build/nrf52832_xxaa_nrf_drv_common.c.o
 .debug_ranges  0x00000000000001d8      0x1a8 _build/nrf52832_xxaa_nrf_drv_twi.c.o
 .debug_ranges  0x0000000000000380      0x2b0 _build/nrf52832_xxaa_nrf_drv_uart.c.o
 .debug_ranges  0x0000000000000630      0x248 _build/nrf52832_xxaa_nrf_drv_gpiote.c.o
 .debug_ranges  0x0000000000000878      0x4a0 _build/nrf52832_xxaa_bma2x2.c.o
 .debug_ranges  0x0000000000000d18       0x80 _build/nrf52832_xxaa_main.c.o
 .debug_ranges  0x0000000000000d98       0x68 _build/nrf52832_xxaa_system_nrf52.c.o

.debug_macro    0x0000000000000000    0x15f24
 .debug_macro   0x0000000000000000      0x32c _build/nrf52832_xxaa_nrf_log_backend_serial.c.o
 .debug_macro   0x000000000000032c      0x8f8 _build/nrf52832_xxaa_nrf_log_backend_serial.c.o
 .debug_macro   0x0000000000000c24       0x22 _build/nrf52832_xxaa_nrf_log_backend_serial.c.o
 .debug_macro   0x0000000000000c46       0x4f _build/nrf52832_xxaa_nrf_log_backend_serial.c.o
 .debug_macro   0x0000000000000c95       0x51 _build/nrf52832_xxaa_nrf_log_backend_serial.c.o
 .debug_macro   0x0000000000000ce6       0xef _build/nrf52832_xxaa_nrf_log_backend_serial.c.o
 .debug_macro   0x0000000000000dd5       0x6a _build/nrf52832_xxaa_nrf_log_backend_serial.c.o
 .debug_macro   0x0000000000000e3f      0x1df _build/nrf52832_xxaa_nrf_log_backend_serial.c.o
 .debug_macro   0x000000000000101e       0x22 _build/nrf52832_xxaa_nrf_log_backend_serial.c.o
 .debug_macro   0x0000000000001040       0x58 _build/nrf52832_xxaa_nrf_log_backend_serial.c.o
 .debug_macro   0x0000000000001098       0x35 _build/nrf52832_xxaa_nrf_log_backend_serial.c.o
 .debug_macro   0x00000000000010cd       0x9c _build/nrf52832_xxaa_nrf_log_backend_serial.c.o
 .debug_macro   0x0000000000001169      0x16d _build/nrf52832_xxaa_nrf_log_backend_serial.c.o
 .debug_macro   0x00000000000012d6       0x58 _build/nrf52832_xxaa_nrf_log_backend_serial.c.o
 .debug_macro   0x000000000000132e       0x1f _build/nrf52832_xxaa_nrf_log_backend_serial.c.o
 .debug_macro   0x000000000000134d       0x43 _build/nrf52832_xxaa_nrf_log_backend_serial.c.o
 .debug_macro   0x0000000000001390       0x20 _build/nrf52832_xxaa_nrf_log_backend_serial.c.o
 .debug_macro   0x00000000000013b0      0x187 _build/nrf52832_xxaa_nrf_log_backend_serial.c.o
 .debug_macro   0x0000000000001537      0x353 _build/nrf52832_xxaa_nrf_log_backend_serial.c.o
 .debug_macro   0x000000000000188a       0x10 _build/nrf52832_xxaa_nrf_log_backend_serial.c.o
 .debug_macro   0x000000000000189a       0x35 _build/nrf52832_xxaa_nrf_log_backend_serial.c.o
 .debug_macro   0x00000000000018cf      0x169 _build/nrf52832_xxaa_nrf_log_backend_serial.c.o
 .debug_macro   0x0000000000001a38      0x16d _build/nrf52832_xxaa_nrf_log_backend_serial.c.o
 .debug_macro   0x0000000000001ba5       0x2e _build/nrf52832_xxaa_nrf_log_backend_serial.c.o
 .debug_macro   0x0000000000001bd3       0x22 _build/nrf52832_xxaa_nrf_log_backend_serial.c.o
 .debug_macro   0x0000000000001bf5       0x8e _build/nrf52832_xxaa_nrf_log_backend_serial.c.o
 .debug_macro   0x0000000000001c83       0x78 _build/nrf52832_xxaa_nrf_log_backend_serial.c.o
 .debug_macro   0x0000000000001cfb       0x22 _build/nrf52832_xxaa_nrf_log_backend_serial.c.o
 .debug_macro   0x0000000000001d1d       0x2d _build/nrf52832_xxaa_nrf_log_backend_serial.c.o
 .debug_macro   0x0000000000001d4a       0x3b _build/nrf52832_xxaa_nrf_log_backend_serial.c.o
 .debug_macro   0x0000000000001d85       0x50 _build/nrf52832_xxaa_nrf_log_backend_serial.c.o
 .debug_macro   0x0000000000001dd5      0xe66 _build/nrf52832_xxaa_nrf_log_backend_serial.c.o
 .debug_macro   0x0000000000002c3b      0x392 _build/nrf52832_xxaa_nrf_log_backend_serial.c.o
 .debug_macro   0x0000000000002fcd     0xcc8d _build/nrf52832_xxaa_nrf_log_backend_serial.c.o
 .debug_macro   0x000000000000fc5a     0x1313 _build/nrf52832_xxaa_nrf_log_backend_serial.c.o
 .debug_macro   0x0000000000010f6d       0x82 _build/nrf52832_xxaa_nrf_log_backend_serial.c.o
 .debug_macro   0x0000000000010fef      0x491 _build/nrf52832_xxaa_nrf_log_backend_serial.c.o
 .debug_macro   0x0000000000011480       0x4b _build/nrf52832_xxaa_nrf_log_backend_serial.c.o
 .debug_macro   0x00000000000114cb       0x1c _build/nrf52832_xxaa_nrf_log_backend_serial.c.o
 .debug_macro   0x00000000000114e7       0x10 _build/nrf52832_xxaa_nrf_log_backend_serial.c.o
 .debug_macro   0x00000000000114f7       0x10 _build/nrf52832_xxaa_nrf_log_backend_serial.c.o
 .debug_macro   0x0000000000011507       0xb6 _build/nrf52832_xxaa_nrf_log_backend_serial.c.o
 .debug_macro   0x00000000000115bd       0x16 _build/nrf52832_xxaa_nrf_log_backend_serial.c.o
 .debug_macro   0x00000000000115d3      0x145 _build/nrf52832_xxaa_nrf_log_backend_serial.c.o
 .debug_macro   0x0000000000011718       0x2b _build/nrf52832_xxaa_nrf_log_backend_serial.c.o
 .debug_macro   0x0000000000011743       0x10 _build/nrf52832_xxaa_nrf_log_backend_serial.c.o
 .debug_macro   0x0000000000011753       0x7f _build/nrf52832_xxaa_nrf_log_backend_serial.c.o
 .debug_macro   0x00000000000117d2       0x28 _build/nrf52832_xxaa_nrf_log_backend_serial.c.o
 .debug_macro   0x00000000000117fa       0x22 _build/nrf52832_xxaa_nrf_log_backend_serial.c.o
 .debug_macro   0x000000000001181c       0x52 _build/nrf52832_xxaa_nrf_log_backend_serial.c.o
 .debug_macro   0x000000000001186e       0x9c _build/nrf52832_xxaa_nrf_log_backend_serial.c.o
 .debug_macro   0x000000000001190a      0x2a4 _build/nrf52832_xxaa_nrf_log_backend_serial.c.o
 .debug_macro   0x0000000000011bae       0x10 _build/nrf52832_xxaa_nrf_log_backend_serial.c.o
 .debug_macro   0x0000000000011bbe       0x43 _build/nrf52832_xxaa_nrf_log_backend_serial.c.o
 .debug_macro   0x0000000000011c01      0x318 _build/nrf52832_xxaa_nrf_log_frontend.c.o
 .debug_macro   0x0000000000011f19       0x22 _build/nrf52832_xxaa_nrf_log_frontend.c.o
 .debug_macro   0x0000000000011f3b      0x16a _build/nrf52832_xxaa_nrf_log_frontend.c.o
 .debug_macro   0x00000000000120a5       0x5e _build/nrf52832_xxaa_nrf_log_frontend.c.o
 .debug_macro   0x0000000000012103       0x2e _build/nrf52832_xxaa_nrf_log_frontend.c.o
 .debug_macro   0x0000000000012131      0x2d4 _build/nrf52832_xxaa_app_error.c.o
 .debug_macro   0x0000000000012405       0x16 _build/nrf52832_xxaa_app_error.c.o
 .debug_macro   0x000000000001241b      0x497 _build/nrf52832_xxaa_app_error.c.o
 .debug_macro   0x00000000000128b2      0x164 _build/nrf52832_xxaa_app_error.c.o
 .debug_macro   0x0000000000012a16       0x16 _build/nrf52832_xxaa_app_error.c.o
 .debug_macro   0x0000000000012a2c      0x2ce _build/nrf52832_xxaa_app_error_weak.c.o
 .debug_macro   0x0000000000012cfa      0x245 _build/nrf52832_xxaa_app_util_platform.c.o
 .debug_macro   0x0000000000012f3f      0x206 _build/nrf52832_xxaa_nrf_strerror.c.o
 .debug_macro   0x0000000000013145      0x2af _build/nrf52832_xxaa_nrf_drv_common.c.o
 .debug_macro   0x00000000000133f4       0x22 _build/nrf52832_xxaa_nrf_drv_common.c.o
 .debug_macro   0x0000000000013416      0x3ed _build/nrf52832_xxaa_nrf_drv_twi.c.o
 .debug_macro   0x0000000000013803       0x69 _build/nrf52832_xxaa_nrf_drv_twi.c.o
 .debug_macro   0x000000000001386c       0x16 _build/nrf52832_xxaa_nrf_drv_twi.c.o
 .debug_macro   0x0000000000013882       0x16 _build/nrf52832_xxaa_nrf_drv_twi.c.o
 .debug_macro   0x0000000000013898      0x38e _build/nrf52832_xxaa_nrf_drv_uart.c.o
 .debug_macro   0x0000000000013c26       0x28 _build/nrf52832_xxaa_nrf_drv_uart.c.o
 .debug_macro   0x0000000000013c4e      0x3ae _build/nrf52832_xxaa_nrf_drv_gpiote.c.o
 .debug_macro   0x0000000000013ffc       0x1f _build/nrf52832_xxaa_nrf_drv_gpiote.c.o
 .debug_macro   0x000000000001401b       0x30 _build/nrf52832_xxaa_nrf_drv_gpiote.c.o
 .debug_macro   0x000000000001404b       0x16 _build/nrf52832_xxaa_nrf_drv_gpiote.c.o
 .debug_macro   0x0000000000014061       0x1a _build/nrf52832_xxaa_bma2x2.c.o
 .debug_macro   0x000000000001407b     0x18d7 _build/nrf52832_xxaa_bma2x2.c.o
 .debug_macro   0x0000000000015952      0x3df _build/nrf52832_xxaa_main.c.o
 .debug_macro   0x0000000000015d31       0x52 _build/nrf52832_xxaa_main.c.o
 .debug_macro   0x0000000000015d83       0x55 _build/nrf52832_xxaa_main.c.o
 .debug_macro   0x0000000000015dd8       0x57 _build/nrf52832_xxaa_main.c.o
 .debug_macro   0x0000000000015e2f       0xf5 _build/nrf52832_xxaa_system_nrf52.c.o

.debug_line     0x0000000000000000     0x8086
 .debug_line    0x0000000000000000      0x8cd _build/nrf52832_xxaa_nrf_log_backend_serial.c.o
 .debug_line    0x00000000000008cd      0x889 _build/nrf52832_xxaa_nrf_log_frontend.c.o
 .debug_line    0x0000000000001156      0x682 _build/nrf52832_xxaa_app_error.c.o
 .debug_line    0x00000000000017d8      0x680 _build/nrf52832_xxaa_app_error_weak.c.o
 .debug_line    0x0000000000001e58      0x58a _build/nrf52832_xxaa_app_util_platform.c.o
 .debug_line    0x00000000000023e2      0x511 _build/nrf52832_xxaa_nrf_strerror.c.o
 .debug_line    0x00000000000028f3      0x61b _build/nrf52832_xxaa_nrf_drv_common.c.o
 .debug_line    0x0000000000002f0e      0xd78 _build/nrf52832_xxaa_nrf_drv_twi.c.o
 .debug_line    0x0000000000003c86     0x10c5 _build/nrf52832_xxaa_nrf_drv_uart.c.o
 .debug_line    0x0000000000004d4b      0xf23 _build/nrf52832_xxaa_nrf_drv_gpiote.c.o
 .debug_line    0x0000000000005c6e     0x148e _build/nrf52832_xxaa_bma2x2.c.o
 .debug_line    0x00000000000070fc      0xaaf _build/nrf52832_xxaa_main.c.o
 .debug_line    0x0000000000007bab      0x4db _build/nrf52832_xxaa_system_nrf52.c.o

.debug_str      0x0000000000000000    0x7699b
 .debug_str     0x0000000000000000    0x65c31 _build/nrf52832_xxaa_nrf_log_backend_serial.c.o
                                      0x66857 (size before relaxing)
 .debug_str     0x0000000000065c31     0x1cc6 _build/nrf52832_xxaa_nrf_log_frontend.c.o
                                      0x66c9b (size before relaxing)
 .debug_str     0x00000000000678f7      0x10f _build/nrf52832_xxaa_app_error.c.o
                                      0x6668e (size before relaxing)
 .debug_str     0x0000000000067a06       0xd0 _build/nrf52832_xxaa_app_error_weak.c.o
                                      0x66626 (size before relaxing)
 .debug_str     0x0000000000067ad6      0x3ee _build/nrf52832_xxaa_app_util_platform.c.o
                                      0x60c02 (size before relaxing)
 .debug_str     0x0000000000067ec4      0x105 _build/nrf52832_xxaa_nrf_strerror.c.o
                                      0x63fa6 (size before relaxing)
 .debug_str     0x0000000000067fc9      0x1f6 _build/nrf52832_xxaa_nrf_drv_common.c.o
                                      0x6571d (size before relaxing)
 .debug_str     0x00000000000681bf     0x1a0b _build/nrf52832_xxaa_nrf_drv_twi.c.o
                                      0x68ba1 (size before relaxing)
 .debug_str     0x0000000000069bca     0x1092 _build/nrf52832_xxaa_nrf_drv_uart.c.o
                                      0x68d9a (size before relaxing)
 .debug_str     0x000000000006ac5c     0x163f _build/nrf52832_xxaa_nrf_drv_gpiote.c.o
                                      0x68ab0 (size before relaxing)
 .debug_str     0x000000000006c29b     0x9203 _build/nrf52832_xxaa_bma2x2.c.o
                                       0xb9d2 (size before relaxing)
 .debug_str     0x000000000007549e     0x1165 _build/nrf52832_xxaa_main.c.o
                                      0x710eb (size before relaxing)
 .debug_str     0x0000000000076603      0x398 _build/nrf52832_xxaa_system_nrf52.c.o
                                      0x5bb03 (size before relaxing)
