Archive member included to satisfy reference by file (symbol)

/usr/local/gcc-arm-none-eabi-6-2017-q2-update/bin/../lib/gcc/arm-none-eabi/6.3.1/../../../../arm-none-eabi/lib/thumb/v7e-m/fpv4-sp/hard/libc_nano.a(lib_a-exit.o)
                              /usr/local/gcc-arm-none-eabi-6-2017-q2-update/bin/../lib/gcc/arm-none-eabi/6.3.1/../../../../arm-none-eabi/lib/thumb/v7e-m/fpv4-sp/hard/crt0.o (exit)
/usr/local/gcc-arm-none-eabi-6-2017-q2-update/bin/../lib/gcc/arm-none-eabi/6.3.1/../../../../arm-none-eabi/lib/thumb/v7e-m/fpv4-sp/hard/libc_nano.a(lib_a-impure.o)
                              /usr/local/gcc-arm-none-eabi-6-2017-q2-update/bin/../lib/gcc/arm-none-eabi/6.3.1/../../../../arm-none-eabi/lib/thumb/v7e-m/fpv4-sp/hard/libc_nano.a(lib_a-exit.o) (_global_impure_ptr)
/usr/local/gcc-arm-none-eabi-6-2017-q2-update/bin/../lib/gcc/arm-none-eabi/6.3.1/../../../../arm-none-eabi/lib/thumb/v7e-m/fpv4-sp/hard/libc_nano.a(lib_a-init.o)
                              /usr/local/gcc-arm-none-eabi-6-2017-q2-update/bin/../lib/gcc/arm-none-eabi/6.3.1/../../../../arm-none-eabi/lib/thumb/v7e-m/fpv4-sp/hard/crt0.o (__libc_init_array)
/usr/local/gcc-arm-none-eabi-6-2017-q2-update/bin/../lib/gcc/arm-none-eabi/6.3.1/../../../../arm-none-eabi/lib/thumb/v7e-m/fpv4-sp/hard/libc_nano.a(lib_a-memset.o)
                              /usr/local/gcc-arm-none-eabi-6-2017-q2-update/bin/../lib/gcc/arm-none-eabi/6.3.1/../../../../arm-none-eabi/lib/thumb/v7e-m/fpv4-sp/hard/crt0.o (memset)
/usr/local/gcc-arm-none-eabi-6-2017-q2-update/bin/../lib/gcc/arm-none-eabi/6.3.1/../../../../arm-none-eabi/lib/thumb/v7e-m/fpv4-sp/hard/libnosys.a(_exit.o)
                              /usr/local/gcc-arm-none-eabi-6-2017-q2-update/bin/../lib/gcc/arm-none-eabi/6.3.1/../../../../arm-none-eabi/lib/thumb/v7e-m/fpv4-sp/hard/libc_nano.a(lib_a-exit.o) (_exit)
/usr/local/gcc-arm-none-eabi-6-2017-q2-update/bin/../lib/gcc/arm-none-eabi/6.3.1/../../../../arm-none-eabi/lib/thumb/v7e-m/fpv4-sp/hard/libc_nano.a(lib_a-locale.o)
                              _build/nrf52832_xxaa_nrf_log_backend_serial.c.o (__locale_ctype_ptr)
/usr/local/gcc-arm-none-eabi-6-2017-q2-update/bin/../lib/gcc/arm-none-eabi/6.3.1/../../../../arm-none-eabi/lib/thumb/v7e-m/fpv4-sp/hard/libc_nano.a(lib_a-mbtowc_r.o)
                              /usr/local/gcc-arm-none-eabi-6-2017-q2-update/bin/../lib/gcc/arm-none-eabi/6.3.1/../../../../arm-none-eabi/lib/thumb/v7e-m/fpv4-sp/hard/libc_nano.a(lib_a-locale.o) (__ascii_mbtowc)
/usr/local/gcc-arm-none-eabi-6-2017-q2-update/bin/../lib/gcc/arm-none-eabi/6.3.1/../../../../arm-none-eabi/lib/thumb/v7e-m/fpv4-sp/hard/libc_nano.a(lib_a-memcpy-stub.o)
                              _build/nrf52832_xxaa_nrf_log_backend_serial.c.o (memcpy)
/usr/local/gcc-arm-none-eabi-6-2017-q2-update/bin/../lib/gcc/arm-none-eabi/6.3.1/../../../../arm-none-eabi/lib/thumb/v7e-m/fpv4-sp/hard/libc_nano.a(lib_a-snprintf.o)
                              _build/nrf52832_xxaa_nrf_log_backend_serial.c.o (snprintf)
/usr/local/gcc-arm-none-eabi-6-2017-q2-update/bin/../lib/gcc/arm-none-eabi/6.3.1/../../../../arm-none-eabi/lib/thumb/v7e-m/fpv4-sp/hard/libc_nano.a(lib_a-strcmp.o)
                              /usr/local/gcc-arm-none-eabi-6-2017-q2-update/bin/../lib/gcc/arm-none-eabi/6.3.1/../../../../arm-none-eabi/lib/thumb/v7e-m/fpv4-sp/hard/libc_nano.a(lib_a-locale.o) (strcmp)
/usr/local/gcc-arm-none-eabi-6-2017-q2-update/bin/../lib/gcc/arm-none-eabi/6.3.1/../../../../arm-none-eabi/lib/thumb/v7e-m/fpv4-sp/hard/libc_nano.a(lib_a-strcpy.o)
                              _build/nrf52832_xxaa_SEGGER_RTT.c.o (strcpy)
/usr/local/gcc-arm-none-eabi-6-2017-q2-update/bin/../lib/gcc/arm-none-eabi/6.3.1/../../../../arm-none-eabi/lib/thumb/v7e-m/fpv4-sp/hard/libc_nano.a(lib_a-strlen.o)
                              _build/nrf52832_xxaa_nrf_log_backend_serial.c.o (strlen)
/usr/local/gcc-arm-none-eabi-6-2017-q2-update/bin/../lib/gcc/arm-none-eabi/6.3.1/../../../../arm-none-eabi/lib/thumb/v7e-m/fpv4-sp/hard/libc_nano.a(lib_a-wctomb_r.o)
                              /usr/local/gcc-arm-none-eabi-6-2017-q2-update/bin/../lib/gcc/arm-none-eabi/6.3.1/../../../../arm-none-eabi/lib/thumb/v7e-m/fpv4-sp/hard/libc_nano.a(lib_a-locale.o) (__ascii_wctomb)
/usr/local/gcc-arm-none-eabi-6-2017-q2-update/bin/../lib/gcc/arm-none-eabi/6.3.1/../../../../arm-none-eabi/lib/thumb/v7e-m/fpv4-sp/hard/libc_nano.a(lib_a-ctype_.o)
                              /usr/local/gcc-arm-none-eabi-6-2017-q2-update/bin/../lib/gcc/arm-none-eabi/6.3.1/../../../../arm-none-eabi/lib/thumb/v7e-m/fpv4-sp/hard/libc_nano.a(lib_a-locale.o) (_ctype_)
/usr/local/gcc-arm-none-eabi-6-2017-q2-update/bin/../lib/gcc/arm-none-eabi/6.3.1/../../../../arm-none-eabi/lib/thumb/v7e-m/fpv4-sp/hard/libc_nano.a(lib_a-nano-svfprintf.o)
                              /usr/local/gcc-arm-none-eabi-6-2017-q2-update/bin/../lib/gcc/arm-none-eabi/6.3.1/../../../../arm-none-eabi/lib/thumb/v7e-m/fpv4-sp/hard/libc_nano.a(lib_a-snprintf.o) (_svfprintf_r)
[...]
Memory Configuration

Name             Origin             Length             Attributes
FLASH            0x0000000000000000 0x0000000000080000 xr
RAM              0x0000000020000000 0x0000000000010000 xrw
*default*        0x0000000000000000 0xffffffffffffffff

Linker script and memory map


.text           0x0000000000000000     0x4874
 *(.isr_vector)
 .isr_vector    0x0000000000000000      0x200 _build/nrf52832_xxaa_gcc_startup_nrf52.S.o
                0x0000000000000000                __isr_vector
 *(.text*)
 .text          0x0000000000000200       0x6c /usr/local/gcc-arm-none-eabi-6-2017-q2-update/bin/../lib/gcc/arm-none-eabi/6.3.1/thumb/v7e-m/fpv4-sp/hard/crtbegin.o
 .text          0x000000000000026c       0x74 /usr/local/gcc-arm-none-eabi-6-2017-q2-update/bin/../lib/gcc/arm-none-eabi/6.3.1/../../../../arm-none-eabi/lib/thumb/v7e-m/fpv4-sp/hard/crt0.o
                0x000000000000026c                _mainCRTStartup
                0x000000000000026c                _start
 .text.exit     0x00000000000002e0       0x28 /usr/local/gcc-arm-none-eabi-6-2017-q2-update/bin/../lib/gcc/arm-none-eabi/6.3.1/../../../../arm-none-eabi/lib/thumb/v7e-m/fpv4-sp/hard/libc_nano.a(lib_a-exit.o)
                0x00000000000002e0                exit
 .text.__libc_init_array
                0x0000000000000308       0x48 /usr/local/gcc-arm-none-eabi-6-2017-q2-update/bin/../lib/gcc/arm-none-eabi/6.3.1/../../../../arm-none-eabi/lib/thumb/v7e-m/fpv4-sp/hard/libc_nano.a(lib_a-init.o)
                0x0000000000000308                __libc_init_array
 .text.memset   0x0000000000000350       0x10 /usr/local/gcc-arm-none-eabi-6-2017-q2-update/bin/../lib/gcc/arm-none-eabi/6.3.1/../../../../arm-none-eabi/lib/thumb/v7e-m/fpv4-sp/hard/libc_nano.a(lib_a-memset.o)
                0x0000000000000350                memset
 .text._exit    0x0000000000000360        0x4 /usr/local/gcc-arm-none-eabi-6-2017-q2-update/bin/../lib/gcc/arm-none-eabi/6.3.1/../../../../arm-none-eabi/lib/thumb/v7e-m/fpv4-sp/hard/libnosys.a(_exit.o)
                0x0000000000000360                _exit
 .text.uart_event_handler
                0x0000000000000364       0x28 _build/nrf52832_xxaa_nrf_log_backend_serial.c.o
 .text.nrf_log_backend_init
                0x000000000000038c       0xa4 _build/nrf52832_xxaa_nrf_log_backend_serial.c.o
                0x000000000000038c                nrf_log_backend_init
 .text.serial_is_busy
                0x0000000000000430       0x24 _build/nrf52832_xxaa_nrf_log_backend_serial.c.o
 .text.serial_tx
                0x0000000000000454       0x44 _build/nrf52832_xxaa_nrf_log_backend_serial.c.o
 .text.buf_len_update
                0x0000000000000498       0x34 _build/nrf52832_xxaa_nrf_log_backend_serial.c.o
 .text.timestamp_process
                0x00000000000004cc       0x54 _build/nrf52832_xxaa_nrf_log_backend_serial.c.o
 .text.nrf_log_backend_serial_std_handler
                0x0000000000000520      0x318 _build/nrf52832_xxaa_nrf_log_backend_serial.c.o
 .text.byte2hex
                0x0000000000000838       0x5a _build/nrf52832_xxaa_nrf_log_backend_serial.c.o
 .text.nrf_log_backend_serial_hexdump_handler
                0x0000000000000892      0x2c6 _build/nrf52832_xxaa_nrf_log_backend_serial.c.o
 .text.nrf_log_backend_std_handler_get
                0x0000000000000b58       0x14 _build/nrf52832_xxaa_nrf_log_backend_serial.c.o
                0x0000000000000b58                nrf_log_backend_std_handler_get
 .text.nrf_log_backend_hexdump_handler_get
                0x0000000000000b6c       0x14 _build/nrf52832_xxaa_nrf_log_backend_serial.c.o
                0x0000000000000b6c                nrf_log_backend_hexdump_handler_get
 .text.nrf_log_init
                0x0000000000000b80       0x36 _build/nrf52832_xxaa_nrf_log_frontend.c.o
                0x0000000000000b80                nrf_log_init
 .text.nrf_log_blocking_backend_set
                0x0000000000000bb6       0x10 _build/nrf52832_xxaa_nrf_log_frontend.c.o
                0x0000000000000bb6                nrf_log_blocking_backend_set
 *fill*         0x0000000000000bc6        0x2 
 .text.nrf_log_frontend_init
                0x0000000000000bc8       0x34 _build/nrf52832_xxaa_nrf_log_frontend.c.o
                0x0000000000000bc8                nrf_log_frontend_init
 .text.nrf_log_handlers_set
                0x0000000000000bfc       0x2c _build/nrf52832_xxaa_nrf_log_frontend.c.o
                0x0000000000000bfc                nrf_log_handlers_set
 .text.buf_prealloc
                0x0000000000000c28       0xcc _build/nrf52832_xxaa_nrf_log_frontend.c.o
 .text.nrf_log_frontend_std_0
                0x0000000000000cf4       0x8c _build/nrf52832_xxaa_nrf_log_frontend.c.o
                0x0000000000000cf4                nrf_log_frontend_std_0
 .text.nrf_log_frontend_std_1
                0x0000000000000d80       0xa0 _build/nrf52832_xxaa_nrf_log_frontend.c.o
                0x0000000000000d80                nrf_log_frontend_std_1
 .text.buffer_is_empty
                0x0000000000000e20       0x24 _build/nrf52832_xxaa_nrf_log_frontend.c.o
                0x0000000000000e20                buffer_is_empty
 .text.nrf_log_frontend_dequeue
                0x0000000000000e44      0x280 _build/nrf52832_xxaa_nrf_log_frontend.c.o
                0x0000000000000e44                nrf_log_frontend_dequeue
 .text.app_error_handler_bare
                0x00000000000010c4       0x2c _build/nrf52832_xxaa_app_error.c.o
                0x00000000000010c4                app_error_handler_bare
 .text.NVIC_SystemReset
                0x00000000000010f0       0x28 _build/nrf52832_xxaa_app_error_weak.c.o
 .text.app_error_fault_handler
                0x0000000000001118       0x40 _build/nrf52832_xxaa_app_error_weak.c.o
                0x0000000000001118                app_error_fault_handler
 .text.app_util_disable_irq
                0x0000000000001158       0x20 _build/nrf52832_xxaa_app_util_platform.c.o
                0x0000000000001158                app_util_disable_irq
 .text.app_util_enable_irq
                0x0000000000001178       0x28 _build/nrf52832_xxaa_app_util_platform.c.o
                0x0000000000001178                app_util_enable_irq
 .text.app_util_critical_region_enter
                0x00000000000011a0       0x14 _build/nrf52832_xxaa_app_util_platform.c.o
                0x00000000000011a0                app_util_critical_region_enter
 .text.app_util_critical_region_exit
                0x00000000000011b4       0x16 _build/nrf52832_xxaa_app_util_platform.c.o
                0x00000000000011b4                app_util_critical_region_exit
 *fill*         0x00000000000011ca        0x2 
 .text.NVIC_EnableIRQ
                0x00000000000011cc       0x34 _build/nrf52832_xxaa_nrf_drv_common.c.o
 .text.NVIC_ClearPendingIRQ
                0x0000000000001200       0x34 _build/nrf52832_xxaa_nrf_drv_common.c.o
 .text.NVIC_SetPriority
                0x0000000000001234       0x54 _build/nrf52832_xxaa_nrf_drv_common.c.o
 .text.nrf_drv_common_irq_enable
                0x0000000000001288       0x3a _build/nrf52832_xxaa_nrf_drv_common.c.o
                0x0000000000001288                nrf_drv_common_irq_enable
 .text.nrf_twim_task_trigger
                0x00000000000012c2       0x22 _build/nrf52832_xxaa_nrf_drv_twi.c.o
 .text.nrf_twim_event_clear
                0x00000000000012e4       0x2e _build/nrf52832_xxaa_nrf_drv_twi.c.o
 .text.nrf_twim_event_check
                0x0000000000001312       0x2a _build/nrf52832_xxaa_nrf_drv_twi.c.o
 .text.nrf_twim_int_enable
                0x000000000000133c       0x1e _build/nrf52832_xxaa_nrf_drv_twi.c.o
 .text.nrf_twim_int_disable
                0x000000000000135a       0x1e _build/nrf52832_xxaa_nrf_drv_twi.c.o
 .text.nrf_twim_enable
                0x0000000000001378       0x1c _build/nrf52832_xxaa_nrf_drv_twi.c.o
 .text.nrf_twim_pins_set
                0x0000000000001394       0x28 _build/nrf52832_xxaa_nrf_drv_twi.c.o
 .text.nrf_twim_frequency_set
                0x00000000000013bc       0x1e _build/nrf52832_xxaa_nrf_drv_twi.c.o
 .text.nrf_twim_errorsrc_get_and_clear
                0x00000000000013da       0x26 _build/nrf52832_xxaa_nrf_drv_twi.c.o
 .text.nrf_twim_address_set
                0x0000000000001400       0x20 _build/nrf52832_xxaa_nrf_drv_twi.c.o
 .text.nrf_twim_tx_buffer_set
                0x0000000000001420       0x2a _build/nrf52832_xxaa_nrf_drv_twi.c.o
 .text.nrf_twim_rx_buffer_set
                0x000000000000144a       0x2a _build/nrf52832_xxaa_nrf_drv_twi.c.o
 .text.nrf_twim_shorts_set
                0x0000000000001474       0x1e _build/nrf52832_xxaa_nrf_drv_twi.c.o
 .text.nrf_twim_txd_amount_get
                0x0000000000001492       0x1a _build/nrf52832_xxaa_nrf_drv_twi.c.o
 .text.nrf_twim_rxd_amount_get
                0x00000000000014ac       0x1a _build/nrf52832_xxaa_nrf_drv_twi.c.o
 .text.nrf_twim_tx_list_enable
                0x00000000000014c6       0x1c _build/nrf52832_xxaa_nrf_drv_twi.c.o
 .text.nrf_twim_tx_list_disable
                0x00000000000014e2       0x1c _build/nrf52832_xxaa_nrf_drv_twi.c.o
 .text.nrf_twim_rx_list_enable
                0x00000000000014fe       0x1c _build/nrf52832_xxaa_nrf_drv_twi.c.o
 .text.nrf_twim_rx_list_disable
                0x000000000000151a       0x1c _build/nrf52832_xxaa_nrf_drv_twi.c.o
 .text.nrf_drv_get_IRQn
                0x0000000000001536       0x1e _build/nrf52832_xxaa_nrf_drv_twi.c.o
 .text.nrf_drv_is_in_RAM
                0x0000000000001554       0x26 _build/nrf52832_xxaa_nrf_drv_twi.c.o
 .text.nrf_gpio_pin_port_decode
                0x000000000000157a       0x18 _build/nrf52832_xxaa_nrf_drv_twi.c.o
 .text.nrf_gpio_pin_set
                0x0000000000001592       0x2a _build/nrf52832_xxaa_nrf_drv_twi.c.o
 .text.nrf_gpio_pin_clear
                0x00000000000015bc       0x2a _build/nrf52832_xxaa_nrf_drv_twi.c.o
 .text.nrf_gpio_pin_read
                0x00000000000015e6       0x2c _build/nrf52832_xxaa_nrf_drv_twi.c.o
 .text.nrf_gpio_port_in_read
                0x0000000000001612       0x1a _build/nrf52832_xxaa_nrf_drv_twi.c.o
 .text.nrf_gpio_port_out_set
                0x000000000000162c       0x1e _build/nrf52832_xxaa_nrf_drv_twi.c.o
 .text.nrf_gpio_port_out_clear
                0x000000000000164a       0x1e _build/nrf52832_xxaa_nrf_drv_twi.c.o
 .text.nrf_delay_us
                0x0000000000001668       0xa8 _build/nrf52832_xxaa_nrf_drv_twi.c.o
 .text.twi_process_error
                0x0000000000001710       0x4a _build/nrf52832_xxaa_nrf_drv_twi.c.o
 .text.twi_clear_bus
                0x000000000000175a       0xe0 _build/nrf52832_xxaa_nrf_drv_twi.c.o
 *fill*         0x000000000000183a        0x2 
 .text.nrf_drv_twi_init
                0x000000000000183c       0xf4 _build/nrf52832_xxaa_nrf_drv_twi.c.o
                0x000000000000183c                nrf_drv_twi_init
 .text.nrf_drv_twi_enable
                0x0000000000001930       0x3c _build/nrf52832_xxaa_nrf_drv_twi.c.o
                0x0000000000001930                nrf_drv_twi_enable
 .text.twim_list_enable_handle
                0x000000000000196c       0x42 _build/nrf52832_xxaa_nrf_drv_twi.c.o
 *fill*         0x00000000000019ae        0x2 
 .text.twim_xfer
                0x00000000000019b0      0x32c _build/nrf52832_xxaa_nrf_drv_twi.c.o
 .text.nrf_drv_twi_xfer
                0x0000000000001cdc       0x44 _build/nrf52832_xxaa_nrf_drv_twi.c.o
                0x0000000000001cdc                nrf_drv_twi_xfer
 .text.nrf_drv_twi_tx
                0x0000000000001d20       0x50 _build/nrf52832_xxaa_nrf_drv_twi.c.o
                0x0000000000001d20                nrf_drv_twi_tx
 .text.nrf_drv_twi_rx
                0x0000000000001d70       0x48 _build/nrf52832_xxaa_nrf_drv_twi.c.o
                0x0000000000001d70                nrf_drv_twi_rx
 .text.irq_handler_twim
                0x0000000000001db8      0x202 _build/nrf52832_xxaa_nrf_drv_twi.c.o
 *fill*         0x0000000000001fba        0x2 
 .text.SPIM0_SPIS0_TWIM0_TWIS0_SPI0_TWI0_IRQHandler
                0x0000000000001fbc       0x18 _build/nrf52832_xxaa_nrf_drv_twi.c.o
                0x0000000000001fbc                SPIM0_SPIS0_TWIM0_TWIS0_SPI0_TWI0_IRQHandler
 .text.NVIC_DisableIRQ
                0x0000000000001fd4       0x34 _build/nrf52832_xxaa_nrf_drv_uart.c.o
 .text.nrf_uart_event_clear
                0x0000000000002008       0x2e _build/nrf52832_xxaa_nrf_drv_uart.c.o
 .text.nrf_uart_event_check
                0x0000000000002036       0x2a _build/nrf52832_xxaa_nrf_drv_uart.c.o
 .text.nrf_uart_int_enable
                0x0000000000002060       0x1e _build/nrf52832_xxaa_nrf_drv_uart.c.o
 .text.nrf_uart_int_enable_check
                0x000000000000207e       0x2a _build/nrf52832_xxaa_nrf_drv_uart.c.o
 .text.nrf_uart_int_disable
                0x00000000000020a8       0x1e _build/nrf52832_xxaa_nrf_drv_uart.c.o
 .text.nrf_uart_errorsrc_get_and_clear
                0x00000000000020c6       0x26 _build/nrf52832_xxaa_nrf_drv_uart.c.o
 .text.nrf_uart_enable
                0x00000000000020ec       0x1c _build/nrf52832_xxaa_nrf_drv_uart.c.o
 .text.nrf_uart_disable
                0x0000000000002108       0x1c _build/nrf52832_xxaa_nrf_drv_uart.c.o
 .text.nrf_uart_txrx_pins_set
                0x0000000000002124       0x28 _build/nrf52832_xxaa_nrf_drv_uart.c.o
 .text.nrf_uart_txrx_pins_disconnect
                0x000000000000214c       0x1e _build/nrf52832_xxaa_nrf_drv_uart.c.o
 .text.nrf_uart_tx_pin_get
                0x000000000000216a       0x1a _build/nrf52832_xxaa_nrf_drv_uart.c.o
 .text.nrf_uart_rx_pin_get
                0x0000000000002184       0x1a _build/nrf52832_xxaa_nrf_drv_uart.c.o
 .text.nrf_uart_rts_pin_get
                0x000000000000219e       0x1a _build/nrf52832_xxaa_nrf_drv_uart.c.o
 .text.nrf_uart_cts_pin_get
                0x00000000000021b8       0x1a _build/nrf52832_xxaa_nrf_drv_uart.c.o
 .text.nrf_uart_hwfc_pins_set
                0x00000000000021d2       0x28 _build/nrf52832_xxaa_nrf_drv_uart.c.o
 .text.nrf_uart_hwfc_pins_disconnect
                0x00000000000021fa       0x1e _build/nrf52832_xxaa_nrf_drv_uart.c.o
 .text.nrf_uart_rxd_get
                0x0000000000002218       0x1c _build/nrf52832_xxaa_nrf_drv_uart.c.o
 .text.nrf_uart_txd_set
                0x0000000000002234       0x20 _build/nrf52832_xxaa_nrf_drv_uart.c.o
 .text.nrf_uart_task_trigger
                0x0000000000002254       0x22 _build/nrf52832_xxaa_nrf_drv_uart.c.o
 .text.nrf_uart_configure
                0x0000000000002276       0x2c _build/nrf52832_xxaa_nrf_drv_uart.c.o
 .text.nrf_uart_baudrate_set
                0x00000000000022a2       0x1e _build/nrf52832_xxaa_nrf_drv_uart.c.o
 .text.nrf_uarte_event_clear
                0x00000000000022c0       0x2e _build/nrf52832_xxaa_nrf_drv_uart.c.o
 .text.nrf_uarte_event_check
                0x00000000000022ee       0x2a _build/nrf52832_xxaa_nrf_drv_uart.c.o
 .text.nrf_uarte_shorts_disable
                0x0000000000002318       0x28 _build/nrf52832_xxaa_nrf_drv_uart.c.o
 .text.nrf_uarte_int_enable
                0x0000000000002340       0x1e _build/nrf52832_xxaa_nrf_drv_uart.c.o
 .text.nrf_uarte_int_disable
                0x000000000000235e       0x1e _build/nrf52832_xxaa_nrf_drv_uart.c.o
 .text.nrf_uarte_errorsrc_get_and_clear
                0x000000000000237c       0x26 _build/nrf52832_xxaa_nrf_drv_uart.c.o
 .text.nrf_uarte_enable
                0x00000000000023a2       0x1c _build/nrf52832_xxaa_nrf_drv_uart.c.o
 .text.nrf_uarte_disable
                0x00000000000023be       0x1c _build/nrf52832_xxaa_nrf_drv_uart.c.o
 .text.nrf_uarte_txrx_pins_set
                0x00000000000023da       0x28 _build/nrf52832_xxaa_nrf_drv_uart.c.o
 .text.nrf_uarte_txrx_pins_disconnect
                0x0000000000002402       0x1e _build/nrf52832_xxaa_nrf_drv_uart.c.o
 .text.nrf_uarte_tx_pin_get
                0x0000000000002420       0x1a _build/nrf52832_xxaa_nrf_drv_uart.c.o
 .text.nrf_uarte_rx_pin_get
                0x000000000000243a       0x1a _build/nrf52832_xxaa_nrf_drv_uart.c.o
 .text.nrf_uarte_rts_pin_get
                0x0000000000002454       0x1a _build/nrf52832_xxaa_nrf_drv_uart.c.o
 .text.nrf_uarte_cts_pin_get
                0x000000000000246e       0x1a _build/nrf52832_xxaa_nrf_drv_uart.c.o
 .text.nrf_uarte_hwfc_pins_set
                0x0000000000002488       0x28 _build/nrf52832_xxaa_nrf_drv_uart.c.o
 .text.nrf_uarte_hwfc_pins_disconnect
                0x00000000000024b0       0x1e _build/nrf52832_xxaa_nrf_drv_uart.c.o
 .text.nrf_uarte_task_trigger
                0x00000000000024ce       0x22 _build/nrf52832_xxaa_nrf_drv_uart.c.o
 .text.nrf_uarte_configure
                0x00000000000024f0       0x2c _build/nrf52832_xxaa_nrf_drv_uart.c.o
 .text.nrf_uarte_baudrate_set
                0x000000000000251c       0x1e _build/nrf52832_xxaa_nrf_drv_uart.c.o
 .text.nrf_uarte_tx_buffer_set
                0x000000000000253a       0x2a _build/nrf52832_xxaa_nrf_drv_uart.c.o
 .text.nrf_uarte_tx_amount_get
                0x0000000000002564       0x1a _build/nrf52832_xxaa_nrf_drv_uart.c.o
 .text.nrf_uarte_rx_amount_get
                0x000000000000257e       0x1a _build/nrf52832_xxaa_nrf_drv_uart.c.o
 .text.nrf_drv_common_irq_disable
                0x0000000000002598       0x1c _build/nrf52832_xxaa_nrf_drv_uart.c.o
 .text.nrf_drv_get_IRQn
                0x00000000000025b4       0x1e _build/nrf52832_xxaa_nrf_drv_uart.c.o
 .text.nrf_drv_is_in_RAM
                0x00000000000025d2       0x26 _build/nrf52832_xxaa_nrf_drv_uart.c.o
 .text.nrf_gpio_pin_port_decode
                0x00000000000025f8       0x18 _build/nrf52832_xxaa_nrf_drv_uart.c.o
 .text.nrf_gpio_cfg
                0x0000000000002610       0x52 _build/nrf52832_xxaa_nrf_drv_uart.c.o
 .text.nrf_gpio_cfg_output
                0x0000000000002662       0x24 _build/nrf52832_xxaa_nrf_drv_uart.c.o
 .text.nrf_gpio_cfg_input
                0x0000000000002686       0x2a _build/nrf52832_xxaa_nrf_drv_uart.c.o
 .text.nrf_gpio_cfg_default
                0x00000000000026b0       0x24 _build/nrf52832_xxaa_nrf_drv_uart.c.o
 .text.nrf_gpio_pin_set
                0x00000000000026d4       0x2a _build/nrf52832_xxaa_nrf_drv_uart.c.o
 .text.nrf_gpio_port_out_set
                0x00000000000026fe       0x1e _build/nrf52832_xxaa_nrf_drv_uart.c.o
 .text.apply_config
                0x000000000000271c      0x164 _build/nrf52832_xxaa_nrf_drv_uart.c.o
 .text.interrupts_enable
                0x0000000000002880       0xd0 _build/nrf52832_xxaa_nrf_drv_uart.c.o
 .text.interrupts_disable
                0x0000000000002950       0x6c _build/nrf52832_xxaa_nrf_drv_uart.c.o
 .text.pins_to_default
                0x00000000000029bc       0xe8 _build/nrf52832_xxaa_nrf_drv_uart.c.o
 .text.uart_enable
                0x0000000000002aa4       0x3c _build/nrf52832_xxaa_nrf_drv_uart.c.o
 .text.uart_disable
                0x0000000000002ae0       0x3c _build/nrf52832_xxaa_nrf_drv_uart.c.o
 .text.nrf_drv_uart_init
                0x0000000000002b1c       0x90 _build/nrf52832_xxaa_nrf_drv_uart.c.o
                0x0000000000002b1c                nrf_drv_uart_init
 .text.nrf_drv_uart_uninit
                0x0000000000002bac       0x48 _build/nrf52832_xxaa_nrf_drv_uart.c.o
                0x0000000000002bac                nrf_drv_uart_uninit
 .text.tx_byte  0x0000000000002bf4       0x44 _build/nrf52832_xxaa_nrf_drv_uart.c.o
 .text.nrf_drv_uart_tx_for_uart
                0x0000000000002c38       0xe8 _build/nrf52832_xxaa_nrf_drv_uart.c.o
 .text.nrf_drv_uart_tx_for_uarte
                0x0000000000002d20       0xb4 _build/nrf52832_xxaa_nrf_drv_uart.c.o
 .text.nrf_drv_uart_tx
                0x0000000000002dd4       0x9c _build/nrf52832_xxaa_nrf_drv_uart.c.o
                0x0000000000002dd4                nrf_drv_uart_tx
 .text.nrf_drv_uart_tx_in_progress
                0x0000000000002e70       0x30 _build/nrf52832_xxaa_nrf_drv_uart.c.o
                0x0000000000002e70                nrf_drv_uart_tx_in_progress
 .text.rx_byte  0x0000000000002ea0       0x58 _build/nrf52832_xxaa_nrf_drv_uart.c.o
 .text.rx_done_event
                0x0000000000002ef8       0x32 _build/nrf52832_xxaa_nrf_drv_uart.c.o
 .text.tx_done_event
                0x0000000000002f2a       0x38 _build/nrf52832_xxaa_nrf_drv_uart.c.o
 .text.uart_irq_handler
                0x0000000000002f62      0x1d0 _build/nrf52832_xxaa_nrf_drv_uart.c.o
 .text.uarte_irq_handler
                0x0000000000003132      0x158 _build/nrf52832_xxaa_nrf_drv_uart.c.o
 *fill*         0x000000000000328a        0x2 
 .text.UARTE0_UART0_IRQHandler
                0x000000000000328c       0x2c _build/nrf52832_xxaa_nrf_drv_uart.c.o
                0x000000000000328c                UARTE0_UART0_IRQHandler
 .text.nrf_delay_us
                0x00000000000032b8       0xa8 _build/nrf52832_xxaa_main.c.o
 .text.nrf_delay_ms
                0x0000000000003360       0x20 _build/nrf52832_xxaa_main.c.o
 .text.m24c04_handler
                0x0000000000003380       0x40 _build/nrf52832_xxaa_main.c.o
                0x0000000000003380                m24c04_handler
 .text.twi_init
                0x00000000000033c0       0x58 _build/nrf52832_xxaa_main.c.o
                0x00000000000033c0                twi_init
 .text.WaitForDone
                0x0000000000003418       0x20 _build/nrf52832_xxaa_main.c.o
                0x0000000000003418                WaitForDone
 .text.BQ24160_IIC0_EWriteByte
                0x0000000000003438       0x58 _build/nrf52832_xxaa_main.c.o
                0x0000000000003438                BQ24160_IIC0_EWriteByte
 .text.BQ24160_IIC0_EReadByte
                0x0000000000003490       0x7c _build/nrf52832_xxaa_main.c.o
                0x0000000000003490                BQ24160_IIC0_EReadByte
 .text.TestRegister
                0x000000000000350c       0x74 _build/nrf52832_xxaa_main.c.o
                0x000000000000350c                TestRegister
 .text.main     0x0000000000003580      0x130 _build/nrf52832_xxaa_main.c.o
                0x0000000000003580                main
 .text          0x00000000000036b0       0x3c _build/nrf52832_xxaa_gcc_startup_nrf52.S.o
                0x00000000000036b0                Reset_Handler
                0x00000000000036d8                NMI_Handler
                0x00000000000036da                HardFault_Handler
                0x00000000000036dc                MemoryManagement_Handler
                0x00000000000036de                BusFault_Handler
                0x00000000000036e0                UsageFault_Handler
                0x00000000000036e2                SVC_Handler
                0x00000000000036e4                DebugMon_Handler
                0x00000000000036e6                PendSV_Handler
                0x00000000000036e8                SysTick_Handler
                0x00000000000036ea                QDEC_IRQHandler
                0x00000000000036ea                TIMER3_IRQHandler
                0x00000000000036ea                FPU_IRQHandler
                0x00000000000036ea                TIMER4_IRQHandler
                0x00000000000036ea                I2S_IRQHandler
                0x00000000000036ea                SWI4_EGU4_IRQHandler
                0x00000000000036ea                TIMER0_IRQHandler
                0x00000000000036ea                TIMER1_IRQHandler
                0x00000000000036ea                PWM2_IRQHandler
                0x00000000000036ea                ECB_IRQHandler
                0x00000000000036ea                SPIM1_SPIS1_TWIM1_TWIS1_SPI1_TWI1_IRQHandler
                0x00000000000036ea                Default_Handler
                0x00000000000036ea                SAADC_IRQHandler
                0x00000000000036ea                CCM_AAR_IRQHandler
                0x00000000000036ea                WDT_IRQHandler
                0x00000000000036ea                SWI5_EGU5_IRQHandler
                0x00000000000036ea                RNG_IRQHandler
                0x00000000000036ea                RTC2_IRQHandler
                0x00000000000036ea                PWM0_IRQHandler
                0x00000000000036ea                SWI3_EGU3_IRQHandler
                0x00000000000036ea                RTC1_IRQHandler
                0x00000000000036ea                SWI1_EGU1_IRQHandler
                0x00000000000036ea                SPIM2_SPIS2_SPI2_IRQHandler
                0x00000000000036ea                NFCT_IRQHandler
                0x00000000000036ea                MWU_IRQHandler
                0x00000000000036ea                TIMER2_IRQHandler
                0x00000000000036ea                COMP_LPCOMP_IRQHandler
                0x00000000000036ea                RTC0_IRQHandler
                0x00000000000036ea                SWI0_EGU0_IRQHandler
                0x00000000000036ea                SWI2_EGU2_IRQHandler
                0x00000000000036ea                GPIOTE_IRQHandler
                0x00000000000036ea                PWM1_IRQHandler
                0x00000000000036ea                POWER_CLOCK_IRQHandler
                0x00000000000036ea                RADIO_IRQHandler
                0x00000000000036ea                PDM_IRQHandler
                0x00000000000036ea                TEMP_IRQHandler
 .text.NVIC_SystemReset
                0x00000000000036ec       0x28 _build/nrf52832_xxaa_system_nrf52.c.o
 .text.SystemCoreClockUpdate
                0x0000000000003714       0x1c _build/nrf52832_xxaa_system_nrf52.c.o
                0x0000000000003714                SystemCoreClockUpdate
 .text.SystemInit
                0x0000000000003730      0x298 _build/nrf52832_xxaa_system_nrf52.c.o
                0x0000000000003730                SystemInit
 .text.errata_12
                0x00000000000039c8       0x64 _build/nrf52832_xxaa_system_nrf52.c.o
 .text.errata_16
                0x0000000000003a2c       0x44 _build/nrf52832_xxaa_system_nrf52.c.o
 .text.errata_31
                0x0000000000003a70       0x64 _build/nrf52832_xxaa_system_nrf52.c.o
 .text.errata_32
                0x0000000000003ad4       0x44 _build/nrf52832_xxaa_system_nrf52.c.o
 .text.errata_36
                0x0000000000003b18       0x64 _build/nrf52832_xxaa_system_nrf52.c.o
 .text.errata_37
                0x0000000000003b7c       0x44 _build/nrf52832_xxaa_system_nrf52.c.o
 .text.errata_57
                0x0000000000003bc0       0x44 _build/nrf52832_xxaa_system_nrf52.c.o
 .text.errata_66
                0x0000000000003c04       0x44 _build/nrf52832_xxaa_system_nrf52.c.o
 .text.errata_108
                0x0000000000003c48       0x64 _build/nrf52832_xxaa_system_nrf52.c.o
 .text.__locale_ctype_ptr
                0x0000000000003cac       0x1c /usr/local/gcc-arm-none-eabi-6-2017-q2-update/bin/../lib/gcc/arm-none-eabi/6.3.1/../../../../arm-none-eabi/lib/thumb/v7e-m/fpv4-sp/hard/libc_nano.a(lib_a-locale.o)
                0x0000000000003cac                __locale_ctype_ptr
 .text.__ascii_mbtowc
                0x0000000000003cc8       0x24 /usr/local/gcc-arm-none-eabi-6-2017-q2-update/bin/../lib/gcc/arm-none-eabi/6.3.1/../../../../arm-none-eabi/lib/thumb/v7e-m/fpv4-sp/hard/libc_nano.a(lib_a-mbtowc_r.o)
                0x0000000000003cc8                __ascii_mbtowc
 .text.memcpy   0x0000000000003cec       0x16 /usr/local/gcc-arm-none-eabi-6-2017-q2-update/bin/../lib/gcc/arm-none-eabi/6.3.1/../../../../arm-none-eabi/lib/thumb/v7e-m/fpv4-sp/hard/libc_nano.a(lib_a-memcpy-stub.o)
                0x0000000000003cec                memcpy
 *fill*         0x0000000000003d02        0x2 
 .text.snprintf
                0x0000000000003d04       0x68 /usr/local/gcc-arm-none-eabi-6-2017-q2-update/bin/../lib/gcc/arm-none-eabi/6.3.1/../../../../arm-none-eabi/lib/thumb/v7e-m/fpv4-sp/hard/libc_nano.a(lib_a-snprintf.o)
                0x0000000000003d04                snprintf
                0x0000000000003d04                sniprintf
 .text          0x0000000000003d6c       0x10 /usr/local/gcc-arm-none-eabi-6-2017-q2-update/bin/../lib/gcc/arm-none-eabi/6.3.1/../../../../arm-none-eabi/lib/thumb/v7e-m/fpv4-sp/hard/libc_nano.a(lib_a-strlen.o)
                0x0000000000003d6c                strlen
 .text.__ascii_wctomb
                0x0000000000003d7c       0x1a /usr/local/gcc-arm-none-eabi-6-2017-q2-update/bin/../lib/gcc/arm-none-eabi/6.3.1/../../../../arm-none-eabi/lib/thumb/v7e-m/fpv4-sp/hard/libc_nano.a(lib_a-wctomb_r.o)
                0x0000000000003d7c                __ascii_wctomb
 .text.__ssputs_r
                0x0000000000003d96       0xb6 /usr/local/gcc-arm-none-eabi-6-2017-q2-update/bin/../lib/gcc/arm-none-eabi/6.3.1/../../../../arm-none-eabi/lib/thumb/v7e-m/fpv4-sp/hard/libc_nano.a(lib_a-nano-svfprintf.o)
                0x0000000000003d96                __ssputs_r
 .text._svfprintf_r
                0x0000000000003e4c      0x1e8 /usr/local/gcc-arm-none-eabi-6-2017-q2-update/bin/../lib/gcc/arm-none-eabi/6.3.1/../../../../arm-none-eabi/lib/thumb/v7e-m/fpv4-sp/hard/libc_nano.a(lib_a-nano-svfprintf.o)
                0x0000000000003e4c                _svfprintf_r
                0x0000000000003e4c                _svfiprintf_r
 .text._printf_common
                0x0000000000004034       0xec /usr/local/gcc-arm-none-eabi-6-2017-q2-update/bin/../lib/gcc/arm-none-eabi/6.3.1/../../../../arm-none-eabi/lib/thumb/v7e-m/fpv4-sp/hard/libc_nano.a(lib_a-nano-vfprintf_i.o)
                0x0000000000004034                _printf_common
 .text._printf_i
                0x0000000000004120      0x240 /usr/local/gcc-arm-none-eabi-6-2017-q2-update/bin/../lib/gcc/arm-none-eabi/6.3.1/../../../../arm-none-eabi/lib/thumb/v7e-m/fpv4-sp/hard/libc_nano.a(lib_a-nano-vfprintf_i.o)
                0x0000000000004120                _printf_i
 .text          0x0000000000004360       0xa0 /usr/local/gcc-arm-none-eabi-6-2017-q2-update/bin/../lib/gcc/arm-none-eabi/6.3.1/../../../../arm-none-eabi/lib/thumb/v7e-m/fpv4-sp/hard/libc_nano.a(lib_a-memchr.o)
                0x0000000000004360                memchr
 .text.memmove  0x0000000000004400       0x34 /usr/local/gcc-arm-none-eabi-6-2017-q2-update/bin/../lib/gcc/arm-none-eabi/6.3.1/../../../../arm-none-eabi/lib/thumb/v7e-m/fpv4-sp/hard/libc_nano.a(lib_a-memmove.o)
                0x0000000000004400                memmove
 .text._free_r  0x0000000000004434       0x9c /usr/local/gcc-arm-none-eabi-6-2017-q2-update/bin/../lib/gcc/arm-none-eabi/6.3.1/../../../../arm-none-eabi/lib/thumb/v7e-m/fpv4-sp/hard/libc_nano.a(lib_a-nano-freer.o)
                0x0000000000004434                _free_r
 .text._malloc_r
                0x00000000000044d0       0xbc /usr/local/gcc-arm-none-eabi-6-2017-q2-update/bin/../lib/gcc/arm-none-eabi/6.3.1/../../../../arm-none-eabi/lib/thumb/v7e-m/fpv4-sp/hard/libc_nano.a(lib_a-nano-mallocr.o)
                0x00000000000044d0                _malloc_r
 .text._realloc_r
                0x000000000000458c       0x4c /usr/local/gcc-arm-none-eabi-6-2017-q2-update/bin/../lib/gcc/arm-none-eabi/6.3.1/../../../../arm-none-eabi/lib/thumb/v7e-m/fpv4-sp/hard/libc_nano.a(lib_a-nano-reallocr.o)
                0x000000000000458c                _realloc_r
 .text._sbrk_r  0x00000000000045d8       0x20 /usr/local/gcc-arm-none-eabi-6-2017-q2-update/bin/../lib/gcc/arm-none-eabi/6.3.1/../../../../arm-none-eabi/lib/thumb/v7e-m/fpv4-sp/hard/libc_nano.a(lib_a-sbrkr.o)
                0x00000000000045d8                _sbrk_r
 .text.__malloc_lock
                0x00000000000045f8        0x2 /usr/local/gcc-arm-none-eabi-6-2017-q2-update/bin/../lib/gcc/arm-none-eabi/6.3.1/../../../../arm-none-eabi/lib/thumb/v7e-m/fpv4-sp/hard/libc_nano.a(lib_a-mlock.o)
                0x00000000000045f8                __malloc_lock
 .text.__malloc_unlock
                0x00000000000045fa        0x2 /usr/local/gcc-arm-none-eabi-6-2017-q2-update/bin/../lib/gcc/arm-none-eabi/6.3.1/../../../../arm-none-eabi/lib/thumb/v7e-m/fpv4-sp/hard/libc_nano.a(lib_a-mlock.o)
                0x00000000000045fa                __malloc_unlock
 .text._malloc_usable_size_r
                0x00000000000045fc       0x12 /usr/local/gcc-arm-none-eabi-6-2017-q2-update/bin/../lib/gcc/arm-none-eabi/6.3.1/../../../../arm-none-eabi/lib/thumb/v7e-m/fpv4-sp/hard/libc_nano.a(lib_a-nano-msizer.o)
                0x00000000000045fc                _malloc_usable_size_r
 *fill*         0x000000000000460e        0x2 
 .text._sbrk    0x0000000000004610       0x1c /usr/local/gcc-arm-none-eabi-6-2017-q2-update/bin/../lib/gcc/arm-none-eabi/6.3.1/../../../../arm-none-eabi/lib/thumb/v7e-m/fpv4-sp/hard/libnosys.a(sbrk.o)
                0x0000000000004610                _sbrk
 *(.init)
 .init          0x000000000000462c        0x4 /usr/local/gcc-arm-none-eabi-6-2017-q2-update/bin/../lib/gcc/arm-none-eabi/6.3.1/thumb/v7e-m/fpv4-sp/hard/crti.o
                0x000000000000462c                _init
 .init          0x0000000000004630        0x8 /usr/local/gcc-arm-none-eabi-6-2017-q2-update/bin/../lib/gcc/arm-none-eabi/6.3.1/thumb/v7e-m/fpv4-sp/hard/crtn.o
 *(.fini)
 .fini          0x0000000000004638        0x4 /usr/local/gcc-arm-none-eabi-6-2017-q2-update/bin/../lib/gcc/arm-none-eabi/6.3.1/thumb/v7e-m/fpv4-sp/hard/crti.o
                0x0000000000004638                _fini
 .fini          0x000000000000463c        0x8 /usr/local/gcc-arm-none-eabi-6-2017-q2-update/bin/../lib/gcc/arm-none-eabi/6.3.1/thumb/v7e-m/fpv4-sp/hard/crtn.o
 *crtbegin.o(.ctors)
 *crtbegin?.o(.ctors)
 *(EXCLUDE_FILE(*crtend.o *crtend?.o) .ctors)
 *(SORT(.ctors.*))
 *(.ctors)
 *crtbegin.o(.dtors)
 *crtbegin?.o(.dtors)
 *(EXCLUDE_FILE(*crtend.o *crtend?.o) .dtors)
 *(SORT(.dtors.*))
 *(.dtors)
 *(.rodata*)
 .rodata._global_impure_ptr
                0x0000000000004644        0x4 /usr/local/gcc-arm-none-eabi-6-2017-q2-update/bin/../lib/gcc/arm-none-eabi/6.3.1/../../../../arm-none-eabi/lib/thumb/v7e-m/fpv4-sp/hard/libc_nano.a(lib_a-impure.o)
                0x0000000000004644                _global_impure_ptr
 .rodata        0x0000000000004648       0x27 _build/nrf52832_xxaa_nrf_log_backend_serial.c.o
 *fill*         0x000000000000466f        0x1 
 .rodata        0x0000000000004670        0xb _build/nrf52832_xxaa_nrf_log_frontend.c.o
 *fill*         0x000000000000467b        0x1 
 .rodata        0x000000000000467c       0x29 _build/nrf52832_xxaa_app_error_weak.c.o
 *fill*         0x00000000000046a5        0x3 
 .rodata.m_twi  0x00000000000046a8        0x8 _build/nrf52832_xxaa_main.c.o
 .rodata        0x00000000000046b0       0x80 _build/nrf52832_xxaa_main.c.o
 .rodata._setlocale_r.str1.1
                0x0000000000004730        0x8 /usr/local/gcc-arm-none-eabi-6-2017-q2-update/bin/../lib/gcc/arm-none-eabi/6.3.1/../../../../arm-none-eabi/lib/thumb/v7e-m/fpv4-sp/hard/libc_nano.a(lib_a-locale.o)
                                          0x9 (size before relaxing)
 .rodata.str1.1
                0x0000000000004738        0x2 /usr/local/gcc-arm-none-eabi-6-2017-q2-update/bin/../lib/gcc/arm-none-eabi/6.3.1/../../../../arm-none-eabi/lib/thumb/v7e-m/fpv4-sp/hard/libc_nano.a(lib_a-locale.o)
 .rodata._ctype_
                0x000000000000473a      0x101 /usr/local/gcc-arm-none-eabi-6-2017-q2-update/bin/../lib/gcc/arm-none-eabi/6.3.1/../../../../arm-none-eabi/lib/thumb/v7e-m/fpv4-sp/hard/libc_nano.a(lib_a-ctype_.o)
                0x000000000000473a                _ctype_
 .rodata._svfprintf_r.str1.1
                0x000000000000483b       0x11 /usr/local/gcc-arm-none-eabi-6-2017-q2-update/bin/../lib/gcc/arm-none-eabi/6.3.1/../../../../arm-none-eabi/lib/thumb/v7e-m/fpv4-sp/hard/libc_nano.a(lib_a-nano-svfprintf.o)
 .rodata._printf_i.str1.1
                0x000000000000484c       0x22 /usr/local/gcc-arm-none-eabi-6-2017-q2-update/bin/../lib/gcc/arm-none-eabi/6.3.1/../../../../arm-none-eabi/lib/thumb/v7e-m/fpv4-sp/hard/libc_nano.a(lib_a-nano-vfprintf_i.o)
 *(.eh_frame*)
 *fill*         0x000000000000486e        0x2 
 .eh_frame      0x0000000000004870        0x0 /usr/local/gcc-arm-none-eabi-6-2017-q2-update/bin/../lib/gcc/arm-none-eabi/6.3.1/thumb/v7e-m/fpv4-sp/hard/crtbegin.o
 .eh_frame      0x0000000000004870        0x4 /usr/local/gcc-arm-none-eabi-6-2017-q2-update/bin/../lib/gcc/arm-none-eabi/6.3.1/thumb/v7e-m/fpv4-sp/hard/crtend.o

.glue_7         0x0000000000004874        0x0
 .glue_7        0x0000000000004874        0x0 linker stubs

.glue_7t        0x0000000000004874        0x0
 .glue_7t       0x0000000000004874        0x0 linker stubs

.vfp11_veneer   0x0000000000004874        0x0
 .vfp11_veneer  0x0000000000004874        0x0 linker stubs

.v4_bx          0x0000000000004874        0x0
 .v4_bx         0x0000000000004874        0x0 linker stubs

.iplt           0x0000000000004874        0x0
 .iplt          0x0000000000004874        0x0 /usr/local/gcc-arm-none-eabi-6-2017-q2-update/bin/../lib/gcc/arm-none-eabi/6.3.1/thumb/v7e-m/fpv4-sp/hard/crtbegin.o

.pwr_mgmt_data  0x0000000000004874        0x0
                [!provide]                        PROVIDE (__start_pwr_mgmt_data, .)
 *(SORT(.pwr_mgmt_data*))
                [!provide]                        PROVIDE (__stop_pwr_mgmt_data, .)

.ARM.extab
 *(.ARM.extab* .gnu.linkonce.armextab.*)
                0x0000000000004874                __exidx_start = .

.ARM.exidx      0x0000000000004874        0x8
 *(.ARM.exidx* .gnu.linkonce.armexidx.*)
 .ARM.exidx     0x0000000000004874        0x8 /usr/local/gcc-arm-none-eabi-6-2017-q2-update/bin/../lib/gcc/arm-none-eabi/6.3.1/../../../../arm-none-eabi/lib/thumb/v7e-m/fpv4-sp/hard/crt0.o
                0x000000000000487c                __exidx_end = .
                0x000000000000487c                __etext = .

.rel.dyn        0x000000000000487c        0x0
 .rel.iplt      0x000000000000487c        0x0 /usr/local/gcc-arm-none-eabi-6-2017-q2-update/bin/../lib/gcc/arm-none-eabi/6.3.1/thumb/v7e-m/fpv4-sp/hard/crtbegin.o

.data           0x0000000020000000      0x1ec load address 0x000000000000487c
                0x0000000020000000                __data_start__ = .
 *(vtable)
 *(.data*)
 .data._impure_ptr
                0x0000000020000000        0x4 /usr/local/gcc-arm-none-eabi-6-2017-q2-update/bin/../lib/gcc/arm-none-eabi/6.3.1/../../../../arm-none-eabi/lib/thumb/v7e-m/fpv4-sp/hard/libc_nano.a(lib_a-impure.o)
                0x0000000020000000                _impure_ptr
 .data.impure_data
                0x0000000020000004       0x60 /usr/local/gcc-arm-none-eabi-6-2017-q2-update/bin/../lib/gcc/arm-none-eabi/6.3.1/../../../../arm-none-eabi/lib/thumb/v7e-m/fpv4-sp/hard/libc_nano.a(lib_a-impure.o)
 .data.m_uart   0x0000000020000064        0x8 _build/nrf52832_xxaa_nrf_log_backend_serial.c.o
 .data.m_overflow_info
                0x000000002000006c        0x4 _build/nrf52832_xxaa_nrf_log_frontend.c.o
 .data.SystemCoreClock
                0x0000000020000070        0x4 _build/nrf52832_xxaa_system_nrf52.c.o
                0x0000000020000070                SystemCoreClock
 .data.__global_locale
                0x0000000020000074      0x16c /usr/local/gcc-arm-none-eabi-6-2017-q2-update/bin/../lib/gcc/arm-none-eabi/6.3.1/../../../../arm-none-eabi/lib/thumb/v7e-m/fpv4-sp/hard/libc_nano.a(lib_a-locale.o)
                0x0000000020000074                __global_locale
                0x00000000200001e0                . = ALIGN (0x4)
                0x00000000200001e0                PROVIDE (__preinit_array_start, .)
 *(.preinit_array)
                0x00000000200001e0                PROVIDE (__preinit_array_end, .)
                0x00000000200001e0                . = ALIGN (0x4)
                0x00000000200001e0                PROVIDE (__init_array_start, .)
 *(SORT(.init_array.*))
 *(.init_array)
 .init_array    0x00000000200001e0        0x4 /usr/local/gcc-arm-none-eabi-6-2017-q2-update/bin/../lib/gcc/arm-none-eabi/6.3.1/thumb/v7e-m/fpv4-sp/hard/crtbegin.o
                0x00000000200001e4                PROVIDE (__init_array_end, .)
                0x00000000200001e4                . = ALIGN (0x4)
                [!provide]                        PROVIDE (__fini_array_start, .)
 *(SORT(.fini_array.*))
 *(.fini_array)
 .fini_array    0x00000000200001e4        0x4 /usr/local/gcc-arm-none-eabi-6-2017-q2-update/bin/../lib/gcc/arm-none-eabi/6.3.1/thumb/v7e-m/fpv4-sp/hard/crtbegin.o
                [!provide]                        PROVIDE (__fini_array_end, .)
 *(.jcr*)
 .jcr           0x00000000200001e8        0x0 /usr/local/gcc-arm-none-eabi-6-2017-q2-update/bin/../lib/gcc/arm-none-eabi/6.3.1/thumb/v7e-m/fpv4-sp/hard/crtbegin.o
 .jcr           0x00000000200001e8        0x4 /usr/local/gcc-arm-none-eabi-6-2017-q2-update/bin/../lib/gcc/arm-none-eabi/6.3.1/thumb/v7e-m/fpv4-sp/hard/crtend.o
                0x00000000200001ec                . = ALIGN (0x4)
                0x00000000200001ec                __data_end__ = .
LOAD /usr/local/gcc-arm-none-eabi-6-2017-q2-update/bin/../lib/gcc/arm-none-eabi/6.3.1/thumb/v7e-m/fpv4-sp/hard/crti.o
LOAD /usr/local/gcc-arm-none-eabi-6-2017-q2-update/bin/../lib/gcc/arm-none-eabi/6.3.1/thumb/v7e-m/fpv4-sp/hard/crtbegin.o
LOAD /usr/local/gcc-arm-none-eabi-6-2017-q2-update/bin/../lib/gcc/arm-none-eabi/6.3.1/../../../../arm-none-eabi/lib/thumb/v7e-m/fpv4-sp/hard/crt0.o
LOAD /usr/local/gcc-arm-none-eabi-6-2017-q2-update/bin/../lib/gcc/arm-none-eabi/6.3.1/../../../../arm-none-eabi/lib/thumb/v7e-m/fpv4-sp/hard/libc_nano.a
LOAD /usr/local/gcc-arm-none-eabi-6-2017-q2-update/bin/../lib/gcc/arm-none-eabi/6.3.1/../../../../arm-none-eabi/lib/thumb/v7e-m/fpv4-sp/hard/libnosys.a
LOAD _build/nrf52832_xxaa_nrf_log_backend_serial.c.o
LOAD _build/nrf52832_xxaa_nrf_log_frontend.c.o
LOAD _build/nrf52832_xxaa_boards.c.o
LOAD _build/nrf52832_xxaa_app_error.c.o
LOAD _build/nrf52832_xxaa_app_error_weak.c.o
LOAD _build/nrf52832_xxaa_app_util_platform.c.o
LOAD _build/nrf52832_xxaa_nrf_assert.c.o
LOAD _build/nrf52832_xxaa_nrf_strerror.c.o
LOAD _build/nrf52832_xxaa_nrf_drv_common.c.o
LOAD _build/nrf52832_xxaa_nrf_drv_twi.c.o
LOAD _build/nrf52832_xxaa_nrf_drv_uart.c.o
LOAD _build/nrf52832_xxaa_main.c.o
LOAD _build/nrf52832_xxaa_RTT_Syscalls_GCC.c.o
LOAD _build/nrf52832_xxaa_SEGGER_RTT.c.o
LOAD _build/nrf52832_xxaa_SEGGER_RTT_printf.c.o
LOAD _build/nrf52832_xxaa_gcc_startup_nrf52.S.o
LOAD _build/nrf52832_xxaa_system_nrf52.c.o
LOAD /usr/local/gcc-arm-none-eabi-6-2017-q2-update/bin/../lib/gcc/arm-none-eabi/6.3.1/../../../../arm-none-eabi/lib/thumb/v7e-m/fpv4-sp/hard/libm.a
START GROUP
LOAD /usr/local/gcc-arm-none-eabi-6-2017-q2-update/bin/../lib/gcc/arm-none-eabi/6.3.1/thumb/v7e-m/fpv4-sp/hard/libgcc.a
LOAD /usr/local/gcc-arm-none-eabi-6-2017-q2-update/bin/../lib/gcc/arm-none-eabi/6.3.1/../../../../arm-none-eabi/lib/thumb/v7e-m/fpv4-sp/hard/libc_nano.a
END GROUP
START GROUP
LOAD /usr/local/gcc-arm-none-eabi-6-2017-q2-update/bin/../lib/gcc/arm-none-eabi/6.3.1/thumb/v7e-m/fpv4-sp/hard/libgcc.a
LOAD /usr/local/gcc-arm-none-eabi-6-2017-q2-update/bin/../lib/gcc/arm-none-eabi/6.3.1/../../../../arm-none-eabi/lib/thumb/v7e-m/fpv4-sp/hard/libc_nano.a
END GROUP
LOAD /usr/local/gcc-arm-none-eabi-6-2017-q2-update/bin/../lib/gcc/arm-none-eabi/6.3.1/thumb/v7e-m/fpv4-sp/hard/crtend.o
LOAD /usr/local/gcc-arm-none-eabi-6-2017-q2-update/bin/../lib/gcc/arm-none-eabi/6.3.1/thumb/v7e-m/fpv4-sp/hard/crtn.o
START GROUP
LOAD /usr/local/gcc-arm-none-eabi-6-2017-q2-update/bin/../lib/gcc/arm-none-eabi/6.3.1/thumb/v7e-m/fpv4-sp/hard/libgcc.a
LOAD /usr/local/gcc-arm-none-eabi-6-2017-q2-update/bin/../lib/gcc/arm-none-eabi/6.3.1/../../../../arm-none-eabi/lib/thumb/v7e-m/fpv4-sp/hard/libc.a
LOAD /usr/local/gcc-arm-none-eabi-6-2017-q2-update/bin/../lib/gcc/arm-none-eabi/6.3.1/../../../../arm-none-eabi/lib/thumb/v7e-m/fpv4-sp/hard/libnosys.a
END GROUP

.igot.plt       0x00000000200001ec        0x0 load address 0x0000000000004a68
 .igot.plt      0x00000000200001ec        0x0 /usr/local/gcc-arm-none-eabi-6-2017-q2-update/bin/../lib/gcc/arm-none-eabi/6.3.1/thumb/v7e-m/fpv4-sp/hard/crtbegin.o

.fs_data        0x00000000200001ec        0x0
                [!provide]                        PROVIDE (__start_fs_data, .)
 *(.fs_data)
                [!provide]                        PROVIDE (__stop_fs_data, .)

.bss            0x00000000200001ec      0x59c load address 0x0000000000004a68
                0x00000000200001ec                . = ALIGN (0x4)
                0x00000000200001ec                __bss_start__ = .
 *(.bss*)
 .bss           0x00000000200001ec       0x1c /usr/local/gcc-arm-none-eabi-6-2017-q2-update/bin/../lib/gcc/arm-none-eabi/6.3.1/thumb/v7e-m/fpv4-sp/hard/crtbegin.o
 .bss.m_uart_buffer
                0x0000000020000208      0x100 _build/nrf52832_xxaa_nrf_log_backend_serial.c.o
 .bss.m_initialized
                0x0000000020000308        0x1 _build/nrf52832_xxaa_nrf_log_backend_serial.c.o
 .bss.m_blocking_mode
                0x0000000020000309        0x1 _build/nrf52832_xxaa_nrf_log_backend_serial.c.o
 .bss.m_rx_done
                0x000000002000030a        0x1 _build/nrf52832_xxaa_nrf_log_backend_serial.c.o
 *fill*         0x000000002000030b        0x1 
 .bss.m_log_data
                0x000000002000030c      0x418 _build/nrf52832_xxaa_nrf_log_frontend.c.o
 .bss.m_in_critical_region
                0x0000000020000724        0x4 _build/nrf52832_xxaa_app_util_platform.c.o
 .bss.m_cb      0x0000000020000728       0x28 _build/nrf52832_xxaa_nrf_drv_twi.c.o
 .bss.m_cb      0x0000000020000750       0x20 _build/nrf52832_xxaa_nrf_drv_uart.c.o
 .bss.m_xfer_done
                0x0000000020000770        0x1 _build/nrf52832_xxaa_main.c.o
 *fill*         0x0000000020000771        0x3 
 .bss.bq24160_has_fault
                0x0000000020000774        0x4 _build/nrf52832_xxaa_main.c.o
 .bss.__malloc_free_list
                0x0000000020000778        0x4 /usr/local/gcc-arm-none-eabi-6-2017-q2-update/bin/../lib/gcc/arm-none-eabi/6.3.1/../../../../arm-none-eabi/lib/thumb/v7e-m/fpv4-sp/hard/libc_nano.a(lib_a-nano-mallocr.o)
                0x0000000020000778                __malloc_free_list
 .bss.__malloc_sbrk_start
                0x000000002000077c        0x4 /usr/local/gcc-arm-none-eabi-6-2017-q2-update/bin/../lib/gcc/arm-none-eabi/6.3.1/../../../../arm-none-eabi/lib/thumb/v7e-m/fpv4-sp/hard/libc_nano.a(lib_a-nano-mallocr.o)
                0x000000002000077c                __malloc_sbrk_start
 .bss.heap_end.5239
                0x0000000020000780        0x4 /usr/local/gcc-arm-none-eabi-6-2017-q2-update/bin/../lib/gcc/arm-none-eabi/6.3.1/../../../../arm-none-eabi/lib/thumb/v7e-m/fpv4-sp/hard/libnosys.a(sbrk.o)
 *(COMMON)
 COMMON         0x0000000020000784        0x4 /usr/local/gcc-arm-none-eabi-6-2017-q2-update/bin/../lib/gcc/arm-none-eabi/6.3.1/../../../../arm-none-eabi/lib/thumb/v7e-m/fpv4-sp/hard/libc_nano.a(lib_a-reent.o)
                0x0000000020000784                errno
                0x0000000020000788                . = ALIGN (0x4)
                0x0000000020000788                __bss_end__ = .

.heap           0x0000000020000788     0x2000
                0x0000000020000788                __HeapBase = .
                0x0000000020000788                __end__ = .
                0x0000000020000788                PROVIDE (end, .)
 *(.heap*)
 .heap          0x0000000020000788     0x2000 _build/nrf52832_xxaa_gcc_startup_nrf52.S.o
                0x0000000020002788                __HeapLimit = .

.stack_dummy    0x0000000020000788     0x2000
 *(.stack*)
 .stack         0x0000000020000788     0x2000 _build/nrf52832_xxaa_gcc_startup_nrf52.S.o
                0x0000000020010000                __StackTop = (ORIGIN (RAM) + LENGTH (RAM))
                0x000000002000e000                __StackLimit = (__StackTop - SIZEOF (.stack_dummy))
                0x0000000020010000                PROVIDE (__stack, __StackTop)
                0x0000000000000001                ASSERT ((__StackLimit >= __HeapLimit), region RAM overflowed with stack)
OUTPUT(_build/nrf52832_xxaa.out elf32-littlearm)

.ARM.attributes
                0x0000000000000000       0x30
 .ARM.attributes
                0x0000000000000000       0x22 /usr/local/gcc-arm-none-eabi-6-2017-q2-update/bin/../lib/gcc/arm-none-eabi/6.3.1/thumb/v7e-m/fpv4-sp/hard/crti.o
 .ARM.attributes
                0x0000000000000022       0x34 /usr/local/gcc-arm-none-eabi-6-2017-q2-update/bin/../lib/gcc/arm-none-eabi/6.3.1/thumb/v7e-m/fpv4-sp/hard/crtbegin.o
 .ARM.attributes
                0x0000000000000056       0x20 /usr/local/gcc-arm-none-eabi-6-2017-q2-update/bin/../lib/gcc/arm-none-eabi/6.3.1/../../../../arm-none-eabi/lib/thumb/v7e-m/fpv4-sp/hard/crt0.o
 .ARM.attributes
                0x0000000000000076       0x34 /usr/local/gcc-arm-none-eabi-6-2017-q2-update/bin/../lib/gcc/arm-none-eabi/6.3.1/../../../../arm-none-eabi/lib/thumb/v7e-m/fpv4-sp/hard/libc_nano.a(lib_a-exit.o)
 .ARM.attributes
                0x00000000000000aa       0x34 /usr/local/gcc-arm-none-eabi-6-2017-q2-update/bin/../lib/gcc/arm-none-eabi/6.3.1/../../../../arm-none-eabi/lib/thumb/v7e-m/fpv4-sp/hard/libc_nano.a(lib_a-impure.o)
 .ARM.attributes
                0x00000000000000de       0x34 /usr/local/gcc-arm-none-eabi-6-2017-q2-update/bin/../lib/gcc/arm-none-eabi/6.3.1/../../../../arm-none-eabi/lib/thumb/v7e-m/fpv4-sp/hard/libc_nano.a(lib_a-init.o)
 .ARM.attributes
                0x0000000000000112       0x34 /usr/local/gcc-arm-none-eabi-6-2017-q2-update/bin/../lib/gcc/arm-none-eabi/6.3.1/../../../../arm-none-eabi/lib/thumb/v7e-m/fpv4-sp/hard/libc_nano.a(lib_a-memset.o)
 .ARM.attributes
                0x0000000000000146       0x34 /usr/local/gcc-arm-none-eabi-6-2017-q2-update/bin/../lib/gcc/arm-none-eabi/6.3.1/../../../../arm-none-eabi/lib/thumb/v7e-m/fpv4-sp/hard/libnosys.a(_exit.o)
 .ARM.attributes
                0x000000000000017a       0x39 _build/nrf52832_xxaa_nrf_log_backend_serial.c.o
 .ARM.attributes
                0x00000000000001b3       0x39 _build/nrf52832_xxaa_nrf_log_frontend.c.o
 .ARM.attributes
                0x00000000000001ec       0x39 _build/nrf52832_xxaa_app_error.c.o
 .ARM.attributes
                0x0000000000000225       0x39 _build/nrf52832_xxaa_app_error_weak.c.o
 .ARM.attributes
                0x000000000000025e       0x39 _build/nrf52832_xxaa_app_util_platform.c.o
 .ARM.attributes
                0x0000000000000297       0x39 _build/nrf52832_xxaa_nrf_drv_common.c.o
 .ARM.attributes
                0x00000000000002d0       0x39 _build/nrf52832_xxaa_nrf_drv_twi.c.o
 .ARM.attributes
                0x0000000000000309       0x39 _build/nrf52832_xxaa_nrf_drv_uart.c.o
 .ARM.attributes
                0x0000000000000342       0x39 _build/nrf52832_xxaa_main.c.o
 .ARM.attributes
                0x000000000000037b       0x1c _build/nrf52832_xxaa_gcc_startup_nrf52.S.o
 .ARM.attributes
                0x0000000000000397       0x39 _build/nrf52832_xxaa_system_nrf52.c.o
 .ARM.attributes
                0x00000000000003d0       0x34 /usr/local/gcc-arm-none-eabi-6-2017-q2-update/bin/../lib/gcc/arm-none-eabi/6.3.1/../../../../arm-none-eabi/lib/thumb/v7e-m/fpv4-sp/hard/libc_nano.a(lib_a-locale.o)
 .ARM.attributes
                0x0000000000000404       0x34 /usr/local/gcc-arm-none-eabi-6-2017-q2-update/bin/../lib/gcc/arm-none-eabi/6.3.1/../../../../arm-none-eabi/lib/thumb/v7e-m/fpv4-sp/hard/libc_nano.a(lib_a-mbtowc_r.o)
 .ARM.attributes
                0x0000000000000438       0x34 /usr/local/gcc-arm-none-eabi-6-2017-q2-update/bin/../lib/gcc/arm-none-eabi/6.3.1/../../../../arm-none-eabi/lib/thumb/v7e-m/fpv4-sp/hard/libc_nano.a(lib_a-memcpy-stub.o)
 .ARM.attributes
                0x000000000000046c       0x34 /usr/local/gcc-arm-none-eabi-6-2017-q2-update/bin/../lib/gcc/arm-none-eabi/6.3.1/../../../../arm-none-eabi/lib/thumb/v7e-m/fpv4-sp/hard/libc_nano.a(lib_a-snprintf.o)
 .ARM.attributes
                0x00000000000004a0       0x1b /usr/local/gcc-arm-none-eabi-6-2017-q2-update/bin/../lib/gcc/arm-none-eabi/6.3.1/../../../../arm-none-eabi/lib/thumb/v7e-m/fpv4-sp/hard/libc_nano.a(lib_a-strlen.o)
 .ARM.attributes
                0x00000000000004bb       0x34 /usr/local/gcc-arm-none-eabi-6-2017-q2-update/bin/../lib/gcc/arm-none-eabi/6.3.1/../../../../arm-none-eabi/lib/thumb/v7e-m/fpv4-sp/hard/libc_nano.a(lib_a-wctomb_r.o)
 .ARM.attributes
                0x00000000000004ef       0x34 /usr/local/gcc-arm-none-eabi-6-2017-q2-update/bin/../lib/gcc/arm-none-eabi/6.3.1/../../../../arm-none-eabi/lib/thumb/v7e-m/fpv4-sp/hard/libc_nano.a(lib_a-ctype_.o)
 .ARM.attributes
                0x0000000000000523       0x34 /usr/local/gcc-arm-none-eabi-6-2017-q2-update/bin/../lib/gcc/arm-none-eabi/6.3.1/../../../../arm-none-eabi/lib/thumb/v7e-m/fpv4-sp/hard/libc_nano.a(lib_a-nano-svfprintf.o)
 .ARM.attributes
                0x0000000000000557       0x34 /usr/local/gcc-arm-none-eabi-6-2017-q2-update/bin/../lib/gcc/arm-none-eabi/6.3.1/../../../../arm-none-eabi/lib/thumb/v7e-m/fpv4-sp/hard/libc_nano.a(lib_a-nano-vfprintf_i.o)
 .ARM.attributes
                0x000000000000058b       0x20 /usr/local/gcc-arm-none-eabi-6-2017-q2-update/bin/../lib/gcc/arm-none-eabi/6.3.1/../../../../arm-none-eabi/lib/thumb/v7e-m/fpv4-sp/hard/libc_nano.a(lib_a-memchr.o)
 .ARM.attributes
                0x00000000000005ab       0x34 /usr/local/gcc-arm-none-eabi-6-2017-q2-update/bin/../lib/gcc/arm-none-eabi/6.3.1/../../../../arm-none-eabi/lib/thumb/v7e-m/fpv4-sp/hard/libc_nano.a(lib_a-memmove.o)
 .ARM.attributes
                0x00000000000005df       0x34 /usr/local/gcc-arm-none-eabi-6-2017-q2-update/bin/../lib/gcc/arm-none-eabi/6.3.1/../../../../arm-none-eabi/lib/thumb/v7e-m/fpv4-sp/hard/libc_nano.a(lib_a-nano-freer.o)
 .ARM.attributes
                0x0000000000000613       0x34 /usr/local/gcc-arm-none-eabi-6-2017-q2-update/bin/../lib/gcc/arm-none-eabi/6.3.1/../../../../arm-none-eabi/lib/thumb/v7e-m/fpv4-sp/hard/libc_nano.a(lib_a-nano-mallocr.o)
 .ARM.attributes
                0x0000000000000647       0x34 /usr/local/gcc-arm-none-eabi-6-2017-q2-update/bin/../lib/gcc/arm-none-eabi/6.3.1/../../../../arm-none-eabi/lib/thumb/v7e-m/fpv4-sp/hard/libc_nano.a(lib_a-nano-reallocr.o)
 .ARM.attributes
                0x000000000000067b       0x34 /usr/local/gcc-arm-none-eabi-6-2017-q2-update/bin/../lib/gcc/arm-none-eabi/6.3.1/../../../../arm-none-eabi/lib/thumb/v7e-m/fpv4-sp/hard/libc_nano.a(lib_a-sbrkr.o)
 .ARM.attributes
                0x00000000000006af       0x34 /usr/local/gcc-arm-none-eabi-6-2017-q2-update/bin/../lib/gcc/arm-none-eabi/6.3.1/../../../../arm-none-eabi/lib/thumb/v7e-m/fpv4-sp/hard/libc_nano.a(lib_a-mlock.o)
 .ARM.attributes
                0x00000000000006e3       0x34 /usr/local/gcc-arm-none-eabi-6-2017-q2-update/bin/../lib/gcc/arm-none-eabi/6.3.1/../../../../arm-none-eabi/lib/thumb/v7e-m/fpv4-sp/hard/libc_nano.a(lib_a-nano-msizer.o)
 .ARM.attributes
                0x0000000000000717       0x34 /usr/local/gcc-arm-none-eabi-6-2017-q2-update/bin/../lib/gcc/arm-none-eabi/6.3.1/../../../../arm-none-eabi/lib/thumb/v7e-m/fpv4-sp/hard/libc_nano.a(lib_a-reent.o)
 .ARM.attributes
                0x000000000000074b       0x34 /usr/local/gcc-arm-none-eabi-6-2017-q2-update/bin/../lib/gcc/arm-none-eabi/6.3.1/thumb/v7e-m/fpv4-sp/hard/crtend.o
 .ARM.attributes
                0x000000000000077f       0x22 /usr/local/gcc-arm-none-eabi-6-2017-q2-update/bin/../lib/gcc/arm-none-eabi/6.3.1/thumb/v7e-m/fpv4-sp/hard/crtn.o
 .ARM.attributes
                0x00000000000007a1       0x34 /usr/local/gcc-arm-none-eabi-6-2017-q2-update/bin/../lib/gcc/arm-none-eabi/6.3.1/../../../../arm-none-eabi/lib/thumb/v7e-m/fpv4-sp/hard/libnosys.a(sbrk.o)

.comment        0x0000000000000000       0x7f
 .comment       0x0000000000000000       0x7f _build/nrf52832_xxaa_nrf_log_backend_serial.c.o
                                         0x80 (size before relaxing)
 .comment       0x000000000000007f       0x80 _build/nrf52832_xxaa_nrf_log_frontend.c.o
 .comment       0x000000000000007f       0x80 _build/nrf52832_xxaa_app_error.c.o
 .comment       0x000000000000007f       0x80 _build/nrf52832_xxaa_app_error_weak.c.o
 .comment       0x000000000000007f       0x80 _build/nrf52832_xxaa_app_util_platform.c.o
 .comment       0x000000000000007f       0x80 _build/nrf52832_xxaa_nrf_drv_common.c.o
 .comment       0x000000000000007f       0x80 _build/nrf52832_xxaa_nrf_drv_twi.c.o
 .comment       0x000000000000007f       0x80 _build/nrf52832_xxaa_nrf_drv_uart.c.o
 .comment       0x000000000000007f       0x80 _build/nrf52832_xxaa_main.c.o
 .comment       0x000000000000007f       0x80 _build/nrf52832_xxaa_system_nrf52.c.o

.debug_frame    0x0000000000000000     0x2380
 .debug_frame   0x0000000000000000       0x28 /usr/local/gcc-arm-none-eabi-6-2017-q2-update/bin/../lib/gcc/arm-none-eabi/6.3.1/../../../../arm-none-eabi/lib/thumb/v7e-m/fpv4-sp/hard/libc_nano.a(lib_a-exit.o)
 .debug_frame   0x0000000000000028       0x2c /usr/local/gcc-arm-none-eabi-6-2017-q2-update/bin/../lib/gcc/arm-none-eabi/6.3.1/../../../../arm-none-eabi/lib/thumb/v7e-m/fpv4-sp/hard/libc_nano.a(lib_a-init.o)
 .debug_frame   0x0000000000000054       0x20 /usr/local/gcc-arm-none-eabi-6-2017-q2-update/bin/../lib/gcc/arm-none-eabi/6.3.1/../../../../arm-none-eabi/lib/thumb/v7e-m/fpv4-sp/hard/libc_nano.a(lib_a-memset.o)
 .debug_frame   0x0000000000000074       0x20 /usr/local/gcc-arm-none-eabi-6-2017-q2-update/bin/../lib/gcc/arm-none-eabi/6.3.1/../../../../arm-none-eabi/lib/thumb/v7e-m/fpv4-sp/hard/libnosys.a(_exit.o)
 .debug_frame   0x0000000000000094      0x1f4 _build/nrf52832_xxaa_nrf_log_backend_serial.c.o
 .debug_frame   0x0000000000000288      0x294 _build/nrf52832_xxaa_nrf_log_frontend.c.o
 .debug_frame   0x000000000000051c       0x80 _build/nrf52832_xxaa_app_error.c.o
 .debug_frame   0x000000000000059c       0x4c _build/nrf52832_xxaa_app_error_weak.c.o
 .debug_frame   0x00000000000005e8      0x10c _build/nrf52832_xxaa_app_util_platform.c.o
 .debug_frame   0x00000000000006f4       0xac _build/nrf52832_xxaa_nrf_drv_common.c.o
 .debug_frame   0x00000000000007a0      0x7e4 _build/nrf52832_xxaa_nrf_drv_twi.c.o
 .debug_frame   0x0000000000000f84      0xcbc _build/nrf52832_xxaa_nrf_drv_uart.c.o
 .debug_frame   0x0000000000001c40      0x17c _build/nrf52832_xxaa_main.c.o
 .debug_frame   0x0000000000001dbc      0x184 _build/nrf52832_xxaa_system_nrf52.c.o
 .debug_frame   0x0000000000001f40       0x68 /usr/local/gcc-arm-none-eabi-6-2017-q2-update/bin/../lib/gcc/arm-none-eabi/6.3.1/../../../../arm-none-eabi/lib/thumb/v7e-m/fpv4-sp/hard/libc_nano.a(lib_a-locale.o)
 .debug_frame   0x0000000000001fa8       0x48 /usr/local/gcc-arm-none-eabi-6-2017-q2-update/bin/../lib/gcc/arm-none-eabi/6.3.1/../../../../arm-none-eabi/lib/thumb/v7e-m/fpv4-sp/hard/libc_nano.a(lib_a-mbtowc_r.o)
 .debug_frame   0x0000000000001ff0       0x28 /usr/local/gcc-arm-none-eabi-6-2017-q2-update/bin/../lib/gcc/arm-none-eabi/6.3.1/../../../../arm-none-eabi/lib/thumb/v7e-m/fpv4-sp/hard/libc_nano.a(lib_a-memcpy-stub.o)
 .debug_frame   0x0000000000002018       0x7c /usr/local/gcc-arm-none-eabi-6-2017-q2-update/bin/../lib/gcc/arm-none-eabi/6.3.1/../../../../arm-none-eabi/lib/thumb/v7e-m/fpv4-sp/hard/libc_nano.a(lib_a-snprintf.o)
 .debug_frame   0x0000000000002094       0x3c /usr/local/gcc-arm-none-eabi-6-2017-q2-update/bin/../lib/gcc/arm-none-eabi/6.3.1/../../../../arm-none-eabi/lib/thumb/v7e-m/fpv4-sp/hard/libc_nano.a(lib_a-wctomb_r.o)
 .debug_frame   0x00000000000020d0       0x90 /usr/local/gcc-arm-none-eabi-6-2017-q2-update/bin/../lib/gcc/arm-none-eabi/6.3.1/../../../../arm-none-eabi/lib/thumb/v7e-m/fpv4-sp/hard/libc_nano.a(lib_a-nano-svfprintf.o)
 .debug_frame   0x0000000000002160       0x60 /usr/local/gcc-arm-none-eabi-6-2017-q2-update/bin/../lib/gcc/arm-none-eabi/6.3.1/../../../../arm-none-eabi/lib/thumb/v7e-m/fpv4-sp/hard/libc_nano.a(lib_a-nano-vfprintf_i.o)
 .debug_frame   0x00000000000021c0       0x28 /usr/local/gcc-arm-none-eabi-6-2017-q2-update/bin/../lib/gcc/arm-none-eabi/6.3.1/../../../../arm-none-eabi/lib/thumb/v7e-m/fpv4-sp/hard/libc_nano.a(lib_a-memmove.o)
 .debug_frame   0x00000000000021e8       0x38 /usr/local/gcc-arm-none-eabi-6-2017-q2-update/bin/../lib/gcc/arm-none-eabi/6.3.1/../../../../arm-none-eabi/lib/thumb/v7e-m/fpv4-sp/hard/libc_nano.a(lib_a-nano-freer.o)
 .debug_frame   0x0000000000002220       0x2c /usr/local/gcc-arm-none-eabi-6-2017-q2-update/bin/../lib/gcc/arm-none-eabi/6.3.1/../../../../arm-none-eabi/lib/thumb/v7e-m/fpv4-sp/hard/libc_nano.a(lib_a-nano-mallocr.o)
 .debug_frame   0x000000000000224c       0x3c /usr/local/gcc-arm-none-eabi-6-2017-q2-update/bin/../lib/gcc/arm-none-eabi/6.3.1/../../../../arm-none-eabi/lib/thumb/v7e-m/fpv4-sp/hard/libc_nano.a(lib_a-nano-reallocr.o)
 .debug_frame   0x0000000000002288       0x2c /usr/local/gcc-arm-none-eabi-6-2017-q2-update/bin/../lib/gcc/arm-none-eabi/6.3.1/../../../../arm-none-eabi/lib/thumb/v7e-m/fpv4-sp/hard/libc_nano.a(lib_a-sbrkr.o)
 .debug_frame   0x00000000000022b4       0x30 /usr/local/gcc-arm-none-eabi-6-2017-q2-update/bin/../lib/gcc/arm-none-eabi/6.3.1/../../../../arm-none-eabi/lib/thumb/v7e-m/fpv4-sp/hard/libc_nano.a(lib_a-mlock.o)
 .debug_frame   0x00000000000022e4       0x20 /usr/local/gcc-arm-none-eabi-6-2017-q2-update/bin/../lib/gcc/arm-none-eabi/6.3.1/../../../../arm-none-eabi/lib/thumb/v7e-m/fpv4-sp/hard/libc_nano.a(lib_a-nano-msizer.o)
 .debug_frame   0x0000000000002304       0x5c /usr/local/gcc-arm-none-eabi-6-2017-q2-update/bin/../lib/gcc/arm-none-eabi/6.3.1/../../../../arm-none-eabi/lib/thumb/v7e-m/fpv4-sp/hard/libc_nano.a(lib_a-reent.o)
 .debug_frame   0x0000000000002360       0x20 /usr/local/gcc-arm-none-eabi-6-2017-q2-update/bin/../lib/gcc/arm-none-eabi/6.3.1/../../../../arm-none-eabi/lib/thumb/v7e-m/fpv4-sp/hard/libnosys.a(sbrk.o)

.debug_info     0x0000000000000000     0xd742
 .debug_info    0x0000000000000000     0x1819 _build/nrf52832_xxaa_nrf_log_backend_serial.c.o
 .debug_info    0x0000000000001819     0x1577 _build/nrf52832_xxaa_nrf_log_frontend.c.o
 .debug_info    0x0000000000002d90      0xb2d _build/nrf52832_xxaa_app_error.c.o
 .debug_info    0x00000000000038bd      0xb54 _build/nrf52832_xxaa_app_error_weak.c.o
 .debug_info    0x0000000000004411      0xf5e _build/nrf52832_xxaa_app_util_platform.c.o
 .debug_info    0x000000000000536f      0xdd3 _build/nrf52832_xxaa_nrf_drv_common.c.o
 .debug_info    0x0000000000006142     0x2465 _build/nrf52832_xxaa_nrf_drv_twi.c.o
 .debug_info    0x00000000000085a7     0x2ed6 _build/nrf52832_xxaa_nrf_drv_uart.c.o
 .debug_info    0x000000000000b47d     0x1524 _build/nrf52832_xxaa_main.c.o
 .debug_info    0x000000000000c9a1      0xda1 _build/nrf52832_xxaa_system_nrf52.c.o

.debug_abbrev   0x0000000000000000     0x1bd9
 .debug_abbrev  0x0000000000000000      0x328 _build/nrf52832_xxaa_nrf_log_backend_serial.c.o
 .debug_abbrev  0x0000000000000328      0x2fa _build/nrf52832_xxaa_nrf_log_frontend.c.o
 .debug_abbrev  0x0000000000000622      0x218 _build/nrf52832_xxaa_app_error.c.o
 .debug_abbrev  0x000000000000083a      0x216 _build/nrf52832_xxaa_app_error_weak.c.o
 .debug_abbrev  0x0000000000000a50      0x30b _build/nrf52832_xxaa_app_util_platform.c.o
 .debug_abbrev  0x0000000000000d5b      0x245 _build/nrf52832_xxaa_nrf_drv_common.c.o
 .debug_abbrev  0x0000000000000fa0      0x3cc _build/nrf52832_xxaa_nrf_drv_twi.c.o
 .debug_abbrev  0x000000000000136c      0x37a _build/nrf52832_xxaa_nrf_drv_uart.c.o
 .debug_abbrev  0x00000000000016e6      0x314 _build/nrf52832_xxaa_main.c.o
 .debug_abbrev  0x00000000000019fa      0x1df _build/nrf52832_xxaa_system_nrf52.c.o

.debug_aranges  0x0000000000000000      0x760
 .debug_aranges
                0x0000000000000000       0x80 _build/nrf52832_xxaa_nrf_log_backend_serial.c.o
 .debug_aranges
                0x0000000000000080       0xa8 _build/nrf52832_xxaa_nrf_log_frontend.c.o
 .debug_aranges
                0x0000000000000128       0x30 _build/nrf52832_xxaa_app_error.c.o
 .debug_aranges
                0x0000000000000158       0x28 _build/nrf52832_xxaa_app_error_weak.c.o
 .debug_aranges
                0x0000000000000180       0x50 _build/nrf52832_xxaa_app_util_platform.c.o
 .debug_aranges
                0x00000000000001d0       0x38 _build/nrf52832_xxaa_nrf_drv_common.c.o
 .debug_aranges
                0x0000000000000208      0x1b8 _build/nrf52832_xxaa_nrf_drv_twi.c.o
 .debug_aranges
                0x00000000000003c0      0x2c0 _build/nrf52832_xxaa_nrf_drv_uart.c.o
 .debug_aranges
                0x0000000000000680       0x68 _build/nrf52832_xxaa_main.c.o
 .debug_aranges
                0x00000000000006e8       0x78 _build/nrf52832_xxaa_system_nrf52.c.o

.debug_ranges   0x0000000000000000      0x6d8
 .debug_ranges  0x0000000000000000       0x70 _build/nrf52832_xxaa_nrf_log_backend_serial.c.o
 .debug_ranges  0x0000000000000070       0xb0 _build/nrf52832_xxaa_nrf_log_frontend.c.o
 .debug_ranges  0x0000000000000120       0x20 _build/nrf52832_xxaa_app_error.c.o
 .debug_ranges  0x0000000000000140       0x18 _build/nrf52832_xxaa_app_error_weak.c.o
 .debug_ranges  0x0000000000000158       0x40 _build/nrf52832_xxaa_app_util_platform.c.o
 .debug_ranges  0x0000000000000198       0x28 _build/nrf52832_xxaa_nrf_drv_common.c.o
 .debug_ranges  0x00000000000001c0      0x1a8 _build/nrf52832_xxaa_nrf_drv_twi.c.o
 .debug_ranges  0x0000000000000368      0x2b0 _build/nrf52832_xxaa_nrf_drv_uart.c.o
 .debug_ranges  0x0000000000000618       0x58 _build/nrf52832_xxaa_main.c.o
 .debug_ranges  0x0000000000000670       0x68 _build/nrf52832_xxaa_system_nrf52.c.o

.debug_macro    0x0000000000000000    0x14141
 .debug_macro   0x0000000000000000      0x32c _build/nrf52832_xxaa_nrf_log_backend_serial.c.o
 .debug_macro   0x000000000000032c      0x8f8 _build/nrf52832_xxaa_nrf_log_backend_serial.c.o
 .debug_macro   0x0000000000000c24       0x22 _build/nrf52832_xxaa_nrf_log_backend_serial.c.o
 .debug_macro   0x0000000000000c46       0x4f _build/nrf52832_xxaa_nrf_log_backend_serial.c.o
 .debug_macro   0x0000000000000c95       0x51 _build/nrf52832_xxaa_nrf_log_backend_serial.c.o
 .debug_macro   0x0000000000000ce6       0xef _build/nrf52832_xxaa_nrf_log_backend_serial.c.o
 .debug_macro   0x0000000000000dd5       0x6a _build/nrf52832_xxaa_nrf_log_backend_serial.c.o
 .debug_macro   0x0000000000000e3f      0x1df _build/nrf52832_xxaa_nrf_log_backend_serial.c.o
 .debug_macro   0x000000000000101e       0x22 _build/nrf52832_xxaa_nrf_log_backend_serial.c.o
 .debug_macro   0x0000000000001040       0x58 _build/nrf52832_xxaa_nrf_log_backend_serial.c.o
 .debug_macro   0x0000000000001098       0x35 _build/nrf52832_xxaa_nrf_log_backend_serial.c.o
 .debug_macro   0x00000000000010cd       0x9c _build/nrf52832_xxaa_nrf_log_backend_serial.c.o
 .debug_macro   0x0000000000001169      0x16d _build/nrf52832_xxaa_nrf_log_backend_serial.c.o
 .debug_macro   0x00000000000012d6       0x58 _build/nrf52832_xxaa_nrf_log_backend_serial.c.o
 .debug_macro   0x000000000000132e       0x1f _build/nrf52832_xxaa_nrf_log_backend_serial.c.o
 .debug_macro   0x000000000000134d       0x43 _build/nrf52832_xxaa_nrf_log_backend_serial.c.o
 .debug_macro   0x0000000000001390       0x20 _build/nrf52832_xxaa_nrf_log_backend_serial.c.o
 .debug_macro   0x00000000000013b0      0x187 _build/nrf52832_xxaa_nrf_log_backend_serial.c.o
 .debug_macro   0x0000000000001537      0x353 _build/nrf52832_xxaa_nrf_log_backend_serial.c.o
 .debug_macro   0x000000000000188a       0x10 _build/nrf52832_xxaa_nrf_log_backend_serial.c.o
 .debug_macro   0x000000000000189a       0x35 _build/nrf52832_xxaa_nrf_log_backend_serial.c.o
 .debug_macro   0x00000000000018cf      0x137 _build/nrf52832_xxaa_nrf_log_backend_serial.c.o
 .debug_macro   0x0000000000001a06      0x16d _build/nrf52832_xxaa_nrf_log_backend_serial.c.o
 .debug_macro   0x0000000000001b73       0x2e _build/nrf52832_xxaa_nrf_log_backend_serial.c.o
 .debug_macro   0x0000000000001ba1       0x22 _build/nrf52832_xxaa_nrf_log_backend_serial.c.o
 .debug_macro   0x0000000000001bc3       0x8e _build/nrf52832_xxaa_nrf_log_backend_serial.c.o
 .debug_macro   0x0000000000001c51       0x78 _build/nrf52832_xxaa_nrf_log_backend_serial.c.o
 .debug_macro   0x0000000000001cc9       0x22 _build/nrf52832_xxaa_nrf_log_backend_serial.c.o
 .debug_macro   0x0000000000001ceb       0x2d _build/nrf52832_xxaa_nrf_log_backend_serial.c.o
 .debug_macro   0x0000000000001d18       0x3b _build/nrf52832_xxaa_nrf_log_backend_serial.c.o
 .debug_macro   0x0000000000001d53       0x50 _build/nrf52832_xxaa_nrf_log_backend_serial.c.o
 .debug_macro   0x0000000000001da3      0xe66 _build/nrf52832_xxaa_nrf_log_backend_serial.c.o
 .debug_macro   0x0000000000002c09      0x392 _build/nrf52832_xxaa_nrf_log_backend_serial.c.o
 .debug_macro   0x0000000000002f9b     0xcc8d _build/nrf52832_xxaa_nrf_log_backend_serial.c.o
 .debug_macro   0x000000000000fc28     0x1313 _build/nrf52832_xxaa_nrf_log_backend_serial.c.o
 .debug_macro   0x0000000000010f3b       0x82 _build/nrf52832_xxaa_nrf_log_backend_serial.c.o
 .debug_macro   0x0000000000010fbd      0x491 _build/nrf52832_xxaa_nrf_log_backend_serial.c.o
 .debug_macro   0x000000000001144e       0x4b _build/nrf52832_xxaa_nrf_log_backend_serial.c.o
 .debug_macro   0x0000000000011499       0x1c _build/nrf52832_xxaa_nrf_log_backend_serial.c.o
 .debug_macro   0x00000000000114b5       0x10 _build/nrf52832_xxaa_nrf_log_backend_serial.c.o
 .debug_macro   0x00000000000114c5       0x10 _build/nrf52832_xxaa_nrf_log_backend_serial.c.o
 .debug_macro   0x00000000000114d5       0xb6 _build/nrf52832_xxaa_nrf_log_backend_serial.c.o
 .debug_macro   0x000000000001158b       0x16 _build/nrf52832_xxaa_nrf_log_backend_serial.c.o
 .debug_macro   0x00000000000115a1      0x145 _build/nrf52832_xxaa_nrf_log_backend_serial.c.o
 .debug_macro   0x00000000000116e6       0x2b _build/nrf52832_xxaa_nrf_log_backend_serial.c.o
 .debug_macro   0x0000000000011711       0x10 _build/nrf52832_xxaa_nrf_log_backend_serial.c.o
 .debug_macro   0x0000000000011721       0x7f _build/nrf52832_xxaa_nrf_log_backend_serial.c.o
 .debug_macro   0x00000000000117a0       0x28 _build/nrf52832_xxaa_nrf_log_backend_serial.c.o
 .debug_macro   0x00000000000117c8       0x22 _build/nrf52832_xxaa_nrf_log_backend_serial.c.o
 .debug_macro   0x00000000000117ea       0x52 _build/nrf52832_xxaa_nrf_log_backend_serial.c.o
 .debug_macro   0x000000000001183c       0x9c _build/nrf52832_xxaa_nrf_log_backend_serial.c.o
 .debug_macro   0x00000000000118d8      0x2a4 _build/nrf52832_xxaa_nrf_log_backend_serial.c.o
 .debug_macro   0x0000000000011b7c       0x10 _build/nrf52832_xxaa_nrf_log_backend_serial.c.o
 .debug_macro   0x0000000000011b8c       0x43 _build/nrf52832_xxaa_nrf_log_backend_serial.c.o
 .debug_macro   0x0000000000011bcf      0x318 _build/nrf52832_xxaa_nrf_log_frontend.c.o
 .debug_macro   0x0000000000011ee7       0x22 _build/nrf52832_xxaa_nrf_log_frontend.c.o
 .debug_macro   0x0000000000011f09      0x16a _build/nrf52832_xxaa_nrf_log_frontend.c.o
 .debug_macro   0x0000000000012073       0x5e _build/nrf52832_xxaa_nrf_log_frontend.c.o
 .debug_macro   0x00000000000120d1       0x2e _build/nrf52832_xxaa_nrf_log_frontend.c.o
 .debug_macro   0x00000000000120ff      0x2d4 _build/nrf52832_xxaa_app_error.c.o
 .debug_macro   0x00000000000123d3       0x16 _build/nrf52832_xxaa_app_error.c.o
 .debug_macro   0x00000000000123e9      0x497 _build/nrf52832_xxaa_app_error.c.o
 .debug_macro   0x0000000000012880      0x164 _build/nrf52832_xxaa_app_error.c.o
 .debug_macro   0x00000000000129e4       0x16 _build/nrf52832_xxaa_app_error.c.o
 .debug_macro   0x00000000000129fa      0x2ce _build/nrf52832_xxaa_app_error_weak.c.o
 .debug_macro   0x0000000000012cc8      0x245 _build/nrf52832_xxaa_app_util_platform.c.o
 .debug_macro   0x0000000000012f0d      0x2af _build/nrf52832_xxaa_nrf_drv_common.c.o
 .debug_macro   0x00000000000131bc       0x22 _build/nrf52832_xxaa_nrf_drv_common.c.o
 .debug_macro   0x00000000000131de      0x3ed _build/nrf52832_xxaa_nrf_drv_twi.c.o
 .debug_macro   0x00000000000135cb       0x69 _build/nrf52832_xxaa_nrf_drv_twi.c.o
 .debug_macro   0x0000000000013634       0x16 _build/nrf52832_xxaa_nrf_drv_twi.c.o
 .debug_macro   0x000000000001364a       0x16 _build/nrf52832_xxaa_nrf_drv_twi.c.o
 .debug_macro   0x0000000000013660      0x38e _build/nrf52832_xxaa_nrf_drv_uart.c.o
 .debug_macro   0x00000000000139ee       0x28 _build/nrf52832_xxaa_nrf_drv_uart.c.o
 .debug_macro   0x0000000000013a16      0x538 _build/nrf52832_xxaa_main.c.o
 .debug_macro   0x0000000000013f4e       0x52 _build/nrf52832_xxaa_main.c.o
 .debug_macro   0x0000000000013fa0       0x55 _build/nrf52832_xxaa_main.c.o
 .debug_macro   0x0000000000013ff5       0x57 _build/nrf52832_xxaa_main.c.o
 .debug_macro   0x000000000001404c       0xf5 _build/nrf52832_xxaa_system_nrf52.c.o

.debug_line     0x0000000000000000     0x5cf3
 .debug_line    0x0000000000000000      0x986 _build/nrf52832_xxaa_nrf_log_backend_serial.c.o
 .debug_line    0x0000000000000986      0x935 _build/nrf52832_xxaa_nrf_log_frontend.c.o
 .debug_line    0x00000000000012bb      0x72e _build/nrf52832_xxaa_app_error.c.o
 .debug_line    0x00000000000019e9      0x72c _build/nrf52832_xxaa_app_error_weak.c.o
 .debug_line    0x0000000000002115      0x60f _build/nrf52832_xxaa_app_util_platform.c.o
 .debug_line    0x0000000000002724      0x6ba _build/nrf52832_xxaa_nrf_drv_common.c.o
 .debug_line    0x0000000000002dde      0xe58 _build/nrf52832_xxaa_nrf_drv_twi.c.o
 .debug_line    0x0000000000003c36     0x1198 _build/nrf52832_xxaa_nrf_drv_uart.c.o
 .debug_line    0x0000000000004dce      0x9df _build/nrf52832_xxaa_main.c.o
 .debug_line    0x00000000000057ad      0x546 _build/nrf52832_xxaa_system_nrf52.c.o

.debug_str      0x0000000000000000    0x6c567
 .debug_str     0x0000000000000000    0x65b86 _build/nrf52832_xxaa_nrf_log_backend_serial.c.o
                                      0x66790 (size before relaxing)
 .debug_str     0x0000000000065b86     0x1cd3 _build/nrf52832_xxaa_nrf_log_frontend.c.o
                                      0x66bd4 (size before relaxing)
 .debug_str     0x0000000000067859      0x11c _build/nrf52832_xxaa_app_error.c.o
                                      0x665c7 (size before relaxing)
 .debug_str     0x0000000000067975       0xdd _build/nrf52832_xxaa_app_error_weak.c.o
                                      0x6655f (size before relaxing)
 .debug_str     0x0000000000067a52      0x3fb _build/nrf52832_xxaa_app_util_platform.c.o
                                      0x60b3b (size before relaxing)
 .debug_str     0x0000000000067e4d      0x203 _build/nrf52832_xxaa_nrf_drv_common.c.o
                                      0x65656 (size before relaxing)
 .debug_str     0x0000000000068050     0x1a18 _build/nrf52832_xxaa_nrf_drv_twi.c.o
                                      0x68ada (size before relaxing)
 .debug_str     0x0000000000069a68     0x10a5 _build/nrf52832_xxaa_nrf_drv_uart.c.o
                                      0x68cd3 (size before relaxing)
 .debug_str     0x000000000006ab0d     0x16b5 _build/nrf52832_xxaa_main.c.o
                                      0x68e5f (size before relaxing)
 .debug_str     0x000000000006c1c2      0x3a5 _build/nrf52832_xxaa_system_nrf52.c.o
                                      0x5bb10 (size before relaxing)
